          <idle>-0     [002] dnh.  4785.590649: sched_wakeup: comm=kworker/u8:2 pid=1386 prio=120 target_cpu=002
          <idle>-0     [002] d...  4785.590660: sched_switch: prev_comm=swapper/2 prev_pid=0 prev_prio=120 prev_state=R ==> next_comm=kworker/u8:2 next_pid=1386 next_prio=120
    kworker/u8:2-1386  [002] d...  4785.590725: sched_switch: prev_comm=kworker/u8:2 prev_pid=1386 prev_prio=120 prev_state=D ==> next_comm=swapper/2 next_pid=0 next_prio=120
          <idle>-0     [002] dnh.  4785.590744: sched_wakeup: comm=kworker/u8:2 pid=1386 prio=120 target_cpu=002
          <idle>-0     [002] d...  4785.590755: sched_switch: prev_comm=swapper/2 prev_pid=0 prev_prio=120 prev_state=R ==> next_comm=kworker/u8:2 next_pid=1386 next_prio=120
    kworker/u8:2-1386  [002] d...  4785.590770: sched_switch: prev_comm=kworker/u8:2 prev_pid=1386 prev_prio=120 prev_state=I ==> next_comm=swapper/2 next_pid=0 next_prio=120
          <idle>-0     [002] dns.  4785.607339: sched_wakeup: comm=brcmf_wdog/mmc1 pid=239 prio=120 target_cpu=002
          <idle>-0     [002] d...  4785.607366: sched_switch: prev_comm=swapper/2 prev_pid=0 prev_prio=120 prev_state=R ==> next_comm=brcmf_wdog/mmc1 next_pid=239 next_prio=120
 brcmf_wdog/mmc1-239   [002] d...  4785.607376: sched_switch: prev_comm=brcmf_wdog/mmc1 prev_pid=239 prev_prio=120 prev_state=S ==> next_comm=swapper/2 next_pid=0 next_prio=120
          <idle>-0     [002] dns.  4785.627340: sched_wakeup: comm=brcmf_wdog/mmc1 pid=239 prio=120 target_cpu=002
          <idle>-0     [002] d...  4785.627366: sched_switch: prev_comm=swapper/2 prev_pid=0 prev_prio=120 prev_state=R ==> next_comm=brcmf_wdog/mmc1 next_pid=239 next_prio=120
 brcmf_wdog/mmc1-239   [002] d...  4785.627398: sched_switch: prev_comm=brcmf_wdog/mmc1 prev_pid=239 prev_prio=120 prev_state=D ==> next_comm=swapper/2 next_pid=0 next_prio=120
          <idle>-0     [002] dnh.  4785.627416: sched_wakeup: comm=brcmf_wdog/mmc1 pid=239 prio=120 target_cpu=002
          <idle>-0     [002] d...  4785.627427: sched_switch: prev_comm=swapper/2 prev_pid=0 prev_prio=120 prev_state=R ==> next_comm=brcmf_wdog/mmc1 next_pid=239 next_prio=120
 brcmf_wdog/mmc1-239   [002] d...  4785.627442: sched_switch: prev_comm=brcmf_wdog/mmc1 prev_pid=239 prev_prio=120 prev_state=D ==> next_comm=swapper/2 next_pid=0 next_prio=120
          <idle>-0     [002] dnh.  4785.627458: sched_wakeup: comm=brcmf_wdog/mmc1 pid=239 prio=120 target_cpu=002
          <idle>-0     [002] d...  4785.627468: sched_switch: prev_comm=swapper/2 prev_pid=0 prev_prio=120 prev_state=R ==> next_comm=brcmf_wdog/mmc1 next_pid=239 next_prio=120
 brcmf_wdog/mmc1-239   [002] d...  4785.627484: sched_switch: prev_comm=brcmf_wdog/mmc1 prev_pid=239 prev_prio=120 prev_state=D ==> next_comm=swapper/2 next_pid=0 next_prio=120
          <idle>-0     [002] dnh.  4785.627500: sched_wakeup: comm=brcmf_wdog/mmc1 pid=239 prio=120 target_cpu=002
          <idle>-0     [002] d...  4785.627510: sched_switch: prev_comm=swapper/2 prev_pid=0 prev_prio=120 prev_state=R ==> next_comm=brcmf_wdog/mmc1 next_pid=239 next_prio=120
 brcmf_wdog/mmc1-239   [002] d...  4785.627521: sched_switch: prev_comm=brcmf_wdog/mmc1 prev_pid=239 prev_prio=120 prev_state=S ==> next_comm=swapper/2 next_pid=0 next_prio=120
          <idle>-0     [000] dnh.  4785.704335: sched_wakeup: comm=rngd pid=362 prio=120 target_cpu=000
          <idle>-0     [000] dnh.  4785.704352: sched_wakeup: comm=kworker/0:1 pid=31 prio=120 target_cpu=000
          <idle>-0     [000] d...  4785.704367: sched_switch: prev_comm=swapper/0 prev_pid=0 prev_prio=120 prev_state=R ==> next_comm=kworker/0:1 next_pid=31 next_prio=120
     kworker/0:1-31    [000] d...  4785.704389: sched_switch: prev_comm=kworker/0:1 prev_pid=31 prev_prio=120 prev_state=I ==> next_comm=rngd next_pid=362 next_prio=120
            rngd-362   [000] d...  4785.704419: sched_switch: prev_comm=rngd prev_pid=362 prev_prio=120 prev_state=S ==> next_comm=swapper/0 next_pid=0 next_prio=120
          <idle>-0     [000] dnh.  4785.714867: sched_wakeup: comm=lxpanel pid=648 prio=120 target_cpu=000
          <idle>-0     [000] d...  4785.714884: sched_switch: prev_comm=swapper/0 prev_pid=0 prev_prio=120 prev_state=R ==> next_comm=lxpanel next_pid=648 next_prio=120
         lxpanel-648   [000] d...  4785.714981: sched_switch: prev_comm=lxpanel prev_pid=648 prev_prio=120 prev_state=S ==> next_comm=swapper/0 next_pid=0 next_prio=120
          <idle>-0     [002] dnh.  4785.765834: sched_wakeup: comm=irq/86-mmc1 pid=80 prio=49 target_cpu=002
          <idle>-0     [002] d...  4785.765847: sched_switch: prev_comm=swapper/2 prev_pid=0 prev_prio=120 prev_state=R ==> next_comm=irq/86-mmc1 next_pid=80 next_prio=49
     irq/86-mmc1-80    [002] d...  4785.765877: sched_switch: prev_comm=irq/86-mmc1 prev_pid=80 prev_prio=49 prev_state=D ==> next_comm=swapper/2 next_pid=0 next_prio=120
          <idle>-0     [002] dnh.  4785.765886: sched_wakeup: comm=irq/86-mmc1 pid=80 prio=49 target_cpu=002
          <idle>-0     [002] d...  4785.765893: sched_switch: prev_comm=swapper/2 prev_pid=0 prev_prio=120 prev_state=R ==> next_comm=irq/86-mmc1 next_pid=80 next_prio=49
     irq/86-mmc1-80    [002] d...  4785.765917: sched_switch: prev_comm=irq/86-mmc1 prev_pid=80 prev_prio=49 prev_state=D ==> next_comm=swapper/2 next_pid=0 next_prio=120
          <idle>-0     [002] dnh.  4785.765934: sched_wakeup: comm=irq/86-mmc1 pid=80 prio=49 target_cpu=002
          <idle>-0     [002] d...  4785.765945: sched_switch: prev_comm=swapper/2 prev_pid=0 prev_prio=120 prev_state=R ==> next_comm=irq/86-mmc1 next_pid=80 next_prio=49
     irq/86-mmc1-80    [002] d...  4785.765968: sched_switch: prev_comm=irq/86-mmc1 prev_pid=80 prev_prio=49 prev_state=D ==> next_comm=swapper/2 next_pid=0 next_prio=120
          <idle>-0     [002] dnh.  4785.765984: sched_wakeup: comm=irq/86-mmc1 pid=80 prio=49 target_cpu=002
          <idle>-0     [002] d...  4785.765994: sched_switch: prev_comm=swapper/2 prev_pid=0 prev_prio=120 prev_state=R ==> next_comm=irq/86-mmc1 next_pid=80 next_prio=49
     irq/86-mmc1-80    [002] d...  4785.766006: sched_wakeup: comm=kworker/u8:2 pid=1386 prio=120 target_cpu=002
     irq/86-mmc1-80    [002] d...  4785.766021: sched_switch: prev_comm=irq/86-mmc1 prev_pid=80 prev_prio=49 prev_state=S ==> next_comm=kworker/u8:2 next_pid=1386 next_prio=120
    kworker/u8:2-1386  [002] d...  4785.766049: sched_switch: prev_comm=kworker/u8:2 prev_pid=1386 prev_prio=120 prev_state=D ==> next_comm=swapper/2 next_pid=0 next_prio=120
          <idle>-0     [002] dnh.  4785.766066: sched_wakeup: comm=kworker/u8:2 pid=1386 prio=120 target_cpu=002
          <idle>-0     [002] d...  4785.766077: sched_switch: prev_comm=swapper/2 prev_pid=0 prev_prio=120 prev_state=R ==> next_comm=kworker/u8:2 next_pid=1386 next_prio=120
    kworker/u8:2-1386  [002] d...  4785.766087: sched_switch: prev_comm=kworker/u8:2 prev_pid=1386 prev_prio=120 prev_state=D ==> next_comm=swapper/2 next_pid=0 next_prio=120
          <idle>-0     [002] dnh.  4785.769091: sched_wakeup: comm=kworker/u8:2 pid=1386 prio=120 target_cpu=002
          <idle>-0     [002] d...  4785.769105: sched_switch: prev_comm=swapper/2 prev_pid=0 prev_prio=120 prev_state=R ==> next_comm=kworker/u8:2 next_pid=1386 next_prio=120
    kworker/u8:2-1386  [002] d...  4785.769120: sched_switch: prev_comm=kworker/u8:2 prev_pid=1386 prev_prio=120 prev_state=D ==> next_comm=swapper/2 next_pid=0 next_prio=120
          <idle>-0     [002] dnh.  4785.769136: sched_wakeup: comm=kworker/u8:2 pid=1386 prio=120 target_cpu=002
          <idle>-0     [002] d...  4785.769146: sched_switch: prev_comm=swapper/2 prev_pid=0 prev_prio=120 prev_state=R ==> next_comm=kworker/u8:2 next_pid=1386 next_prio=120
    kworker/u8:2-1386  [002] d...  4785.769179: sched_switch: prev_comm=kworker/u8:2 prev_pid=1386 prev_prio=120 prev_state=D ==> next_comm=swapper/2 next_pid=0 next_prio=120
          <idle>-0     [002] dnh.  4785.769196: sched_wakeup: comm=kworker/u8:2 pid=1386 prio=120 target_cpu=002
          <idle>-0     [002] d...  4785.769206: sched_switch: prev_comm=swapper/2 prev_pid=0 prev_prio=120 prev_state=R ==> next_comm=kworker/u8:2 next_pid=1386 next_prio=120
    kworker/u8:2-1386  [002] d...  4785.769233: sched_switch: prev_comm=kworker/u8:2 prev_pid=1386 prev_prio=120 prev_state=D ==> next_comm=swapper/2 next_pid=0 next_prio=120
          <idle>-0     [002] dnh.  4785.769250: sched_wakeup: comm=kworker/u8:2 pid=1386 prio=120 target_cpu=002
          <idle>-0     [002] d...  4785.769261: sched_switch: prev_comm=swapper/2 prev_pid=0 prev_prio=120 prev_state=R ==> next_comm=kworker/u8:2 next_pid=1386 next_prio=120
    kworker/u8:2-1386  [002] d.s.  4785.769294: sched_wakeup: comm=sshd pid=887 prio=120 target_cpu=002
    kworker/u8:2-1386  [002] d...  4785.769328: sched_switch: prev_comm=kworker/u8:2 prev_pid=1386 prev_prio=120 prev_state=D ==> next_comm=sshd next_pid=887 next_prio=120
            sshd-887   [002] d.h.  4785.769342: sched_wakeup: comm=kworker/u8:2 pid=1386 prio=120 target_cpu=002
          <idle>-0     [000] dnh.  4785.769456: sched_wakeup: comm=kworker/u8:3 pid=1409 prio=120 target_cpu=000
          <idle>-0     [000] d...  4785.769470: sched_switch: prev_comm=swapper/0 prev_pid=0 prev_prio=120 prev_state=R ==> next_comm=kworker/u8:3 next_pid=1409 next_prio=120
            sshd-887   [002] d...  4785.769482: sched_switch: prev_comm=sshd prev_pid=887 prev_prio=120 prev_state=S ==> next_comm=kworker/u8:2 next_pid=1386 next_prio=120
    kworker/u8:3-1409  [000] d...  4785.769486: sched_wakeup: comm=bash pid=918 prio=120 target_cpu=000
    kworker/u8:3-1409  [000] d...  4785.769498: sched_switch: prev_comm=kworker/u8:3 prev_pid=1409 prev_prio=120 prev_state=I ==> next_comm=bash next_pid=918 next_prio=120
    kworker/u8:2-1386  [002] d...  4785.769506: sched_switch: prev_comm=kworker/u8:2 prev_pid=1386 prev_prio=120 prev_state=I ==> next_comm=swapper/2 next_pid=0 next_prio=120
          <idle>-0     [002] dnh.  4785.769571: sched_wakeup: comm=kworker/u8:2 pid=1386 prio=120 target_cpu=002
          <idle>-0     [002] d...  4785.769583: sched_switch: prev_comm=swapper/2 prev_pid=0 prev_prio=120 prev_state=R ==> next_comm=kworker/u8:2 next_pid=1386 next_prio=120
            bash-918   [000] d...  4785.769587: sched_switch: prev_comm=bash prev_pid=918 prev_prio=120 prev_state=S ==> next_comm=swapper/0 next_pid=0 next_prio=120
    kworker/u8:2-1386  [002] d...  4785.769597: sched_wakeup: comm=sshd pid=887 prio=120 target_cpu=002
    kworker/u8:2-1386  [002] d...  4785.769608: sched_switch: prev_comm=kworker/u8:2 prev_pid=1386 prev_prio=120 prev_state=I ==> next_comm=sshd next_pid=887 next_prio=120
            sshd-887   [002] d...  4785.769733: sched_wakeup: comm=kworker/u8:2 pid=1386 prio=120 target_cpu=002
            sshd-887   [002] d...  4785.769771: sched_switch: prev_comm=sshd prev_pid=887 prev_prio=120 prev_state=S ==> next_comm=kworker/u8:2 next_pid=1386 next_prio=120
    kworker/u8:2-1386  [002] d...  4785.769823: sched_switch: prev_comm=kworker/u8:2 prev_pid=1386 prev_prio=120 prev_state=D ==> next_comm=swapper/2 next_pid=0 next_prio=120
          <idle>-0     [002] dnh.  4785.769843: sched_wakeup: comm=kworker/u8:2 pid=1386 prio=120 target_cpu=002
          <idle>-0     [002] d...  4785.769854: sched_switch: prev_comm=swapper/2 prev_pid=0 prev_prio=120 prev_state=R ==> next_comm=kworker/u8:2 next_pid=1386 next_prio=120
    kworker/u8:2-1386  [002] d...  4785.769871: sched_switch: prev_comm=kworker/u8:2 prev_pid=1386 prev_prio=120 prev_state=I ==> next_comm=swapper/2 next_pid=0 next_prio=120
          <idle>-0     [002] dns.  4785.787360: sched_wakeup: comm=brcmf_wdog/mmc1 pid=239 prio=120 target_cpu=002
          <idle>-0     [002] d...  4785.787390: sched_switch: prev_comm=swapper/2 prev_pid=0 prev_prio=120 prev_state=R ==> next_comm=brcmf_wdog/mmc1 next_pid=239 next_prio=120
 brcmf_wdog/mmc1-239   [002] d...  4785.787400: sched_switch: prev_comm=brcmf_wdog/mmc1 prev_pid=239 prev_prio=120 prev_state=S ==> next_comm=swapper/2 next_pid=0 next_prio=120
          <idle>-0     [002] dns.  4785.807360: sched_wakeup: comm=brcmf_wdog/mmc1 pid=239 prio=120 target_cpu=002
          <idle>-0     [002] dnH.  4785.807370: sched_wakeup: comm=kworker/2:2 pid=1413 prio=120 target_cpu=002
          <idle>-0     [002] d...  4785.807397: sched_switch: prev_comm=swapper/2 prev_pid=0 prev_prio=120 prev_state=R ==> next_comm=kworker/2:2 next_pid=1413 next_prio=120
     kworker/2:2-1413  [002] d...  4785.807418: sched_switch: prev_comm=kworker/2:2 prev_pid=1413 prev_prio=120 prev_state=I ==> next_comm=brcmf_wdog/mmc1 next_pid=239 next_prio=120
 brcmf_wdog/mmc1-239   [002] d...  4785.807444: sched_switch: prev_comm=brcmf_wdog/mmc1 prev_pid=239 prev_prio=120 prev_state=D ==> next_comm=swapper/2 next_pid=0 next_prio=120
          <idle>-0     [002] dnh.  4785.807458: sched_wakeup: comm=brcmf_wdog/mmc1 pid=239 prio=120 target_cpu=002
          <idle>-0     [002] d...  4785.807465: sched_switch: prev_comm=swapper/2 prev_pid=0 prev_prio=120 prev_state=R ==> next_comm=brcmf_wdog/mmc1 next_pid=239 next_prio=120
 brcmf_wdog/mmc1-239   [002] d...  4785.807480: sched_switch: prev_comm=brcmf_wdog/mmc1 prev_pid=239 prev_prio=120 prev_state=D ==> next_comm=swapper/2 next_pid=0 next_prio=120
          <idle>-0     [002] dnh.  4785.807493: sched_wakeup: comm=brcmf_wdog/mmc1 pid=239 prio=120 target_cpu=002
          <idle>-0     [002] d...  4785.807499: sched_switch: prev_comm=swapper/2 prev_pid=0 prev_prio=120 prev_state=R ==> next_comm=brcmf_wdog/mmc1 next_pid=239 next_prio=120
 brcmf_wdog/mmc1-239   [002] d...  4785.807513: sched_switch: prev_comm=brcmf_wdog/mmc1 prev_pid=239 prev_prio=120 prev_state=D ==> next_comm=swapper/2 next_pid=0 next_prio=120
          <idle>-0     [002] dnh.  4785.807525: sched_wakeup: comm=brcmf_wdog/mmc1 pid=239 prio=120 target_cpu=002
          <idle>-0     [002] d...  4785.807532: sched_switch: prev_comm=swapper/2 prev_pid=0 prev_prio=120 prev_state=R ==> next_comm=brcmf_wdog/mmc1 next_pid=239 next_prio=120
 brcmf_wdog/mmc1-239   [002] d...  4785.807542: sched_switch: prev_comm=brcmf_wdog/mmc1 prev_pid=239 prev_prio=120 prev_state=S ==> next_comm=swapper/2 next_pid=0 next_prio=120
          <idle>-0     [002] dnh.  4785.818178: sched_wakeup: comm=irq/86-mmc1 pid=80 prio=49 target_cpu=002
          <idle>-0     [002] d...  4785.818190: sched_switch: prev_comm=swapper/2 prev_pid=0 prev_prio=120 prev_state=R ==> next_comm=irq/86-mmc1 next_pid=80 next_prio=49
     irq/86-mmc1-80    [002] d...  4785.818211: sched_switch: prev_comm=irq/86-mmc1 prev_pid=80 prev_prio=49 prev_state=D ==> next_comm=swapper/2 next_pid=0 next_prio=120
          <idle>-0     [002] dnh.  4785.818227: sched_wakeup: comm=irq/86-mmc1 pid=80 prio=49 target_cpu=002
          <idle>-0     [002] d...  4785.818237: sched_switch: prev_comm=swapper/2 prev_pid=0 prev_prio=120 prev_state=R ==> next_comm=irq/86-mmc1 next_pid=80 next_prio=49
     irq/86-mmc1-80    [002] d...  4785.818262: sched_switch: prev_comm=irq/86-mmc1 prev_pid=80 prev_prio=49 prev_state=D ==> next_comm=swapper/2 next_pid=0 next_prio=120
          <idle>-0     [002] dnh.  4785.818278: sched_wakeup: comm=irq/86-mmc1 pid=80 prio=49 target_cpu=002
          <idle>-0     [002] d...  4785.818289: sched_switch: prev_comm=swapper/2 prev_pid=0 prev_prio=120 prev_state=R ==> next_comm=irq/86-mmc1 next_pid=80 next_prio=49
     irq/86-mmc1-80    [002] d...  4785.818313: sched_switch: prev_comm=irq/86-mmc1 prev_pid=80 prev_prio=49 prev_state=D ==> next_comm=swapper/2 next_pid=0 next_prio=120
          <idle>-0     [002] dnh.  4785.818329: sched_wakeup: comm=irq/86-mmc1 pid=80 prio=49 target_cpu=002
          <idle>-0     [002] d...  4785.818339: sched_switch: prev_comm=swapper/2 prev_pid=0 prev_prio=120 prev_state=R ==> next_comm=irq/86-mmc1 next_pid=80 next_prio=49
     irq/86-mmc1-80    [002] d...  4785.818351: sched_wakeup: comm=kworker/u8:2 pid=1386 prio=120 target_cpu=002
     irq/86-mmc1-80    [002] d...  4785.818365: sched_switch: prev_comm=irq/86-mmc1 prev_pid=80 prev_prio=49 prev_state=S ==> next_comm=kworker/u8:2 next_pid=1386 next_prio=120
    kworker/u8:2-1386  [002] d...  4785.818393: sched_switch: prev_comm=kworker/u8:2 prev_pid=1386 prev_prio=120 prev_state=D ==> next_comm=swapper/2 next_pid=0 next_prio=120
          <idle>-0     [002] dnh.  4785.818403: sched_wakeup: comm=kworker/u8:2 pid=1386 prio=120 target_cpu=002
          <idle>-0     [002] d...  4785.818412: sched_switch: prev_comm=swapper/2 prev_pid=0 prev_prio=120 prev_state=R ==> next_comm=kworker/u8:2 next_pid=1386 next_prio=120
    kworker/u8:2-1386  [002] d...  4785.818423: sched_switch: prev_comm=kworker/u8:2 prev_pid=1386 prev_prio=120 prev_state=D ==> next_comm=swapper/2 next_pid=0 next_prio=120
          <idle>-0     [002] dnh.  4785.821425: sched_wakeup: comm=kworker/u8:2 pid=1386 prio=120 target_cpu=002
          <idle>-0     [002] d...  4785.821438: sched_switch: prev_comm=swapper/2 prev_pid=0 prev_prio=120 prev_state=R ==> next_comm=kworker/u8:2 next_pid=1386 next_prio=120
    kworker/u8:2-1386  [002] d...  4785.821453: sched_switch: prev_comm=kworker/u8:2 prev_pid=1386 prev_prio=120 prev_state=D ==> next_comm=swapper/2 next_pid=0 next_prio=120
          <idle>-0     [002] dnh.  4785.821470: sched_wakeup: comm=kworker/u8:2 pid=1386 prio=120 target_cpu=002
          <idle>-0     [002] d...  4785.821481: sched_switch: prev_comm=swapper/2 prev_pid=0 prev_prio=120 prev_state=R ==> next_comm=kworker/u8:2 next_pid=1386 next_prio=120
    kworker/u8:2-1386  [002] d...  4785.821513: sched_switch: prev_comm=kworker/u8:2 prev_pid=1386 prev_prio=120 prev_state=D ==> next_comm=swapper/2 next_pid=0 next_prio=120
          <idle>-0     [002] dnh.  4785.821530: sched_wakeup: comm=kworker/u8:2 pid=1386 prio=120 target_cpu=002
          <idle>-0     [002] d...  4785.821540: sched_switch: prev_comm=swapper/2 prev_pid=0 prev_prio=120 prev_state=R ==> next_comm=kworker/u8:2 next_pid=1386 next_prio=120
    kworker/u8:2-1386  [002] d...  4785.821567: sched_switch: prev_comm=kworker/u8:2 prev_pid=1386 prev_prio=120 prev_state=D ==> next_comm=swapper/2 next_pid=0 next_prio=120
          <idle>-0     [002] dnh.  4785.821584: sched_wakeup: comm=kworker/u8:2 pid=1386 prio=120 target_cpu=002
          <idle>-0     [002] d...  4785.821594: sched_switch: prev_comm=swapper/2 prev_pid=0 prev_prio=120 prev_state=R ==> next_comm=kworker/u8:2 next_pid=1386 next_prio=120
    kworker/u8:2-1386  [002] d...  4785.821656: sched_switch: prev_comm=kworker/u8:2 prev_pid=1386 prev_prio=120 prev_state=D ==> next_comm=swapper/2 next_pid=0 next_prio=120
          <idle>-0     [002] dnh.  4785.821674: sched_wakeup: comm=kworker/u8:2 pid=1386 prio=120 target_cpu=002
          <idle>-0     [002] d...  4785.821685: sched_switch: prev_comm=swapper/2 prev_pid=0 prev_prio=120 prev_state=R ==> next_comm=kworker/u8:2 next_pid=1386 next_prio=120
    kworker/u8:2-1386  [002] d...  4785.821699: sched_switch: prev_comm=kworker/u8:2 prev_pid=1386 prev_prio=120 prev_state=I ==> next_comm=swapper/2 next_pid=0 next_prio=120
          <idle>-0     [002] dns.  4785.837362: sched_wakeup: comm=brcmf_wdog/mmc1 pid=239 prio=120 target_cpu=002
          <idle>-0     [002] d...  4785.837389: sched_switch: prev_comm=swapper/2 prev_pid=0 prev_prio=120 prev_state=R ==> next_comm=brcmf_wdog/mmc1 next_pid=239 next_prio=120
 brcmf_wdog/mmc1-239   [002] d...  4785.837398: sched_switch: prev_comm=brcmf_wdog/mmc1 prev_pid=239 prev_prio=120 prev_state=S ==> next_comm=swapper/2 next_pid=0 next_prio=120
          <idle>-0     [000] dnh.  4785.848458: sched_wakeup: comm=rngd pid=362 prio=120 target_cpu=000
          <idle>-0     [000] d...  4785.848475: sched_switch: prev_comm=swapper/0 prev_pid=0 prev_prio=120 prev_state=R ==> next_comm=rngd next_pid=362 next_prio=120
            rngd-362   [000] d...  4785.848490: sched_switch: prev_comm=rngd prev_pid=362 prev_prio=120 prev_state=S ==> next_comm=swapper/0 next_pid=0 next_prio=120
          <idle>-0     [002] dns.  4785.857365: sched_wakeup: comm=brcmf_wdog/mmc1 pid=239 prio=120 target_cpu=002
          <idle>-0     [002] d...  4785.857391: sched_switch: prev_comm=swapper/2 prev_pid=0 prev_prio=120 prev_state=R ==> next_comm=brcmf_wdog/mmc1 next_pid=239 next_prio=120
 brcmf_wdog/mmc1-239   [002] d...  4785.857422: sched_switch: prev_comm=brcmf_wdog/mmc1 prev_pid=239 prev_prio=120 prev_state=D ==> next_comm=swapper/2 next_pid=0 next_prio=120
          <idle>-0     [002] dnh.  4785.857439: sched_wakeup: comm=brcmf_wdog/mmc1 pid=239 prio=120 target_cpu=002
          <idle>-0     [002] d...  4785.857450: sched_switch: prev_comm=swapper/2 prev_pid=0 prev_prio=120 prev_state=R ==> next_comm=brcmf_wdog/mmc1 next_pid=239 next_prio=120
 brcmf_wdog/mmc1-239   [002] d...  4785.857466: sched_switch: prev_comm=brcmf_wdog/mmc1 prev_pid=239 prev_prio=120 prev_state=D ==> next_comm=swapper/2 next_pid=0 next_prio=120
          <idle>-0     [002] dnh.  4785.857482: sched_wakeup: comm=brcmf_wdog/mmc1 pid=239 prio=120 target_cpu=002
          <idle>-0     [002] d...  4785.857492: sched_switch: prev_comm=swapper/2 prev_pid=0 prev_prio=120 prev_state=R ==> next_comm=brcmf_wdog/mmc1 next_pid=239 next_prio=120
 brcmf_wdog/mmc1-239   [002] d...  4785.857507: sched_switch: prev_comm=brcmf_wdog/mmc1 prev_pid=239 prev_prio=120 prev_state=D ==> next_comm=swapper/2 next_pid=0 next_prio=120
          <idle>-0     [002] dnh.  4785.857523: sched_wakeup: comm=brcmf_wdog/mmc1 pid=239 prio=120 target_cpu=002
          <idle>-0     [002] d...  4785.857533: sched_switch: prev_comm=swapper/2 prev_pid=0 prev_prio=120 prev_state=R ==> next_comm=brcmf_wdog/mmc1 next_pid=239 next_prio=120
 brcmf_wdog/mmc1-239   [002] d...  4785.857544: sched_switch: prev_comm=brcmf_wdog/mmc1 prev_pid=239 prev_prio=120 prev_state=S ==> next_comm=swapper/2 next_pid=0 next_prio=120
          <idle>-0     [002] dnH.  4785.957388: sched_wakeup: comm=kworker/2:2 pid=1413 prio=120 target_cpu=002
          <idle>-0     [002] d...  4785.957408: sched_switch: prev_comm=swapper/2 prev_pid=0 prev_prio=120 prev_state=R ==> next_comm=kworker/2:2 next_pid=1413 next_prio=120
     kworker/2:2-1413  [002] d...  4785.957429: sched_switch: prev_comm=kworker/2:2 prev_pid=1413 prev_prio=120 prev_state=I ==> next_comm=swapper/2 next_pid=0 next_prio=120
          <idle>-0     [002] dnh.  4785.975050: sched_wakeup: comm=irq/86-mmc1 pid=80 prio=49 target_cpu=002
          <idle>-0     [002] d...  4785.975063: sched_switch: prev_comm=swapper/2 prev_pid=0 prev_prio=120 prev_state=R ==> next_comm=irq/86-mmc1 next_pid=80 next_prio=49
     irq/86-mmc1-80    [002] d...  4785.975083: sched_switch: prev_comm=irq/86-mmc1 prev_pid=80 prev_prio=49 prev_state=D ==> next_comm=swapper/2 next_pid=0 next_prio=120
          <idle>-0     [002] dnh.  4785.975099: sched_wakeup: comm=irq/86-mmc1 pid=80 prio=49 target_cpu=002
          <idle>-0     [002] d...  4785.975110: sched_switch: prev_comm=swapper/2 prev_pid=0 prev_prio=120 prev_state=R ==> next_comm=irq/86-mmc1 next_pid=80 next_prio=49
     irq/86-mmc1-80    [002] d...  4785.975135: sched_switch: prev_comm=irq/86-mmc1 prev_pid=80 prev_prio=49 prev_state=D ==> next_comm=swapper/2 next_pid=0 next_prio=120
          <idle>-0     [002] dnh.  4785.975150: sched_wakeup: comm=irq/86-mmc1 pid=80 prio=49 target_cpu=002
          <idle>-0     [002] d...  4785.975161: sched_switch: prev_comm=swapper/2 prev_pid=0 prev_prio=120 prev_state=R ==> next_comm=irq/86-mmc1 next_pid=80 next_prio=49
     irq/86-mmc1-80    [002] d...  4785.975184: sched_switch: prev_comm=irq/86-mmc1 prev_pid=80 prev_prio=49 prev_state=D ==> next_comm=swapper/2 next_pid=0 next_prio=120
          <idle>-0     [002] dnh.  4785.975200: sched_wakeup: comm=irq/86-mmc1 pid=80 prio=49 target_cpu=002
          <idle>-0     [002] d...  4785.975210: sched_switch: prev_comm=swapper/2 prev_pid=0 prev_prio=120 prev_state=R ==> next_comm=irq/86-mmc1 next_pid=80 next_prio=49
     irq/86-mmc1-80    [002] d...  4785.975222: sched_wakeup: comm=kworker/u8:2 pid=1386 prio=120 target_cpu=002
     irq/86-mmc1-80    [002] d...  4785.975236: sched_switch: prev_comm=irq/86-mmc1 prev_pid=80 prev_prio=49 prev_state=S ==> next_comm=kworker/u8:2 next_pid=1386 next_prio=120
    kworker/u8:2-1386  [002] d...  4785.975264: sched_switch: prev_comm=kworker/u8:2 prev_pid=1386 prev_prio=120 prev_state=D ==> next_comm=swapper/2 next_pid=0 next_prio=120
          <idle>-0     [002] dnh.  4785.975282: sched_wakeup: comm=kworker/u8:2 pid=1386 prio=120 target_cpu=002
          <idle>-0     [002] d...  4785.975292: sched_switch: prev_comm=swapper/2 prev_pid=0 prev_prio=120 prev_state=R ==> next_comm=kworker/u8:2 next_pid=1386 next_prio=120
    kworker/u8:2-1386  [002] d...  4785.975302: sched_switch: prev_comm=kworker/u8:2 prev_pid=1386 prev_prio=120 prev_state=D ==> next_comm=swapper/2 next_pid=0 next_prio=120
          <idle>-0     [002] dnh.  4785.978310: sched_wakeup: comm=kworker/u8:2 pid=1386 prio=120 target_cpu=002
          <idle>-0     [002] d...  4785.978324: sched_switch: prev_comm=swapper/2 prev_pid=0 prev_prio=120 prev_state=R ==> next_comm=kworker/u8:2 next_pid=1386 next_prio=120
    kworker/u8:2-1386  [002] d...  4785.978339: sched_switch: prev_comm=kworker/u8:2 prev_pid=1386 prev_prio=120 prev_state=D ==> next_comm=swapper/2 next_pid=0 next_prio=120
          <idle>-0     [002] dnh.  4785.978355: sched_wakeup: comm=kworker/u8:2 pid=1386 prio=120 target_cpu=002
          <idle>-0     [002] d...  4785.978366: sched_switch: prev_comm=swapper/2 prev_pid=0 prev_prio=120 prev_state=R ==> next_comm=kworker/u8:2 next_pid=1386 next_prio=120
    kworker/u8:2-1386  [002] d...  4785.978398: sched_switch: prev_comm=kworker/u8:2 prev_pid=1386 prev_prio=120 prev_state=D ==> next_comm=swapper/2 next_pid=0 next_prio=120
          <idle>-0     [002] dnh.  4785.978414: sched_wakeup: comm=kworker/u8:2 pid=1386 prio=120 target_cpu=002
          <idle>-0     [002] d...  4785.978425: sched_switch: prev_comm=swapper/2 prev_pid=0 prev_prio=120 prev_state=R ==> next_comm=kworker/u8:2 next_pid=1386 next_prio=120
    kworker/u8:2-1386  [002] d...  4785.978452: sched_switch: prev_comm=kworker/u8:2 prev_pid=1386 prev_prio=120 prev_state=D ==> next_comm=swapper/2 next_pid=0 next_prio=120
          <idle>-0     [002] dnh.  4785.978469: sched_wakeup: comm=kworker/u8:2 pid=1386 prio=120 target_cpu=002
          <idle>-0     [002] d...  4785.978480: sched_switch: prev_comm=swapper/2 prev_pid=0 prev_prio=120 prev_state=R ==> next_comm=kworker/u8:2 next_pid=1386 next_prio=120
    kworker/u8:2-1386  [002] d.s.  4785.978512: sched_wakeup: comm=sshd pid=887 prio=120 target_cpu=002
    kworker/u8:2-1386  [002] d...  4785.978546: sched_switch: prev_comm=kworker/u8:2 prev_pid=1386 prev_prio=120 prev_state=D ==> next_comm=sshd next_pid=887 next_prio=120
            sshd-887   [002] d.h.  4785.978559: sched_wakeup: comm=kworker/u8:2 pid=1386 prio=120 target_cpu=002
          <idle>-0     [000] dnh.  4785.978665: sched_wakeup: comm=kworker/u8:3 pid=1409 prio=120 target_cpu=000
          <idle>-0     [000] d...  4785.978678: sched_switch: prev_comm=swapper/0 prev_pid=0 prev_prio=120 prev_state=R ==> next_comm=kworker/u8:3 next_pid=1409 next_prio=120
            sshd-887   [002] d...  4785.978689: sched_switch: prev_comm=sshd prev_pid=887 prev_prio=120 prev_state=S ==> next_comm=kworker/u8:2 next_pid=1386 next_prio=120
    kworker/u8:3-1409  [000] d...  4785.978695: sched_wakeup: comm=bash pid=918 prio=120 target_cpu=000
    kworker/u8:3-1409  [000] d...  4785.978706: sched_switch: prev_comm=kworker/u8:3 prev_pid=1409 prev_prio=120 prev_state=I ==> next_comm=bash next_pid=918 next_prio=120
    kworker/u8:2-1386  [002] d...  4785.978714: sched_switch: prev_comm=kworker/u8:2 prev_pid=1386 prev_prio=120 prev_state=I ==> next_comm=swapper/2 next_pid=0 next_prio=120
          <idle>-0     [002] dnh.  4785.978775: sched_wakeup: comm=kworker/u8:2 pid=1386 prio=120 target_cpu=002
          <idle>-0     [002] d...  4785.978787: sched_switch: prev_comm=swapper/2 prev_pid=0 prev_prio=120 prev_state=R ==> next_comm=kworker/u8:2 next_pid=1386 next_prio=120
            bash-918   [000] d...  4785.978790: sched_switch: prev_comm=bash prev_pid=918 prev_prio=120 prev_state=S ==> next_comm=swapper/0 next_pid=0 next_prio=120
    kworker/u8:2-1386  [002] d...  4785.978802: sched_wakeup: comm=sshd pid=887 prio=120 target_cpu=002
    kworker/u8:2-1386  [002] d...  4785.978815: sched_switch: prev_comm=kworker/u8:2 prev_pid=1386 prev_prio=120 prev_state=I ==> next_comm=sshd next_pid=887 next_prio=120
            sshd-887   [002] d...  4785.978936: sched_wakeup: comm=kworker/u8:2 pid=1386 prio=120 target_cpu=002
            sshd-887   [002] d...  4785.978972: sched_switch: prev_comm=sshd prev_pid=887 prev_prio=120 prev_state=S ==> next_comm=kworker/u8:2 next_pid=1386 next_prio=120
    kworker/u8:2-1386  [002] d...  4785.979024: sched_switch: prev_comm=kworker/u8:2 prev_pid=1386 prev_prio=120 prev_state=D ==> next_comm=swapper/2 next_pid=0 next_prio=120
          <idle>-0     [002] dnh.  4785.979044: sched_wakeup: comm=kworker/u8:2 pid=1386 prio=120 target_cpu=002
          <idle>-0     [002] d...  4785.979055: sched_switch: prev_comm=swapper/2 prev_pid=0 prev_prio=120 prev_state=R ==> next_comm=kworker/u8:2 next_pid=1386 next_prio=120
    kworker/u8:2-1386  [002] d...  4785.979071: sched_switch: prev_comm=kworker/u8:2 prev_pid=1386 prev_prio=120 prev_state=I ==> next_comm=swapper/2 next_pid=0 next_prio=120
          <idle>-0     [002] dns.  4785.997379: sched_wakeup: comm=brcmf_wdog/mmc1 pid=239 prio=120 target_cpu=002
          <idle>-0     [002] d...  4785.997409: sched_switch: prev_comm=swapper/2 prev_pid=0 prev_prio=120 prev_state=R ==> next_comm=brcmf_wdog/mmc1 next_pid=239 next_prio=120
 brcmf_wdog/mmc1-239   [002] d...  4785.997419: sched_switch: prev_comm=brcmf_wdog/mmc1 prev_pid=239 prev_prio=120 prev_state=S ==> next_comm=swapper/2 next_pid=0 next_prio=120
          <idle>-0     [002] dns.  4786.017382: sched_wakeup: comm=brcmf_wdog/mmc1 pid=239 prio=120 target_cpu=002
          <idle>-0     [002] d...  4786.017408: sched_switch: prev_comm=swapper/2 prev_pid=0 prev_prio=120 prev_state=R ==> next_comm=brcmf_wdog/mmc1 next_pid=239 next_prio=120
 brcmf_wdog/mmc1-239   [002] d...  4786.017439: sched_switch: prev_comm=brcmf_wdog/mmc1 prev_pid=239 prev_prio=120 prev_state=D ==> next_comm=swapper/2 next_pid=0 next_prio=120
          <idle>-0     [002] dnh.  4786.017453: sched_wakeup: comm=brcmf_wdog/mmc1 pid=239 prio=120 target_cpu=002
          <idle>-0     [002] d...  4786.017460: sched_switch: prev_comm=swapper/2 prev_pid=0 prev_prio=120 prev_state=R ==> next_comm=brcmf_wdog/mmc1 next_pid=239 next_prio=120
 brcmf_wdog/mmc1-239   [002] d...  4786.017475: sched_switch: prev_comm=brcmf_wdog/mmc1 prev_pid=239 prev_prio=120 prev_state=D ==> next_comm=swapper/2 next_pid=0 next_prio=120
          <idle>-0     [002] dnh.  4786.017487: sched_wakeup: comm=brcmf_wdog/mmc1 pid=239 prio=120 target_cpu=002
          <idle>-0     [002] d...  4786.017494: sched_switch: prev_comm=swapper/2 prev_pid=0 prev_prio=120 prev_state=R ==> next_comm=brcmf_wdog/mmc1 next_pid=239 next_prio=120
 brcmf_wdog/mmc1-239   [002] d...  4786.017509: sched_switch: prev_comm=brcmf_wdog/mmc1 prev_pid=239 prev_prio=120 prev_state=D ==> next_comm=swapper/2 next_pid=0 next_prio=120
          <idle>-0     [002] dnh.  4786.017520: sched_wakeup: comm=brcmf_wdog/mmc1 pid=239 prio=120 target_cpu=002
          <idle>-0     [002] d...  4786.017527: sched_switch: prev_comm=swapper/2 prev_pid=0 prev_prio=120 prev_state=R ==> next_comm=brcmf_wdog/mmc1 next_pid=239 next_prio=120
 brcmf_wdog/mmc1-239   [002] d...  4786.017539: sched_switch: prev_comm=brcmf_wdog/mmc1 prev_pid=239 prev_prio=120 prev_state=S ==> next_comm=swapper/2 next_pid=0 next_prio=120
          <idle>-0     [000] dnh.  4786.024457: sched_wakeup: comm=rngd pid=362 prio=120 target_cpu=000
          <idle>-0     [000] d...  4786.024473: sched_switch: prev_comm=swapper/0 prev_pid=0 prev_prio=120 prev_state=R ==> next_comm=rngd next_pid=362 next_prio=120
            rngd-362   [000] d...  4786.024488: sched_switch: prev_comm=rngd prev_pid=362 prev_prio=120 prev_state=S ==> next_comm=swapper/0 next_pid=0 next_prio=120
          <idle>-0     [002] dnh.  4786.033638: sched_wakeup: comm=irq/86-mmc1 pid=80 prio=49 target_cpu=002
          <idle>-0     [002] d...  4786.033651: sched_switch: prev_comm=swapper/2 prev_pid=0 prev_prio=120 prev_state=R ==> next_comm=irq/86-mmc1 next_pid=80 next_prio=49
     irq/86-mmc1-80    [002] d...  4786.033671: sched_switch: prev_comm=irq/86-mmc1 prev_pid=80 prev_prio=49 prev_state=D ==> next_comm=swapper/2 next_pid=0 next_prio=120
          <idle>-0     [002] dnh.  4786.033688: sched_wakeup: comm=irq/86-mmc1 pid=80 prio=49 target_cpu=002
          <idle>-0     [002] d...  4786.033698: sched_switch: prev_comm=swapper/2 prev_pid=0 prev_prio=120 prev_state=R ==> next_comm=irq/86-mmc1 next_pid=80 next_prio=49
     irq/86-mmc1-80    [002] d...  4786.033723: sched_switch: prev_comm=irq/86-mmc1 prev_pid=80 prev_prio=49 prev_state=D ==> next_comm=swapper/2 next_pid=0 next_prio=120
          <idle>-0     [002] dnh.  4786.033739: sched_wakeup: comm=irq/86-mmc1 pid=80 prio=49 target_cpu=002
          <idle>-0     [002] d...  4786.033749: sched_switch: prev_comm=swapper/2 prev_pid=0 prev_prio=120 prev_state=R ==> next_comm=irq/86-mmc1 next_pid=80 next_prio=49
     irq/86-mmc1-80    [002] d...  4786.033773: sched_switch: prev_comm=irq/86-mmc1 prev_pid=80 prev_prio=49 prev_state=D ==> next_comm=swapper/2 next_pid=0 next_prio=120
          <idle>-0     [002] dnh.  4786.033789: sched_wakeup: comm=irq/86-mmc1 pid=80 prio=49 target_cpu=002
          <idle>-0     [002] d...  4786.033799: sched_switch: prev_comm=swapper/2 prev_pid=0 prev_prio=120 prev_state=R ==> next_comm=irq/86-mmc1 next_pid=80 next_prio=49
     irq/86-mmc1-80    [002] d...  4786.033811: sched_wakeup: comm=kworker/u8:2 pid=1386 prio=120 target_cpu=002
     irq/86-mmc1-80    [002] d...  4786.033825: sched_switch: prev_comm=irq/86-mmc1 prev_pid=80 prev_prio=49 prev_state=S ==> next_comm=kworker/u8:2 next_pid=1386 next_prio=120
    kworker/u8:2-1386  [002] d...  4786.033858: sched_switch: prev_comm=kworker/u8:2 prev_pid=1386 prev_prio=120 prev_state=D ==> next_comm=swapper/2 next_pid=0 next_prio=120
          <idle>-0     [002] dnh.  4786.033875: sched_wakeup: comm=kworker/u8:2 pid=1386 prio=120 target_cpu=002
          <idle>-0     [002] d...  4786.033886: sched_switch: prev_comm=swapper/2 prev_pid=0 prev_prio=120 prev_state=R ==> next_comm=kworker/u8:2 next_pid=1386 next_prio=120
    kworker/u8:2-1386  [002] d...  4786.033898: sched_switch: prev_comm=kworker/u8:2 prev_pid=1386 prev_prio=120 prev_state=D ==> next_comm=swapper/2 next_pid=0 next_prio=120
          <idle>-0     [002] dnh.  4786.036900: sched_wakeup: comm=kworker/u8:2 pid=1386 prio=120 target_cpu=002
          <idle>-0     [002] d...  4786.036912: sched_switch: prev_comm=swapper/2 prev_pid=0 prev_prio=120 prev_state=R ==> next_comm=kworker/u8:2 next_pid=1386 next_prio=120
    kworker/u8:2-1386  [002] d...  4786.036927: sched_switch: prev_comm=kworker/u8:2 prev_pid=1386 prev_prio=120 prev_state=D ==> next_comm=swapper/2 next_pid=0 next_prio=120
          <idle>-0     [002] dnh.  4786.036943: sched_wakeup: comm=kworker/u8:2 pid=1386 prio=120 target_cpu=002
          <idle>-0     [002] d...  4786.036953: sched_switch: prev_comm=swapper/2 prev_pid=0 prev_prio=120 prev_state=R ==> next_comm=kworker/u8:2 next_pid=1386 next_prio=120
    kworker/u8:2-1386  [002] d...  4786.036986: sched_switch: prev_comm=kworker/u8:2 prev_pid=1386 prev_prio=120 prev_state=D ==> next_comm=swapper/2 next_pid=0 next_prio=120
          <idle>-0     [002] dnh.  4786.037002: sched_wakeup: comm=kworker/u8:2 pid=1386 prio=120 target_cpu=002
          <idle>-0     [002] d...  4786.037013: sched_switch: prev_comm=swapper/2 prev_pid=0 prev_prio=120 prev_state=R ==> next_comm=kworker/u8:2 next_pid=1386 next_prio=120
    kworker/u8:2-1386  [002] d...  4786.037040: sched_switch: prev_comm=kworker/u8:2 prev_pid=1386 prev_prio=120 prev_state=D ==> next_comm=swapper/2 next_pid=0 next_prio=120
          <idle>-0     [002] dnh.  4786.037056: sched_wakeup: comm=kworker/u8:2 pid=1386 prio=120 target_cpu=002
          <idle>-0     [002] d...  4786.037067: sched_switch: prev_comm=swapper/2 prev_pid=0 prev_prio=120 prev_state=R ==> next_comm=kworker/u8:2 next_pid=1386 next_prio=120
    kworker/u8:2-1386  [002] d...  4786.037129: sched_switch: prev_comm=kworker/u8:2 prev_pid=1386 prev_prio=120 prev_state=D ==> next_comm=swapper/2 next_pid=0 next_prio=120
          <idle>-0     [002] dnh.  4786.037147: sched_wakeup: comm=kworker/u8:2 pid=1386 prio=120 target_cpu=002
          <idle>-0     [002] d...  4786.037159: sched_switch: prev_comm=swapper/2 prev_pid=0 prev_prio=120 prev_state=R ==> next_comm=kworker/u8:2 next_pid=1386 next_prio=120
    kworker/u8:2-1386  [002] d...  4786.037172: sched_switch: prev_comm=kworker/u8:2 prev_pid=1386 prev_prio=120 prev_state=I ==> next_comm=swapper/2 next_pid=0 next_prio=120
          <idle>-0     [002] dns.  4786.047384: sched_wakeup: comm=brcmf_wdog/mmc1 pid=239 prio=120 target_cpu=002
          <idle>-0     [002] d...  4786.047411: sched_switch: prev_comm=swapper/2 prev_pid=0 prev_prio=120 prev_state=R ==> next_comm=brcmf_wdog/mmc1 next_pid=239 next_prio=120
 brcmf_wdog/mmc1-239   [002] d...  4786.047420: sched_switch: prev_comm=brcmf_wdog/mmc1 prev_pid=239 prev_prio=120 prev_state=S ==> next_comm=swapper/2 next_pid=0 next_prio=120
          <idle>-0     [002] dnh.  4786.063023: sched_wakeup: comm=irq/86-mmc1 pid=80 prio=49 target_cpu=002
          <idle>-0     [002] dnh.  4786.063035: sched_wakeup: comm=kworker/2:2 pid=1413 prio=120 target_cpu=002
          <idle>-0     [002] d...  4786.063047: sched_switch: prev_comm=swapper/2 prev_pid=0 prev_prio=120 prev_state=R ==> next_comm=irq/86-mmc1 next_pid=80 next_prio=49
     irq/86-mmc1-80    [002] d...  4786.063068: sched_switch: prev_comm=irq/86-mmc1 prev_pid=80 prev_prio=49 prev_state=D ==> next_comm=kworker/2:2 next_pid=1413 next_prio=120
     kworker/2:2-1413  [002] dnh.  4786.063078: sched_wakeup: comm=irq/86-mmc1 pid=80 prio=49 target_cpu=002
     kworker/2:2-1413  [002] d...  4786.063085: sched_switch: prev_comm=kworker/2:2 prev_pid=1413 prev_prio=120 prev_state=R+ ==> next_comm=irq/86-mmc1 next_pid=80 next_prio=49
     irq/86-mmc1-80    [002] d...  4786.063111: sched_switch: prev_comm=irq/86-mmc1 prev_pid=80 prev_prio=49 prev_state=D ==> next_comm=kworker/2:2 next_pid=1413 next_prio=120
     kworker/2:2-1413  [002] dnh.  4786.063122: sched_wakeup: comm=irq/86-mmc1 pid=80 prio=49 target_cpu=002
     kworker/2:2-1413  [002] d...  4786.063133: sched_switch: prev_comm=kworker/2:2 prev_pid=1413 prev_prio=120 prev_state=R+ ==> next_comm=irq/86-mmc1 next_pid=80 next_prio=49
     irq/86-mmc1-80    [002] d...  4786.063157: sched_switch: prev_comm=irq/86-mmc1 prev_pid=80 prev_prio=49 prev_state=D ==> next_comm=kworker/2:2 next_pid=1413 next_prio=120
     kworker/2:2-1413  [002] d...  4786.063178: sched_switch: prev_comm=kworker/2:2 prev_pid=1413 prev_prio=120 prev_state=I ==> next_comm=swapper/2 next_pid=0 next_prio=120
          <idle>-0     [002] dnh.  4786.063186: sched_wakeup: comm=irq/86-mmc1 pid=80 prio=49 target_cpu=002
          <idle>-0     [002] d...  4786.063191: sched_switch: prev_comm=swapper/2 prev_pid=0 prev_prio=120 prev_state=R ==> next_comm=irq/86-mmc1 next_pid=80 next_prio=49
     irq/86-mmc1-80    [002] d...  4786.063201: sched_wakeup: comm=kworker/u8:2 pid=1386 prio=120 target_cpu=002
     irq/86-mmc1-80    [002] d...  4786.063218: sched_switch: prev_comm=irq/86-mmc1 prev_pid=80 prev_prio=49 prev_state=S ==> next_comm=kworker/u8:2 next_pid=1386 next_prio=120
    kworker/u8:2-1386  [002] d...  4786.063260: sched_switch: prev_comm=kworker/u8:2 prev_pid=1386 prev_prio=120 prev_state=D ==> next_comm=swapper/2 next_pid=0 next_prio=120
          <idle>-0     [002] dnh.  4786.063270: sched_wakeup: comm=kworker/u8:2 pid=1386 prio=120 target_cpu=002
          <idle>-0     [002] d...  4786.063276: sched_switch: prev_comm=swapper/2 prev_pid=0 prev_prio=120 prev_state=R ==> next_comm=kworker/u8:2 next_pid=1386 next_prio=120
    kworker/u8:2-1386  [002] d...  4786.063302: sched_switch: prev_comm=kworker/u8:2 prev_pid=1386 prev_prio=120 prev_state=D ==> next_comm=swapper/2 next_pid=0 next_prio=120
          <idle>-0     [002] dnh.  4786.063320: sched_wakeup: comm=kworker/u8:2 pid=1386 prio=120 target_cpu=002
          <idle>-0     [002] d...  4786.063331: sched_switch: prev_comm=swapper/2 prev_pid=0 prev_prio=120 prev_state=R ==> next_comm=kworker/u8:2 next_pid=1386 next_prio=120
    kworker/u8:2-1386  [002] dns.  4786.063363: sched_wakeup: comm=sshd pid=887 prio=120 target_cpu=002
    kworker/u8:2-1386  [002] d...  4786.063375: sched_switch: prev_comm=kworker/u8:2 prev_pid=1386 prev_prio=120 prev_state=R+ ==> next_comm=sshd next_pid=887 next_prio=120
          <idle>-0     [000] dnh.  4786.063482: sched_wakeup: comm=kworker/u8:3 pid=1409 prio=120 target_cpu=000
          <idle>-0     [000] d...  4786.063495: sched_switch: prev_comm=swapper/0 prev_pid=0 prev_prio=120 prev_state=R ==> next_comm=kworker/u8:3 next_pid=1409 next_prio=120
            sshd-887   [002] d...  4786.063507: sched_switch: prev_comm=sshd prev_pid=887 prev_prio=120 prev_state=S ==> next_comm=kworker/u8:2 next_pid=1386 next_prio=120
    kworker/u8:3-1409  [000] d...  4786.063510: sched_wakeup: comm=bash pid=918 prio=120 target_cpu=000
    kworker/u8:3-1409  [000] d...  4786.063522: sched_switch: prev_comm=kworker/u8:3 prev_pid=1409 prev_prio=120 prev_state=I ==> next_comm=bash next_pid=918 next_prio=120
    kworker/u8:2-1386  [002] d...  4786.063544: sched_switch: prev_comm=kworker/u8:2 prev_pid=1386 prev_prio=120 prev_state=D ==> next_comm=swapper/2 next_pid=0 next_prio=120
          <idle>-0     [002] dnh.  4786.063564: sched_wakeup: comm=kworker/u8:2 pid=1386 prio=120 target_cpu=002
          <idle>-0     [002] d...  4786.063575: sched_switch: prev_comm=swapper/2 prev_pid=0 prev_prio=120 prev_state=R ==> next_comm=kworker/u8:2 next_pid=1386 next_prio=120
    kworker/u8:2-1386  [002] d...  4786.063590: sched_switch: prev_comm=kworker/u8:2 prev_pid=1386 prev_prio=120 prev_state=I ==> next_comm=swapper/2 next_pid=0 next_prio=120
          <idle>-0     [002] dnh.  4786.063607: sched_wakeup: comm=kworker/u8:2 pid=1386 prio=120 target_cpu=002
          <idle>-0     [002] d...  4786.063618: sched_switch: prev_comm=swapper/2 prev_pid=0 prev_prio=120 prev_state=R ==> next_comm=kworker/u8:2 next_pid=1386 next_prio=120
            bash-918   [000] d...  4786.063622: sched_switch: prev_comm=bash prev_pid=918 prev_prio=120 prev_state=S ==> next_comm=swapper/0 next_pid=0 next_prio=120
    kworker/u8:2-1386  [002] d...  4786.063631: sched_wakeup: comm=sshd pid=887 prio=120 target_cpu=002
    kworker/u8:2-1386  [002] d...  4786.063642: sched_switch: prev_comm=kworker/u8:2 prev_pid=1386 prev_prio=120 prev_state=I ==> next_comm=sshd next_pid=887 next_prio=120
            sshd-887   [002] d...  4786.063758: sched_wakeup: comm=kworker/u8:2 pid=1386 prio=120 target_cpu=002
            sshd-887   [002] d...  4786.063796: sched_switch: prev_comm=sshd prev_pid=887 prev_prio=120 prev_state=S ==> next_comm=kworker/u8:2 next_pid=1386 next_prio=120
    kworker/u8:2-1386  [002] d...  4786.063844: sched_switch: prev_comm=kworker/u8:2 prev_pid=1386 prev_prio=120 prev_state=D ==> next_comm=swapper/2 next_pid=0 next_prio=120
          <idle>-0     [002] dnh.  4786.063866: sched_wakeup: comm=kworker/u8:2 pid=1386 prio=120 target_cpu=002
          <idle>-0     [002] d...  4786.063877: sched_switch: prev_comm=swapper/2 prev_pid=0 prev_prio=120 prev_state=R ==> next_comm=kworker/u8:2 next_pid=1386 next_prio=120
    kworker/u8:2-1386  [002] d...  4786.063893: sched_switch: prev_comm=kworker/u8:2 prev_pid=1386 prev_prio=120 prev_state=I ==> next_comm=swapper/2 next_pid=0 next_prio=120
          <idle>-0     [002] dns.  4786.077388: sched_wakeup: comm=brcmf_wdog/mmc1 pid=239 prio=120 target_cpu=002
          <idle>-0     [002] d...  4786.077417: sched_switch: prev_comm=swapper/2 prev_pid=0 prev_prio=120 prev_state=R ==> next_comm=brcmf_wdog/mmc1 next_pid=239 next_prio=120
 brcmf_wdog/mmc1-239   [002] d...  4786.077427: sched_switch: prev_comm=brcmf_wdog/mmc1 prev_pid=239 prev_prio=120 prev_state=S ==> next_comm=swapper/2 next_pid=0 next_prio=120
          <idle>-0     [002] dns.  4786.097390: sched_wakeup: comm=brcmf_wdog/mmc1 pid=239 prio=120 target_cpu=002
          <idle>-0     [002] d...  4786.097416: sched_switch: prev_comm=swapper/2 prev_pid=0 prev_prio=120 prev_state=R ==> next_comm=brcmf_wdog/mmc1 next_pid=239 next_prio=120
 brcmf_wdog/mmc1-239   [002] d...  4786.097447: sched_switch: prev_comm=brcmf_wdog/mmc1 prev_pid=239 prev_prio=120 prev_state=D ==> next_comm=swapper/2 next_pid=0 next_prio=120
          <idle>-0     [002] dnh.  4786.097460: sched_wakeup: comm=brcmf_wdog/mmc1 pid=239 prio=120 target_cpu=002
          <idle>-0     [002] d...  4786.097467: sched_switch: prev_comm=swapper/2 prev_pid=0 prev_prio=120 prev_state=R ==> next_comm=brcmf_wdog/mmc1 next_pid=239 next_prio=120
 brcmf_wdog/mmc1-239   [002] d...  4786.097482: sched_switch: prev_comm=brcmf_wdog/mmc1 prev_pid=239 prev_prio=120 prev_state=D ==> next_comm=swapper/2 next_pid=0 next_prio=120
          <idle>-0     [002] dnh.  4786.097494: sched_wakeup: comm=brcmf_wdog/mmc1 pid=239 prio=120 target_cpu=002
          <idle>-0     [002] d...  4786.097501: sched_switch: prev_comm=swapper/2 prev_pid=0 prev_prio=120 prev_state=R ==> next_comm=brcmf_wdog/mmc1 next_pid=239 next_prio=120
 brcmf_wdog/mmc1-239   [002] d...  4786.097516: sched_switch: prev_comm=brcmf_wdog/mmc1 prev_pid=239 prev_prio=120 prev_state=D ==> next_comm=swapper/2 next_pid=0 next_prio=120
          <idle>-0     [002] dnh.  4786.097527: sched_wakeup: comm=brcmf_wdog/mmc1 pid=239 prio=120 target_cpu=002
          <idle>-0     [002] d...  4786.097534: sched_switch: prev_comm=swapper/2 prev_pid=0 prev_prio=120 prev_state=R ==> next_comm=brcmf_wdog/mmc1 next_pid=239 next_prio=120
 brcmf_wdog/mmc1-239   [002] d...  4786.097544: sched_switch: prev_comm=brcmf_wdog/mmc1 prev_pid=239 prev_prio=120 prev_state=S ==> next_comm=swapper/2 next_pid=0 next_prio=120
          <idle>-0     [002] dnh.  4786.111622: sched_wakeup: comm=irq/86-mmc1 pid=80 prio=49 target_cpu=002
          <idle>-0     [002] d...  4786.111630: sched_switch: prev_comm=swapper/2 prev_pid=0 prev_prio=120 prev_state=R ==> next_comm=irq/86-mmc1 next_pid=80 next_prio=49
     irq/86-mmc1-80    [002] d...  4786.111650: sched_switch: prev_comm=irq/86-mmc1 prev_pid=80 prev_prio=49 prev_state=D ==> next_comm=swapper/2 next_pid=0 next_prio=120
          <idle>-0     [002] dnh.  4786.111662: sched_wakeup: comm=irq/86-mmc1 pid=80 prio=49 target_cpu=002
          <idle>-0     [002] d...  4786.111669: sched_switch: prev_comm=swapper/2 prev_pid=0 prev_prio=120 prev_state=R ==> next_comm=irq/86-mmc1 next_pid=80 next_prio=49
     irq/86-mmc1-80    [002] d...  4786.111693: sched_switch: prev_comm=irq/86-mmc1 prev_pid=80 prev_prio=49 prev_state=D ==> next_comm=swapper/2 next_pid=0 next_prio=120
          <idle>-0     [002] dnh.  4786.111706: sched_wakeup: comm=irq/86-mmc1 pid=80 prio=49 target_cpu=002
          <idle>-0     [002] d...  4786.111712: sched_switch: prev_comm=swapper/2 prev_pid=0 prev_prio=120 prev_state=R ==> next_comm=irq/86-mmc1 next_pid=80 next_prio=49
     irq/86-mmc1-80    [002] d...  4786.111736: sched_switch: prev_comm=irq/86-mmc1 prev_pid=80 prev_prio=49 prev_state=D ==> next_comm=swapper/2 next_pid=0 next_prio=120
          <idle>-0     [002] dnh.  4786.111753: sched_wakeup: comm=irq/86-mmc1 pid=80 prio=49 target_cpu=002
          <idle>-0     [002] d...  4786.111759: sched_switch: prev_comm=swapper/2 prev_pid=0 prev_prio=120 prev_state=R ==> next_comm=irq/86-mmc1 next_pid=80 next_prio=49
     irq/86-mmc1-80    [002] d...  4786.111770: sched_wakeup: comm=kworker/u8:2 pid=1386 prio=120 target_cpu=002
     irq/86-mmc1-80    [002] d...  4786.111785: sched_switch: prev_comm=irq/86-mmc1 prev_pid=80 prev_prio=49 prev_state=S ==> next_comm=kworker/u8:2 next_pid=1386 next_prio=120
    kworker/u8:2-1386  [002] d...  4786.111817: sched_switch: prev_comm=kworker/u8:2 prev_pid=1386 prev_prio=120 prev_state=D ==> next_comm=swapper/2 next_pid=0 next_prio=120
          <idle>-0     [002] dnh.  4786.111826: sched_wakeup: comm=kworker/u8:2 pid=1386 prio=120 target_cpu=002
          <idle>-0     [002] d...  4786.111834: sched_switch: prev_comm=swapper/2 prev_pid=0 prev_prio=120 prev_state=R ==> next_comm=kworker/u8:2 next_pid=1386 next_prio=120
    kworker/u8:2-1386  [002] d...  4786.111845: sched_switch: prev_comm=kworker/u8:2 prev_pid=1386 prev_prio=120 prev_state=D ==> next_comm=swapper/2 next_pid=0 next_prio=120
          <idle>-0     [002] dnh.  4786.114847: sched_wakeup: comm=kworker/u8:2 pid=1386 prio=120 target_cpu=002
          <idle>-0     [002] d...  4786.114855: sched_switch: prev_comm=swapper/2 prev_pid=0 prev_prio=120 prev_state=R ==> next_comm=kworker/u8:2 next_pid=1386 next_prio=120
    kworker/u8:2-1386  [002] d...  4786.114870: sched_switch: prev_comm=kworker/u8:2 prev_pid=1386 prev_prio=120 prev_state=D ==> next_comm=swapper/2 next_pid=0 next_prio=120
          <idle>-0     [002] dnh.  4786.114882: sched_wakeup: comm=kworker/u8:2 pid=1386 prio=120 target_cpu=002
          <idle>-0     [002] d...  4786.114889: sched_switch: prev_comm=swapper/2 prev_pid=0 prev_prio=120 prev_state=R ==> next_comm=kworker/u8:2 next_pid=1386 next_prio=120
    kworker/u8:2-1386  [002] d...  4786.114921: sched_switch: prev_comm=kworker/u8:2 prev_pid=1386 prev_prio=120 prev_state=D ==> next_comm=swapper/2 next_pid=0 next_prio=120
