          <idle>-0     [002] d...  4778.856734: sched_switch: prev_comm=swapper/2 prev_pid=0 prev_prio=120 prev_state=R ==> next_comm=brcmf_wdog/mmc1 next_pid=239 next_prio=120
 brcmf_wdog/mmc1-239   [002] d...  4778.856749: sched_switch: prev_comm=brcmf_wdog/mmc1 prev_pid=239 prev_prio=120 prev_state=D ==> next_comm=swapper/2 next_pid=0 next_prio=120
          <idle>-0     [002] dnh.  4778.856765: sched_wakeup: comm=brcmf_wdog/mmc1 pid=239 prio=120 target_cpu=002
          <idle>-0     [002] d...  4778.856775: sched_switch: prev_comm=swapper/2 prev_pid=0 prev_prio=120 prev_state=R ==> next_comm=brcmf_wdog/mmc1 next_pid=239 next_prio=120
 brcmf_wdog/mmc1-239   [002] d...  4778.856790: sched_switch: prev_comm=brcmf_wdog/mmc1 prev_pid=239 prev_prio=120 prev_state=D ==> next_comm=swapper/2 next_pid=0 next_prio=120
          <idle>-0     [002] dnh.  4778.856805: sched_wakeup: comm=brcmf_wdog/mmc1 pid=239 prio=120 target_cpu=002
          <idle>-0     [002] d...  4778.856816: sched_switch: prev_comm=swapper/2 prev_pid=0 prev_prio=120 prev_state=R ==> next_comm=brcmf_wdog/mmc1 next_pid=239 next_prio=120
 brcmf_wdog/mmc1-239   [002] d...  4778.856828: sched_switch: prev_comm=brcmf_wdog/mmc1 prev_pid=239 prev_prio=120 prev_state=S ==> next_comm=swapper/2 next_pid=0 next_prio=120
          <idle>-0     [002] dnH.  4778.956692: sched_wakeup: comm=kworker/2:2 pid=1413 prio=120 target_cpu=002
          <idle>-0     [002] d...  4778.956713: sched_switch: prev_comm=swapper/2 prev_pid=0 prev_prio=120 prev_state=R ==> next_comm=kworker/2:2 next_pid=1413 next_prio=120
     kworker/2:2-1413  [002] d...  4778.956742: sched_switch: prev_comm=kworker/2:2 prev_pid=1413 prev_prio=120 prev_state=I ==> next_comm=swapper/2 next_pid=0 next_prio=120
          <idle>-0     [002] dnh.  4779.029725: sched_wakeup: comm=irq/86-mmc1 pid=80 prio=49 target_cpu=002
          <idle>-0     [002] d...  4779.029738: sched_switch: prev_comm=swapper/2 prev_pid=0 prev_prio=120 prev_state=R ==> next_comm=irq/86-mmc1 next_pid=80 next_prio=49
     irq/86-mmc1-80    [002] d...  4779.029762: sched_switch: prev_comm=irq/86-mmc1 prev_pid=80 prev_prio=49 prev_state=D ==> next_comm=swapper/2 next_pid=0 next_prio=120
          <idle>-0     [002] dnh.  4779.029771: sched_wakeup: comm=irq/86-mmc1 pid=80 prio=49 target_cpu=002
          <idle>-0     [002] d...  4779.029777: sched_switch: prev_comm=swapper/2 prev_pid=0 prev_prio=120 prev_state=R ==> next_comm=irq/86-mmc1 next_pid=80 next_prio=49
     irq/86-mmc1-80    [002] d...  4779.029801: sched_switch: prev_comm=irq/86-mmc1 prev_pid=80 prev_prio=49 prev_state=D ==> next_comm=swapper/2 next_pid=0 next_prio=120
          <idle>-0     [002] dnh.  4779.029817: sched_wakeup: comm=irq/86-mmc1 pid=80 prio=49 target_cpu=002
          <idle>-0     [002] d...  4779.029828: sched_switch: prev_comm=swapper/2 prev_pid=0 prev_prio=120 prev_state=R ==> next_comm=irq/86-mmc1 next_pid=80 next_prio=49
     irq/86-mmc1-80    [002] d...  4779.029851: sched_switch: prev_comm=irq/86-mmc1 prev_pid=80 prev_prio=49 prev_state=D ==> next_comm=swapper/2 next_pid=0 next_prio=120
          <idle>-0     [002] dnh.  4779.029867: sched_wakeup: comm=irq/86-mmc1 pid=80 prio=49 target_cpu=002
          <idle>-0     [002] d...  4779.029877: sched_switch: prev_comm=swapper/2 prev_pid=0 prev_prio=120 prev_state=R ==> next_comm=irq/86-mmc1 next_pid=80 next_prio=49
          <idle>-0     [001] dnh.  4779.029892: sched_wakeup: comm=kworker/u8:1 pid=1360 prio=120 target_cpu=001
     irq/86-mmc1-80    [002] d...  4779.029896: sched_switch: prev_comm=irq/86-mmc1 prev_pid=80 prev_prio=49 prev_state=S ==> next_comm=swapper/2 next_pid=0 next_prio=120
          <idle>-0     [001] d...  4779.029905: sched_switch: prev_comm=swapper/1 prev_pid=0 prev_prio=120 prev_state=R ==> next_comm=kworker/u8:1 next_pid=1360 next_prio=120
    kworker/u8:1-1360  [001] d...  4779.029928: sched_switch: prev_comm=kworker/u8:1 prev_pid=1360 prev_prio=120 prev_state=D ==> next_comm=swapper/1 next_pid=0 next_prio=120
          <idle>-0     [001] dnh.  4779.029947: sched_wakeup: comm=kworker/u8:1 pid=1360 prio=120 target_cpu=001
          <idle>-0     [001] d...  4779.029958: sched_switch: prev_comm=swapper/1 prev_pid=0 prev_prio=120 prev_state=R ==> next_comm=kworker/u8:1 next_pid=1360 next_prio=120
    kworker/u8:1-1360  [001] d...  4779.029970: sched_switch: prev_comm=kworker/u8:1 prev_pid=1360 prev_prio=120 prev_state=D ==> next_comm=swapper/1 next_pid=0 next_prio=120
          <idle>-0     [001] dnh.  4779.032972: sched_wakeup: comm=kworker/u8:1 pid=1360 prio=120 target_cpu=001
          <idle>-0     [001] d...  4779.032984: sched_switch: prev_comm=swapper/1 prev_pid=0 prev_prio=120 prev_state=R ==> next_comm=kworker/u8:1 next_pid=1360 next_prio=120
    kworker/u8:1-1360  [001] d...  4779.033000: sched_switch: prev_comm=kworker/u8:1 prev_pid=1360 prev_prio=120 prev_state=D ==> next_comm=swapper/1 next_pid=0 next_prio=120
          <idle>-0     [001] dnh.  4779.033017: sched_wakeup: comm=kworker/u8:1 pid=1360 prio=120 target_cpu=001
          <idle>-0     [001] d...  4779.033028: sched_switch: prev_comm=swapper/1 prev_pid=0 prev_prio=120 prev_state=R ==> next_comm=kworker/u8:1 next_pid=1360 next_prio=120
    kworker/u8:1-1360  [001] d...  4779.033061: sched_switch: prev_comm=kworker/u8:1 prev_pid=1360 prev_prio=120 prev_state=D ==> next_comm=swapper/1 next_pid=0 next_prio=120
          <idle>-0     [001] dnh.  4779.033079: sched_wakeup: comm=kworker/u8:1 pid=1360 prio=120 target_cpu=001
          <idle>-0     [001] d...  4779.033090: sched_switch: prev_comm=swapper/1 prev_pid=0 prev_prio=120 prev_state=R ==> next_comm=kworker/u8:1 next_pid=1360 next_prio=120
    kworker/u8:1-1360  [001] d...  4779.033117: sched_switch: prev_comm=kworker/u8:1 prev_pid=1360 prev_prio=120 prev_state=D ==> next_comm=swapper/1 next_pid=0 next_prio=120
          <idle>-0     [001] dnh.  4779.033134: sched_wakeup: comm=kworker/u8:1 pid=1360 prio=120 target_cpu=001
          <idle>-0     [001] d...  4779.033145: sched_switch: prev_comm=swapper/1 prev_pid=0 prev_prio=120 prev_state=R ==> next_comm=kworker/u8:1 next_pid=1360 next_prio=120
          <idle>-0     [000] dnh.  4779.033184: sched_wakeup: comm=sshd pid=1426 prio=120 target_cpu=000
          <idle>-0     [000] d...  4779.033198: sched_switch: prev_comm=swapper/0 prev_pid=0 prev_prio=120 prev_state=R ==> next_comm=sshd next_pid=1426 next_prio=120
    kworker/u8:1-1360  [001] d...  4779.033212: sched_switch: prev_comm=kworker/u8:1 prev_pid=1360 prev_prio=120 prev_state=D ==> next_comm=swapper/1 next_pid=0 next_prio=120
          <idle>-0     [001] dnh.  4779.033234: sched_wakeup: comm=kworker/u8:1 pid=1360 prio=120 target_cpu=001
          <idle>-0     [001] d...  4779.033246: sched_switch: prev_comm=swapper/1 prev_pid=0 prev_prio=120 prev_state=R ==> next_comm=kworker/u8:1 next_pid=1360 next_prio=120
    kworker/u8:1-1360  [001] d...  4779.033260: sched_switch: prev_comm=kworker/u8:1 prev_pid=1360 prev_prio=120 prev_state=I ==> next_comm=swapper/1 next_pid=0 next_prio=120
          <idle>-0     [001] dnh.  4779.033339: sched_wakeup: comm=kworker/u8:1 pid=1360 prio=120 target_cpu=001
          <idle>-0     [001] d...  4779.033350: sched_switch: prev_comm=swapper/1 prev_pid=0 prev_prio=120 prev_state=R ==> next_comm=kworker/u8:1 next_pid=1360 next_prio=120
            sshd-1426  [000] d...  4779.033366: sched_switch: prev_comm=sshd prev_pid=1426 prev_prio=120 prev_state=S ==> next_comm=swapper/0 next_pid=0 next_prio=120
    kworker/u8:1-1360  [001] d...  4779.033366: sched_wakeup: comm=bash pid=1429 prio=120 target_cpu=001
    kworker/u8:1-1360  [001] d...  4779.033378: sched_switch: prev_comm=kworker/u8:1 prev_pid=1360 prev_prio=120 prev_state=I ==> next_comm=bash next_pid=1429 next_prio=120
            bash-1429  [001] d...  4779.033461: sched_wakeup: comm=kworker/u8:1 pid=1360 prio=120 target_cpu=001
            bash-1429  [001] d...  4779.033486: sched_switch: prev_comm=bash prev_pid=1429 prev_prio=120 prev_state=S ==> next_comm=kworker/u8:1 next_pid=1360 next_prio=120
          <idle>-0     [000] dnh.  4779.033503: sched_wakeup: comm=sshd pid=1426 prio=120 target_cpu=000
          <idle>-0     [000] d...  4779.033519: sched_switch: prev_comm=swapper/0 prev_pid=0 prev_prio=120 prev_state=R ==> next_comm=sshd next_pid=1426 next_prio=120
    kworker/u8:1-1360  [001] d...  4779.033519: sched_switch: prev_comm=kworker/u8:1 prev_pid=1360 prev_prio=120 prev_state=I ==> next_comm=swapper/1 next_pid=0 next_prio=120
          <idle>-0     [001] dnh.  4779.033647: sched_wakeup: comm=kworker/u8:1 pid=1360 prio=120 target_cpu=001
          <idle>-0     [001] d...  4779.033659: sched_switch: prev_comm=swapper/1 prev_pid=0 prev_prio=120 prev_state=R ==> next_comm=kworker/u8:1 next_pid=1360 next_prio=120
            sshd-1426  [000] d...  4779.033675: sched_switch: prev_comm=sshd prev_pid=1426 prev_prio=120 prev_state=S ==> next_comm=swapper/0 next_pid=0 next_prio=120
    kworker/u8:1-1360  [001] d...  4779.033699: sched_switch: prev_comm=kworker/u8:1 prev_pid=1360 prev_prio=120 prev_state=D ==> next_comm=swapper/1 next_pid=0 next_prio=120
          <idle>-0     [001] dnh.  4779.033731: sched_wakeup: comm=kworker/u8:1 pid=1360 prio=120 target_cpu=001
          <idle>-0     [001] d...  4779.033741: sched_switch: prev_comm=swapper/1 prev_pid=0 prev_prio=120 prev_state=R ==> next_comm=kworker/u8:1 next_pid=1360 next_prio=120
    kworker/u8:1-1360  [001] d...  4779.033757: sched_switch: prev_comm=kworker/u8:1 prev_pid=1360 prev_prio=120 prev_state=I ==> next_comm=swapper/1 next_pid=0 next_prio=120
          <idle>-0     [000] dnh.  4779.040339: sched_wakeup: comm=rngd pid=362 prio=120 target_cpu=000
          <idle>-0     [000] d...  4779.040356: sched_switch: prev_comm=swapper/0 prev_pid=0 prev_prio=120 prev_state=R ==> next_comm=rngd next_pid=362 next_prio=120
            rngd-362   [000] d...  4779.040371: sched_switch: prev_comm=rngd prev_pid=362 prev_prio=120 prev_state=S ==> next_comm=swapper/0 next_pid=0 next_prio=120
          <idle>-0     [002] dnh.  4779.046695: sched_wakeup: comm=brcmf_wdog/mmc1 pid=239 prio=120 target_cpu=002
          <idle>-0     [002] d...  4779.046707: sched_switch: prev_comm=swapper/2 prev_pid=0 prev_prio=120 prev_state=R ==> next_comm=brcmf_wdog/mmc1 next_pid=239 next_prio=120
 brcmf_wdog/mmc1-239   [002] d...  4779.046717: sched_switch: prev_comm=brcmf_wdog/mmc1 prev_pid=239 prev_prio=120 prev_state=S ==> next_comm=swapper/2 next_pid=0 next_prio=120
          <idle>-0     [002] dnh.  4779.066692: sched_wakeup: comm=brcmf_wdog/mmc1 pid=239 prio=120 target_cpu=002
          <idle>-0     [002] dnh.  4779.066702: sched_wakeup: comm=kworker/2:2 pid=1413 prio=120 target_cpu=002
          <idle>-0     [002] d...  4779.066715: sched_switch: prev_comm=swapper/2 prev_pid=0 prev_prio=120 prev_state=R ==> next_comm=brcmf_wdog/mmc1 next_pid=239 next_prio=120
 brcmf_wdog/mmc1-239   [002] d...  4779.066735: sched_switch: prev_comm=brcmf_wdog/mmc1 prev_pid=239 prev_prio=120 prev_state=D ==> next_comm=kworker/2:2 next_pid=1413 next_prio=120
     kworker/2:2-1413  [002] d.h.  4779.066749: sched_wakeup: comm=brcmf_wdog/mmc1 pid=239 prio=120 target_cpu=002
     kworker/2:2-1413  [002] d...  4779.066760: sched_switch: prev_comm=kworker/2:2 prev_pid=1413 prev_prio=120 prev_state=I ==> next_comm=brcmf_wdog/mmc1 next_pid=239 next_prio=120
 brcmf_wdog/mmc1-239   [002] d...  4779.066789: sched_switch: prev_comm=brcmf_wdog/mmc1 prev_pid=239 prev_prio=120 prev_state=D ==> next_comm=swapper/2 next_pid=0 next_prio=120
          <idle>-0     [002] dnh.  4779.066807: sched_wakeup: comm=brcmf_wdog/mmc1 pid=239 prio=120 target_cpu=002
          <idle>-0     [002] d...  4779.066819: sched_switch: prev_comm=swapper/2 prev_pid=0 prev_prio=120 prev_state=R ==> next_comm=brcmf_wdog/mmc1 next_pid=239 next_prio=120
 brcmf_wdog/mmc1-239   [002] d...  4779.066834: sched_switch: prev_comm=brcmf_wdog/mmc1 prev_pid=239 prev_prio=120 prev_state=D ==> next_comm=swapper/2 next_pid=0 next_prio=120
          <idle>-0     [002] dnh.  4779.066850: sched_wakeup: comm=brcmf_wdog/mmc1 pid=239 prio=120 target_cpu=002
          <idle>-0     [002] d...  4779.066860: sched_switch: prev_comm=swapper/2 prev_pid=0 prev_prio=120 prev_state=R ==> next_comm=brcmf_wdog/mmc1 next_pid=239 next_prio=120
 brcmf_wdog/mmc1-239   [002] d...  4779.066871: sched_switch: prev_comm=brcmf_wdog/mmc1 prev_pid=239 prev_prio=120 prev_state=S ==> next_comm=swapper/2 next_pid=0 next_prio=120
          <idle>-0     [002] dnh.  4779.081911: sched_wakeup: comm=irq/86-mmc1 pid=80 prio=49 target_cpu=002
          <idle>-0     [002] d...  4779.081925: sched_switch: prev_comm=swapper/2 prev_pid=0 prev_prio=120 prev_state=R ==> next_comm=irq/86-mmc1 next_pid=80 next_prio=49
     irq/86-mmc1-80    [002] d...  4779.081944: sched_switch: prev_comm=irq/86-mmc1 prev_pid=80 prev_prio=49 prev_state=D ==> next_comm=swapper/2 next_pid=0 next_prio=120
          <idle>-0     [002] dnh.  4779.081961: sched_wakeup: comm=irq/86-mmc1 pid=80 prio=49 target_cpu=002
          <idle>-0     [002] d...  4779.081971: sched_switch: prev_comm=swapper/2 prev_pid=0 prev_prio=120 prev_state=R ==> next_comm=irq/86-mmc1 next_pid=80 next_prio=49
     irq/86-mmc1-80    [002] d...  4779.081995: sched_switch: prev_comm=irq/86-mmc1 prev_pid=80 prev_prio=49 prev_state=D ==> next_comm=swapper/2 next_pid=0 next_prio=120
          <idle>-0     [002] dnh.  4779.082011: sched_wakeup: comm=irq/86-mmc1 pid=80 prio=49 target_cpu=002
          <idle>-0     [002] d...  4779.082021: sched_switch: prev_comm=swapper/2 prev_pid=0 prev_prio=120 prev_state=R ==> next_comm=irq/86-mmc1 next_pid=80 next_prio=49
     irq/86-mmc1-80    [002] d...  4779.082044: sched_switch: prev_comm=irq/86-mmc1 prev_pid=80 prev_prio=49 prev_state=D ==> next_comm=swapper/2 next_pid=0 next_prio=120
          <idle>-0     [002] dnh.  4779.082060: sched_wakeup: comm=irq/86-mmc1 pid=80 prio=49 target_cpu=002
          <idle>-0     [002] d...  4779.082070: sched_switch: prev_comm=swapper/2 prev_pid=0 prev_prio=120 prev_state=R ==> next_comm=irq/86-mmc1 next_pid=80 next_prio=49
          <idle>-0     [001] dnh.  4779.082085: sched_wakeup: comm=kworker/u8:1 pid=1360 prio=120 target_cpu=001
     irq/86-mmc1-80    [002] d...  4779.082089: sched_switch: prev_comm=irq/86-mmc1 prev_pid=80 prev_prio=49 prev_state=S ==> next_comm=swapper/2 next_pid=0 next_prio=120
          <idle>-0     [001] d...  4779.082098: sched_switch: prev_comm=swapper/1 prev_pid=0 prev_prio=120 prev_state=R ==> next_comm=kworker/u8:1 next_pid=1360 next_prio=120
    kworker/u8:1-1360  [001] d...  4779.082119: sched_switch: prev_comm=kworker/u8:1 prev_pid=1360 prev_prio=120 prev_state=D ==> next_comm=swapper/1 next_pid=0 next_prio=120
          <idle>-0     [001] dnh.  4779.082137: sched_wakeup: comm=kworker/u8:1 pid=1360 prio=120 target_cpu=001
          <idle>-0     [001] d...  4779.082147: sched_switch: prev_comm=swapper/1 prev_pid=0 prev_prio=120 prev_state=R ==> next_comm=kworker/u8:1 next_pid=1360 next_prio=120
    kworker/u8:1-1360  [001] d...  4779.082159: sched_switch: prev_comm=kworker/u8:1 prev_pid=1360 prev_prio=120 prev_state=D ==> next_comm=swapper/1 next_pid=0 next_prio=120
          <idle>-0     [001] dnh.  4779.085161: sched_wakeup: comm=kworker/u8:1 pid=1360 prio=120 target_cpu=001
          <idle>-0     [001] d...  4779.085173: sched_switch: prev_comm=swapper/1 prev_pid=0 prev_prio=120 prev_state=R ==> next_comm=kworker/u8:1 next_pid=1360 next_prio=120
    kworker/u8:1-1360  [001] d...  4779.085189: sched_switch: prev_comm=kworker/u8:1 prev_pid=1360 prev_prio=120 prev_state=D ==> next_comm=swapper/1 next_pid=0 next_prio=120
          <idle>-0     [001] dnh.  4779.085206: sched_wakeup: comm=kworker/u8:1 pid=1360 prio=120 target_cpu=001
          <idle>-0     [001] d...  4779.085217: sched_switch: prev_comm=swapper/1 prev_pid=0 prev_prio=120 prev_state=R ==> next_comm=kworker/u8:1 next_pid=1360 next_prio=120
    kworker/u8:1-1360  [001] d...  4779.085249: sched_switch: prev_comm=kworker/u8:1 prev_pid=1360 prev_prio=120 prev_state=D ==> next_comm=swapper/1 next_pid=0 next_prio=120
          <idle>-0     [001] dnh.  4779.085266: sched_wakeup: comm=kworker/u8:1 pid=1360 prio=120 target_cpu=001
          <idle>-0     [001] d...  4779.085277: sched_switch: prev_comm=swapper/1 prev_pid=0 prev_prio=120 prev_state=R ==> next_comm=kworker/u8:1 next_pid=1360 next_prio=120
    kworker/u8:1-1360  [001] d...  4779.085304: sched_switch: prev_comm=kworker/u8:1 prev_pid=1360 prev_prio=120 prev_state=D ==> next_comm=swapper/1 next_pid=0 next_prio=120
          <idle>-0     [001] dnh.  4779.085323: sched_wakeup: comm=kworker/u8:1 pid=1360 prio=120 target_cpu=001
          <idle>-0     [001] d...  4779.085333: sched_switch: prev_comm=swapper/1 prev_pid=0 prev_prio=120 prev_state=R ==> next_comm=kworker/u8:1 next_pid=1360 next_prio=120
    kworker/u8:1-1360  [001] d...  4779.085399: sched_switch: prev_comm=kworker/u8:1 prev_pid=1360 prev_prio=120 prev_state=D ==> next_comm=swapper/1 next_pid=0 next_prio=120
          <idle>-0     [001] dnh.  4779.085418: sched_wakeup: comm=kworker/u8:1 pid=1360 prio=120 target_cpu=001
          <idle>-0     [001] d...  4779.085430: sched_switch: prev_comm=swapper/1 prev_pid=0 prev_prio=120 prev_state=R ==> next_comm=kworker/u8:1 next_pid=1360 next_prio=120
    kworker/u8:1-1360  [001] d...  4779.085444: sched_switch: prev_comm=kworker/u8:1 prev_pid=1360 prev_prio=120 prev_state=I ==> next_comm=swapper/1 next_pid=0 next_prio=120
          <idle>-0     [002] dnh.  4779.096700: sched_wakeup: comm=brcmf_wdog/mmc1 pid=239 prio=120 target_cpu=002
          <idle>-0     [002] d...  4779.096713: sched_switch: prev_comm=swapper/2 prev_pid=0 prev_prio=120 prev_state=R ==> next_comm=brcmf_wdog/mmc1 next_pid=239 next_prio=120
 brcmf_wdog/mmc1-239   [002] d...  4779.096722: sched_switch: prev_comm=brcmf_wdog/mmc1 prev_pid=239 prev_prio=120 prev_state=S ==> next_comm=swapper/2 next_pid=0 next_prio=120
          <idle>-0     [000] dnh.  4779.106508: sched_wakeup: comm=lxpanel pid=648 prio=120 target_cpu=000
          <idle>-0     [000] d...  4779.106526: sched_switch: prev_comm=swapper/0 prev_pid=0 prev_prio=120 prev_state=R ==> next_comm=lxpanel next_pid=648 next_prio=120
         lxpanel-648   [000] d...  4779.106633: sched_switch: prev_comm=lxpanel prev_pid=648 prev_prio=120 prev_state=S ==> next_comm=swapper/0 next_pid=0 next_prio=120
          <idle>-0     [002] dnh.  4779.116697: sched_wakeup: comm=brcmf_wdog/mmc1 pid=239 prio=120 target_cpu=002
          <idle>-0     [002] d...  4779.116709: sched_switch: prev_comm=swapper/2 prev_pid=0 prev_prio=120 prev_state=R ==> next_comm=brcmf_wdog/mmc1 next_pid=239 next_prio=120
 brcmf_wdog/mmc1-239   [002] d...  4779.116740: sched_switch: prev_comm=brcmf_wdog/mmc1 prev_pid=239 prev_prio=120 prev_state=D ==> next_comm=swapper/2 next_pid=0 next_prio=120
          <idle>-0     [002] dnh.  4779.116757: sched_wakeup: comm=brcmf_wdog/mmc1 pid=239 prio=120 target_cpu=002
          <idle>-0     [002] d...  4779.116768: sched_switch: prev_comm=swapper/2 prev_pid=0 prev_prio=120 prev_state=R ==> next_comm=brcmf_wdog/mmc1 next_pid=239 next_prio=120
 brcmf_wdog/mmc1-239   [002] d...  4779.116783: sched_switch: prev_comm=brcmf_wdog/mmc1 prev_pid=239 prev_prio=120 prev_state=D ==> next_comm=swapper/2 next_pid=0 next_prio=120
          <idle>-0     [002] dnh.  4779.116798: sched_wakeup: comm=brcmf_wdog/mmc1 pid=239 prio=120 target_cpu=002
          <idle>-0     [002] d...  4779.116809: sched_switch: prev_comm=swapper/2 prev_pid=0 prev_prio=120 prev_state=R ==> next_comm=brcmf_wdog/mmc1 next_pid=239 next_prio=120
 brcmf_wdog/mmc1-239   [002] d...  4779.116823: sched_switch: prev_comm=brcmf_wdog/mmc1 prev_pid=239 prev_prio=120 prev_state=D ==> next_comm=swapper/2 next_pid=0 next_prio=120
          <idle>-0     [002] dnh.  4779.116839: sched_wakeup: comm=brcmf_wdog/mmc1 pid=239 prio=120 target_cpu=002
          <idle>-0     [002] d...  4779.116849: sched_switch: prev_comm=swapper/2 prev_pid=0 prev_prio=120 prev_state=R ==> next_comm=brcmf_wdog/mmc1 next_pid=239 next_prio=120
 brcmf_wdog/mmc1-239   [002] d...  4779.116861: sched_switch: prev_comm=brcmf_wdog/mmc1 prev_pid=239 prev_prio=120 prev_state=S ==> next_comm=swapper/2 next_pid=0 next_prio=120
          <idle>-0     [002] dnH.  4779.206717: sched_wakeup: comm=kworker/2:2 pid=1413 prio=120 target_cpu=002
          <idle>-0     [002] d...  4779.206738: sched_switch: prev_comm=swapper/2 prev_pid=0 prev_prio=120 prev_state=R ==> next_comm=kworker/2:2 next_pid=1413 next_prio=120
     kworker/2:2-1413  [002] d...  4779.206767: sched_switch: prev_comm=kworker/2:2 prev_pid=1413 prev_prio=120 prev_state=I ==> next_comm=swapper/2 next_pid=0 next_prio=120
          <idle>-0     [000] dnh.  4779.224333: sched_wakeup: comm=rngd pid=362 prio=120 target_cpu=000
          <idle>-0     [000] d...  4779.224351: sched_switch: prev_comm=swapper/0 prev_pid=0 prev_prio=120 prev_state=R ==> next_comm=rngd next_pid=362 next_prio=120
            rngd-362   [000] d...  4779.224366: sched_switch: prev_comm=rngd prev_pid=362 prev_prio=120 prev_state=S ==> next_comm=swapper/0 next_pid=0 next_prio=120
          <idle>-0     [000] dnH.  4779.306731: sched_wakeup: comm=kworker/0:1 pid=31 prio=120 target_cpu=000
          <idle>-0     [000] d...  4779.306751: sched_switch: prev_comm=swapper/0 prev_pid=0 prev_prio=120 prev_state=R ==> next_comm=kworker/0:1 next_pid=31 next_prio=120
     kworker/0:1-31    [000] d...  4779.306778: sched_switch: prev_comm=kworker/0:1 prev_pid=31 prev_prio=120 prev_state=I ==> next_comm=swapper/0 next_pid=0 next_prio=120
          <idle>-0     [001] dns.  4779.316717: sched_wakeup: comm=kworker/1:2 pid=1411 prio=120 target_cpu=001
          <idle>-0     [001] d...  4779.316741: sched_switch: prev_comm=swapper/1 prev_pid=0 prev_prio=120 prev_state=R ==> next_comm=kworker/1:2 next_pid=1411 next_prio=120
     kworker/1:2-1411  [001] d.h.  4779.316775: sched_wakeup: comm=kworker/1:2 pid=1411 prio=120 target_cpu=001
     kworker/1:2-1411  [001] d...  4779.316791: sched_switch: prev_comm=kworker/1:2 prev_pid=1411 prev_prio=120 prev_state=D ==> next_comm=swapper/1 next_pid=0 next_prio=120
          <idle>-0     [001] dnh.  4779.316812: sched_wakeup: comm=kworker/1:2 pid=1411 prio=120 target_cpu=001
          <idle>-0     [001] d...  4779.316822: sched_switch: prev_comm=swapper/1 prev_pid=0 prev_prio=120 prev_state=R ==> next_comm=kworker/1:2 next_pid=1411 next_prio=120
     kworker/1:2-1411  [001] d...  4779.316842: sched_switch: prev_comm=kworker/1:2 prev_pid=1411 prev_prio=120 prev_state=I ==> next_comm=swapper/1 next_pid=0 next_prio=120
          <idle>-0     [002] dnh.  4779.357671: sched_wakeup: comm=irq/86-mmc1 pid=80 prio=49 target_cpu=002
          <idle>-0     [002] d...  4779.357683: sched_switch: prev_comm=swapper/2 prev_pid=0 prev_prio=120 prev_state=R ==> next_comm=irq/86-mmc1 next_pid=80 next_prio=49
     irq/86-mmc1-80    [002] d...  4779.357715: sched_switch: prev_comm=irq/86-mmc1 prev_pid=80 prev_prio=49 prev_state=D ==> next_comm=swapper/2 next_pid=0 next_prio=120
          <idle>-0     [002] dnh.  4779.357724: sched_wakeup: comm=irq/86-mmc1 pid=80 prio=49 target_cpu=002
          <idle>-0     [002] d...  4779.357729: sched_switch: prev_comm=swapper/2 prev_pid=0 prev_prio=120 prev_state=R ==> next_comm=irq/86-mmc1 next_pid=80 next_prio=49
     irq/86-mmc1-80    [002] d...  4779.357754: sched_switch: prev_comm=irq/86-mmc1 prev_pid=80 prev_prio=49 prev_state=D ==> next_comm=swapper/2 next_pid=0 next_prio=120
          <idle>-0     [002] dnh.  4779.357770: sched_wakeup: comm=irq/86-mmc1 pid=80 prio=49 target_cpu=002
          <idle>-0     [002] d...  4779.357781: sched_switch: prev_comm=swapper/2 prev_pid=0 prev_prio=120 prev_state=R ==> next_comm=irq/86-mmc1 next_pid=80 next_prio=49
     irq/86-mmc1-80    [002] d...  4779.357804: sched_switch: prev_comm=irq/86-mmc1 prev_pid=80 prev_prio=49 prev_state=D ==> next_comm=swapper/2 next_pid=0 next_prio=120
          <idle>-0     [002] dnh.  4779.357820: sched_wakeup: comm=irq/86-mmc1 pid=80 prio=49 target_cpu=002
          <idle>-0     [002] d...  4779.357831: sched_switch: prev_comm=swapper/2 prev_pid=0 prev_prio=120 prev_state=R ==> next_comm=irq/86-mmc1 next_pid=80 next_prio=49
          <idle>-0     [001] dnh.  4779.357844: sched_wakeup: comm=kworker/u8:1 pid=1360 prio=120 target_cpu=001
     irq/86-mmc1-80    [002] d...  4779.357850: sched_switch: prev_comm=irq/86-mmc1 prev_pid=80 prev_prio=49 prev_state=S ==> next_comm=swapper/2 next_pid=0 next_prio=120
          <idle>-0     [001] d...  4779.357856: sched_switch: prev_comm=swapper/1 prev_pid=0 prev_prio=120 prev_state=R ==> next_comm=kworker/u8:1 next_pid=1360 next_prio=120
    kworker/u8:1-1360  [001] d...  4779.357876: sched_switch: prev_comm=kworker/u8:1 prev_pid=1360 prev_prio=120 prev_state=D ==> next_comm=swapper/1 next_pid=0 next_prio=120
          <idle>-0     [001] dnh.  4779.357893: sched_wakeup: comm=kworker/u8:1 pid=1360 prio=120 target_cpu=001
          <idle>-0     [001] d...  4779.357904: sched_switch: prev_comm=swapper/1 prev_pid=0 prev_prio=120 prev_state=R ==> next_comm=kworker/u8:1 next_pid=1360 next_prio=120
    kworker/u8:1-1360  [001] d...  4779.357915: sched_switch: prev_comm=kworker/u8:1 prev_pid=1360 prev_prio=120 prev_state=D ==> next_comm=swapper/1 next_pid=0 next_prio=120
          <idle>-0     [001] dnh.  4779.360918: sched_wakeup: comm=kworker/u8:1 pid=1360 prio=120 target_cpu=001
          <idle>-0     [001] d...  4779.360930: sched_switch: prev_comm=swapper/1 prev_pid=0 prev_prio=120 prev_state=R ==> next_comm=kworker/u8:1 next_pid=1360 next_prio=120
    kworker/u8:1-1360  [001] d...  4779.360946: sched_switch: prev_comm=kworker/u8:1 prev_pid=1360 prev_prio=120 prev_state=D ==> next_comm=swapper/1 next_pid=0 next_prio=120
          <idle>-0     [001] dnh.  4779.360963: sched_wakeup: comm=kworker/u8:1 pid=1360 prio=120 target_cpu=001
          <idle>-0     [001] d...  4779.360973: sched_switch: prev_comm=swapper/1 prev_pid=0 prev_prio=120 prev_state=R ==> next_comm=kworker/u8:1 next_pid=1360 next_prio=120
    kworker/u8:1-1360  [001] d...  4779.361007: sched_switch: prev_comm=kworker/u8:1 prev_pid=1360 prev_prio=120 prev_state=D ==> next_comm=swapper/1 next_pid=0 next_prio=120
          <idle>-0     [001] dnh.  4779.361024: sched_wakeup: comm=kworker/u8:1 pid=1360 prio=120 target_cpu=001
          <idle>-0     [001] d...  4779.361035: sched_switch: prev_comm=swapper/1 prev_pid=0 prev_prio=120 prev_state=R ==> next_comm=kworker/u8:1 next_pid=1360 next_prio=120
    kworker/u8:1-1360  [001] d...  4779.361064: sched_switch: prev_comm=kworker/u8:1 prev_pid=1360 prev_prio=120 prev_state=D ==> next_comm=swapper/1 next_pid=0 next_prio=120
          <idle>-0     [001] dnh.  4779.361081: sched_wakeup: comm=kworker/u8:1 pid=1360 prio=120 target_cpu=001
          <idle>-0     [001] d...  4779.361091: sched_switch: prev_comm=swapper/1 prev_pid=0 prev_prio=120 prev_state=R ==> next_comm=kworker/u8:1 next_pid=1360 next_prio=120
          <idle>-0     [000] dnh.  4779.361131: sched_wakeup: comm=sshd pid=1426 prio=120 target_cpu=000
          <idle>-0     [000] d...  4779.361144: sched_switch: prev_comm=swapper/0 prev_pid=0 prev_prio=120 prev_state=R ==> next_comm=sshd next_pid=1426 next_prio=120
    kworker/u8:1-1360  [001] d...  4779.361154: sched_switch: prev_comm=kworker/u8:1 prev_pid=1360 prev_prio=120 prev_state=D ==> next_comm=swapper/1 next_pid=0 next_prio=120
          <idle>-0     [001] dnh.  4779.361172: sched_wakeup: comm=kworker/u8:1 pid=1360 prio=120 target_cpu=001
          <idle>-0     [001] d...  4779.361183: sched_switch: prev_comm=swapper/1 prev_pid=0 prev_prio=120 prev_state=R ==> next_comm=kworker/u8:1 next_pid=1360 next_prio=120
    kworker/u8:1-1360  [001] d...  4779.361200: sched_switch: prev_comm=kworker/u8:1 prev_pid=1360 prev_prio=120 prev_state=I ==> next_comm=swapper/1 next_pid=0 next_prio=120
          <idle>-0     [001] dnh.  4779.361283: sched_wakeup: comm=kworker/u8:1 pid=1360 prio=120 target_cpu=001
          <idle>-0     [001] d...  4779.361293: sched_switch: prev_comm=swapper/1 prev_pid=0 prev_prio=120 prev_state=R ==> next_comm=kworker/u8:1 next_pid=1360 next_prio=120
    kworker/u8:1-1360  [001] d...  4779.361311: sched_wakeup: comm=bash pid=1429 prio=120 target_cpu=001
    kworker/u8:1-1360  [001] d...  4779.361322: sched_switch: prev_comm=kworker/u8:1 prev_pid=1360 prev_prio=120 prev_state=I ==> next_comm=bash next_pid=1429 next_prio=120
            sshd-1426  [000] d...  4779.361327: sched_switch: prev_comm=sshd prev_pid=1426 prev_prio=120 prev_state=S ==> next_comm=swapper/0 next_pid=0 next_prio=120
            bash-1429  [001] d...  4779.361414: sched_wakeup: comm=kworker/u8:1 pid=1360 prio=120 target_cpu=001
            bash-1429  [001] d...  4779.361441: sched_switch: prev_comm=bash prev_pid=1429 prev_prio=120 prev_state=S ==> next_comm=kworker/u8:1 next_pid=1360 next_prio=120
          <idle>-0     [000] dnh.  4779.361458: sched_wakeup: comm=sshd pid=1426 prio=120 target_cpu=000
    kworker/u8:1-1360  [001] d...  4779.361466: sched_switch: prev_comm=kworker/u8:1 prev_pid=1360 prev_prio=120 prev_state=I ==> next_comm=swapper/1 next_pid=0 next_prio=120
          <idle>-0     [000] d...  4779.361470: sched_switch: prev_comm=swapper/0 prev_pid=0 prev_prio=120 prev_state=R ==> next_comm=sshd next_pid=1426 next_prio=120
          <idle>-0     [001] dnh.  4779.361605: sched_wakeup: comm=kworker/u8:1 pid=1360 prio=120 target_cpu=001
          <idle>-0     [001] d...  4779.361617: sched_switch: prev_comm=swapper/1 prev_pid=0 prev_prio=120 prev_state=R ==> next_comm=kworker/u8:1 next_pid=1360 next_prio=120
            sshd-1426  [000] d...  4779.361636: sched_switch: prev_comm=sshd prev_pid=1426 prev_prio=120 prev_state=S ==> next_comm=swapper/0 next_pid=0 next_prio=120
    kworker/u8:1-1360  [001] d...  4779.361656: sched_switch: prev_comm=kworker/u8:1 prev_pid=1360 prev_prio=120 prev_state=D ==> next_comm=swapper/1 next_pid=0 next_prio=120
          <idle>-0     [001] dnh.  4779.361689: sched_wakeup: comm=kworker/u8:1 pid=1360 prio=120 target_cpu=001
          <idle>-0     [001] d...  4779.361700: sched_switch: prev_comm=swapper/1 prev_pid=0 prev_prio=120 prev_state=R ==> next_comm=kworker/u8:1 next_pid=1360 next_prio=120
    kworker/u8:1-1360  [001] d...  4779.361716: sched_switch: prev_comm=kworker/u8:1 prev_pid=1360 prev_prio=120 prev_state=I ==> next_comm=swapper/1 next_pid=0 next_prio=120
          <idle>-0     [002] dnh.  4779.376730: sched_wakeup: comm=brcmf_wdog/mmc1 pid=239 prio=120 target_cpu=002
          <idle>-0     [002] d...  4779.376743: sched_switch: prev_comm=swapper/2 prev_pid=0 prev_prio=120 prev_state=R ==> next_comm=brcmf_wdog/mmc1 next_pid=239 next_prio=120
 brcmf_wdog/mmc1-239   [002] d...  4779.376752: sched_switch: prev_comm=brcmf_wdog/mmc1 prev_pid=239 prev_prio=120 prev_state=S ==> next_comm=swapper/2 next_pid=0 next_prio=120
          <idle>-0     [002] dnh.  4779.396724: sched_wakeup: comm=brcmf_wdog/mmc1 pid=239 prio=120 target_cpu=002
          <idle>-0     [002] d...  4779.396736: sched_switch: prev_comm=swapper/2 prev_pid=0 prev_prio=120 prev_state=R ==> next_comm=brcmf_wdog/mmc1 next_pid=239 next_prio=120
 brcmf_wdog/mmc1-239   [002] d...  4779.396767: sched_switch: prev_comm=brcmf_wdog/mmc1 prev_pid=239 prev_prio=120 prev_state=D ==> next_comm=swapper/2 next_pid=0 next_prio=120
          <idle>-0     [002] dnh.  4779.396784: sched_wakeup: comm=brcmf_wdog/mmc1 pid=239 prio=120 target_cpu=002
          <idle>-0     [002] d...  4779.396794: sched_switch: prev_comm=swapper/2 prev_pid=0 prev_prio=120 prev_state=R ==> next_comm=brcmf_wdog/mmc1 next_pid=239 next_prio=120
 brcmf_wdog/mmc1-239   [002] d...  4779.396810: sched_switch: prev_comm=brcmf_wdog/mmc1 prev_pid=239 prev_prio=120 prev_state=D ==> next_comm=swapper/2 next_pid=0 next_prio=120
          <idle>-0     [002] dnh.  4779.396826: sched_wakeup: comm=brcmf_wdog/mmc1 pid=239 prio=120 target_cpu=002
          <idle>-0     [002] d...  4779.396836: sched_switch: prev_comm=swapper/2 prev_pid=0 prev_prio=120 prev_state=R ==> next_comm=brcmf_wdog/mmc1 next_pid=239 next_prio=120
 brcmf_wdog/mmc1-239   [002] d...  4779.396852: sched_switch: prev_comm=brcmf_wdog/mmc1 prev_pid=239 prev_prio=120 prev_state=D ==> next_comm=swapper/2 next_pid=0 next_prio=120
          <idle>-0     [002] dnh.  4779.396868: sched_wakeup: comm=brcmf_wdog/mmc1 pid=239 prio=120 target_cpu=002
          <idle>-0     [002] d...  4779.396878: sched_switch: prev_comm=swapper/2 prev_pid=0 prev_prio=120 prev_state=R ==> next_comm=brcmf_wdog/mmc1 next_pid=239 next_prio=120
 brcmf_wdog/mmc1-239   [002] d...  4779.396889: sched_switch: prev_comm=brcmf_wdog/mmc1 prev_pid=239 prev_prio=120 prev_state=S ==> next_comm=swapper/2 next_pid=0 next_prio=120
          <idle>-0     [001] dnH.  4779.406733: sched_wakeup: comm=kworker/1:2 pid=1411 prio=120 target_cpu=001
          <idle>-0     [001] d...  4779.406752: sched_switch: prev_comm=swapper/1 prev_pid=0 prev_prio=120 prev_state=R ==> next_comm=kworker/1:2 next_pid=1411 next_prio=120
     kworker/1:2-1411  [001] d...  4779.406769: sched_switch: prev_comm=kworker/1:2 prev_pid=1411 prev_prio=120 prev_state=I ==> next_comm=swapper/1 next_pid=0 next_prio=120
          <idle>-0     [000] dnh.  4779.408331: sched_wakeup: comm=rngd pid=362 prio=120 target_cpu=000
          <idle>-0     [000] d...  4779.408347: sched_switch: prev_comm=swapper/0 prev_pid=0 prev_prio=120 prev_state=R ==> next_comm=rngd next_pid=362 next_prio=120
            rngd-362   [000] d...  4779.408363: sched_switch: prev_comm=rngd prev_pid=362 prev_prio=120 prev_state=S ==> next_comm=swapper/0 next_pid=0 next_prio=120
          <idle>-0     [002] dnh.  4779.409533: sched_wakeup: comm=irq/86-mmc1 pid=80 prio=49 target_cpu=002
          <idle>-0     [002] d...  4779.409545: sched_switch: prev_comm=swapper/2 prev_pid=0 prev_prio=120 prev_state=R ==> next_comm=irq/86-mmc1 next_pid=80 next_prio=49
     irq/86-mmc1-80    [002] d...  4779.409564: sched_switch: prev_comm=irq/86-mmc1 prev_pid=80 prev_prio=49 prev_state=D ==> next_comm=swapper/2 next_pid=0 next_prio=120
          <idle>-0     [002] dnh.  4779.409580: sched_wakeup: comm=irq/86-mmc1 pid=80 prio=49 target_cpu=002
          <idle>-0     [002] d...  4779.409591: sched_switch: prev_comm=swapper/2 prev_pid=0 prev_prio=120 prev_state=R ==> next_comm=irq/86-mmc1 next_pid=80 next_prio=49
     irq/86-mmc1-80    [002] d...  4779.409614: sched_switch: prev_comm=irq/86-mmc1 prev_pid=80 prev_prio=49 prev_state=D ==> next_comm=swapper/2 next_pid=0 next_prio=120
          <idle>-0     [002] dnh.  4779.409630: sched_wakeup: comm=irq/86-mmc1 pid=80 prio=49 target_cpu=002
          <idle>-0     [002] d...  4779.409641: sched_switch: prev_comm=swapper/2 prev_pid=0 prev_prio=120 prev_state=R ==> next_comm=irq/86-mmc1 next_pid=80 next_prio=49
     irq/86-mmc1-80    [002] d...  4779.409664: sched_switch: prev_comm=irq/86-mmc1 prev_pid=80 prev_prio=49 prev_state=D ==> next_comm=swapper/2 next_pid=0 next_prio=120
          <idle>-0     [002] dnh.  4779.409679: sched_wakeup: comm=irq/86-mmc1 pid=80 prio=49 target_cpu=002
          <idle>-0     [002] d...  4779.409689: sched_switch: prev_comm=swapper/2 prev_pid=0 prev_prio=120 prev_state=R ==> next_comm=irq/86-mmc1 next_pid=80 next_prio=49
          <idle>-0     [001] dnh.  4779.409704: sched_wakeup: comm=kworker/u8:1 pid=1360 prio=120 target_cpu=001
     irq/86-mmc1-80    [002] d...  4779.409708: sched_switch: prev_comm=irq/86-mmc1 prev_pid=80 prev_prio=49 prev_state=S ==> next_comm=swapper/2 next_pid=0 next_prio=120
          <idle>-0     [001] d...  4779.409715: sched_switch: prev_comm=swapper/1 prev_pid=0 prev_prio=120 prev_state=R ==> next_comm=kworker/u8:1 next_pid=1360 next_prio=120
    kworker/u8:1-1360  [001] d...  4779.409736: sched_switch: prev_comm=kworker/u8:1 prev_pid=1360 prev_prio=120 prev_state=D ==> next_comm=swapper/1 next_pid=0 next_prio=120
          <idle>-0     [001] dnh.  4779.409753: sched_wakeup: comm=kworker/u8:1 pid=1360 prio=120 target_cpu=001
          <idle>-0     [001] d...  4779.409764: sched_switch: prev_comm=swapper/1 prev_pid=0 prev_prio=120 prev_state=R ==> next_comm=kworker/u8:1 next_pid=1360 next_prio=120
    kworker/u8:1-1360  [001] d...  4779.409775: sched_switch: prev_comm=kworker/u8:1 prev_pid=1360 prev_prio=120 prev_state=D ==> next_comm=swapper/1 next_pid=0 next_prio=120
          <idle>-0     [001] dnh.  4779.412778: sched_wakeup: comm=kworker/u8:1 pid=1360 prio=120 target_cpu=001
          <idle>-0     [001] d...  4779.412790: sched_switch: prev_comm=swapper/1 prev_pid=0 prev_prio=120 prev_state=R ==> next_comm=kworker/u8:1 next_pid=1360 next_prio=120
    kworker/u8:1-1360  [001] d...  4779.412805: sched_switch: prev_comm=kworker/u8:1 prev_pid=1360 prev_prio=120 prev_state=D ==> next_comm=swapper/1 next_pid=0 next_prio=120
          <idle>-0     [001] dnh.  4779.412823: sched_wakeup: comm=kworker/u8:1 pid=1360 prio=120 target_cpu=001
          <idle>-0     [001] d...  4779.412834: sched_switch: prev_comm=swapper/1 prev_pid=0 prev_prio=120 prev_state=R ==> next_comm=kworker/u8:1 next_pid=1360 next_prio=120
    kworker/u8:1-1360  [001] d...  4779.412866: sched_switch: prev_comm=kworker/u8:1 prev_pid=1360 prev_prio=120 prev_state=D ==> next_comm=swapper/1 next_pid=0 next_prio=120
          <idle>-0     [001] dnh.  4779.412883: sched_wakeup: comm=kworker/u8:1 pid=1360 prio=120 target_cpu=001
          <idle>-0     [001] d...  4779.412894: sched_switch: prev_comm=swapper/1 prev_pid=0 prev_prio=120 prev_state=R ==> next_comm=kworker/u8:1 next_pid=1360 next_prio=120
    kworker/u8:1-1360  [001] d...  4779.412921: sched_switch: prev_comm=kworker/u8:1 prev_pid=1360 prev_prio=120 prev_state=D ==> next_comm=swapper/1 next_pid=0 next_prio=120
          <idle>-0     [001] dnh.  4779.412939: sched_wakeup: comm=kworker/u8:1 pid=1360 prio=120 target_cpu=001
          <idle>-0     [001] d...  4779.412950: sched_switch: prev_comm=swapper/1 prev_pid=0 prev_prio=120 prev_state=R ==> next_comm=kworker/u8:1 next_pid=1360 next_prio=120
    kworker/u8:1-1360  [001] d...  4779.413017: sched_switch: prev_comm=kworker/u8:1 prev_pid=1360 prev_prio=120 prev_state=D ==> next_comm=swapper/1 next_pid=0 next_prio=120
          <idle>-0     [001] dnh.  4779.413035: sched_wakeup: comm=kworker/u8:1 pid=1360 prio=120 target_cpu=001
          <idle>-0     [001] d...  4779.413047: sched_switch: prev_comm=swapper/1 prev_pid=0 prev_prio=120 prev_state=R ==> next_comm=kworker/u8:1 next_pid=1360 next_prio=120
    kworker/u8:1-1360  [001] d...  4779.413062: sched_switch: prev_comm=kworker/u8:1 prev_pid=1360 prev_prio=120 prev_state=I ==> next_comm=swapper/1 next_pid=0 next_prio=120
          <idle>-0     [002] dnh.  4779.426729: sched_wakeup: comm=brcmf_wdog/mmc1 pid=239 prio=120 target_cpu=002
          <idle>-0     [002] d...  4779.426742: sched_switch: prev_comm=swapper/2 prev_pid=0 prev_prio=120 prev_state=R ==> next_comm=brcmf_wdog/mmc1 next_pid=239 next_prio=120
 brcmf_wdog/mmc1-239   [002] d...  4779.426752: sched_switch: prev_comm=brcmf_wdog/mmc1 prev_pid=239 prev_prio=120 prev_state=S ==> next_comm=swapper/2 next_pid=0 next_prio=120
          <idle>-0     [002] dnh.  4779.446728: sched_wakeup: comm=brcmf_wdog/mmc1 pid=239 prio=120 target_cpu=002
          <idle>-0     [002] d...  4779.446740: sched_switch: prev_comm=swapper/2 prev_pid=0 prev_prio=120 prev_state=R ==> next_comm=brcmf_wdog/mmc1 next_pid=239 next_prio=120
 brcmf_wdog/mmc1-239   [002] d...  4779.446771: sched_switch: prev_comm=brcmf_wdog/mmc1 prev_pid=239 prev_prio=120 prev_state=D ==> next_comm=swapper/2 next_pid=0 next_prio=120
          <idle>-0     [002] dnh.  4779.446784: sched_wakeup: comm=brcmf_wdog/mmc1 pid=239 prio=120 target_cpu=002
          <idle>-0     [002] d...  4779.446791: sched_switch: prev_comm=swapper/2 prev_pid=0 prev_prio=120 prev_state=R ==> next_comm=brcmf_wdog/mmc1 next_pid=239 next_prio=120
 brcmf_wdog/mmc1-239   [002] d...  4779.446805: sched_switch: prev_comm=brcmf_wdog/mmc1 prev_pid=239 prev_prio=120 prev_state=D ==> next_comm=swapper/2 next_pid=0 next_prio=120
          <idle>-0     [002] dnh.  4779.446818: sched_wakeup: comm=brcmf_wdog/mmc1 pid=239 prio=120 target_cpu=002
          <idle>-0     [002] d...  4779.446824: sched_switch: prev_comm=swapper/2 prev_pid=0 prev_prio=120 prev_state=R ==> next_comm=brcmf_wdog/mmc1 next_pid=239 next_prio=120
 brcmf_wdog/mmc1-239   [002] d...  4779.446838: sched_switch: prev_comm=brcmf_wdog/mmc1 prev_pid=239 prev_prio=120 prev_state=D ==> next_comm=swapper/2 next_pid=0 next_prio=120
          <idle>-0     [002] dnh.  4779.446850: sched_wakeup: comm=brcmf_wdog/mmc1 pid=239 prio=120 target_cpu=002
          <idle>-0     [002] d...  4779.446857: sched_switch: prev_comm=swapper/2 prev_pid=0 prev_prio=120 prev_state=R ==> next_comm=brcmf_wdog/mmc1 next_pid=239 next_prio=120
 brcmf_wdog/mmc1-239   [002] d...  4779.446867: sched_switch: prev_comm=brcmf_wdog/mmc1 prev_pid=239 prev_prio=120 prev_state=S ==> next_comm=swapper/2 next_pid=0 next_prio=120
          <idle>-0     [000] dnh.  4779.480360: sched_wakeup: comm=vncserver-x11-c pid=470 prio=120 target_cpu=000
          <idle>-0     [000] d...  4779.480377: sched_switch: prev_comm=swapper/0 prev_pid=0 prev_prio=120 prev_state=R ==> next_comm=vncserver-x11-c next_pid=470 next_prio=120
 vncserver-x11-c-470   [000] d...  4779.480470: sched_switch: prev_comm=vncserver-x11-c prev_pid=470 prev_prio=120 prev_state=S ==> next_comm=swapper/0 next_pid=0 next_prio=120
          <idle>-0     [002] dnh.  4779.578323: sched_wakeup: comm=irq/86-mmc1 pid=80 prio=49 target_cpu=002
          <idle>-0     [002] dnh.  4779.578335: sched_wakeup: comm=kworker/2:2 pid=1413 prio=120 target_cpu=002
          <idle>-0     [002] d...  4779.578349: sched_switch: prev_comm=swapper/2 prev_pid=0 prev_prio=120 prev_state=R ==> next_comm=irq/86-mmc1 next_pid=80 next_prio=49
     irq/86-mmc1-80    [002] d...  4779.578369: sched_switch: prev_comm=irq/86-mmc1 prev_pid=80 prev_prio=49 prev_state=D ==> next_comm=kworker/2:2 next_pid=1413 next_prio=120
     kworker/2:2-1413  [002] dnh.  4779.578378: sched_wakeup: comm=irq/86-mmc1 pid=80 prio=49 target_cpu=002
     kworker/2:2-1413  [002] d...  4779.578385: sched_switch: prev_comm=kworker/2:2 prev_pid=1413 prev_prio=120 prev_state=R+ ==> next_comm=irq/86-mmc1 next_pid=80 next_prio=49
     irq/86-mmc1-80    [002] d...  4779.578410: sched_switch: prev_comm=irq/86-mmc1 prev_pid=80 prev_prio=49 prev_state=D ==> next_comm=kworker/2:2 next_pid=1413 next_prio=120
     kworker/2:2-1413  [002] dnh.  4779.578422: sched_wakeup: comm=irq/86-mmc1 pid=80 prio=49 target_cpu=002
     kworker/2:2-1413  [002] d...  4779.578430: sched_switch: prev_comm=kworker/2:2 prev_pid=1413 prev_prio=120 prev_state=R+ ==> next_comm=irq/86-mmc1 next_pid=80 next_prio=49
     irq/86-mmc1-80    [002] d...  4779.578454: sched_switch: prev_comm=irq/86-mmc1 prev_pid=80 prev_prio=49 prev_state=D ==> next_comm=kworker/2:2 next_pid=1413 next_prio=120
     kworker/2:2-1413  [002] d...  4779.578479: sched_switch: prev_comm=kworker/2:2 prev_pid=1413 prev_prio=120 prev_state=I ==> next_comm=swapper/2 next_pid=0 next_prio=120
          <idle>-0     [002] dnh.  4779.578486: sched_wakeup: comm=irq/86-mmc1 pid=80 prio=49 target_cpu=002
          <idle>-0     [002] d...  4779.578491: sched_switch: prev_comm=swapper/2 prev_pid=0 prev_prio=120 prev_state=R ==> next_comm=irq/86-mmc1 next_pid=80 next_prio=49
          <idle>-0     [001] dnh.  4779.578506: sched_wakeup: comm=kworker/u8:1 pid=1360 prio=120 target_cpu=001
     irq/86-mmc1-80    [002] d...  4779.578515: sched_switch: prev_comm=irq/86-mmc1 prev_pid=80 prev_prio=49 prev_state=S ==> next_comm=swapper/2 next_pid=0 next_prio=120
          <idle>-0     [001] d...  4779.578519: sched_switch: prev_comm=swapper/1 prev_pid=0 prev_prio=120 prev_state=R ==> next_comm=kworker/u8:1 next_pid=1360 next_prio=120
    kworker/u8:1-1360  [001] d...  4779.578541: sched_switch: prev_comm=kworker/u8:1 prev_pid=1360 prev_prio=120 prev_state=D ==> next_comm=swapper/1 next_pid=0 next_prio=120
          <idle>-0     [001] dnh.  4779.578559: sched_wakeup: comm=kworker/u8:1 pid=1360 prio=120 target_cpu=001
          <idle>-0     [001] d...  4779.578571: sched_switch: prev_comm=swapper/1 prev_pid=0 prev_prio=120 prev_state=R ==> next_comm=kworker/u8:1 next_pid=1360 next_prio=120
    kworker/u8:1-1360  [001] d...  4779.578582: sched_switch: prev_comm=kworker/u8:1 prev_pid=1360 prev_prio=120 prev_state=D ==> next_comm=swapper/1 next_pid=0 next_prio=120
          <idle>-0     [000] dnh.  4779.580457: sched_wakeup: comm=rngd pid=362 prio=120 target_cpu=000
          <idle>-0     [000] d...  4779.580473: sched_switch: prev_comm=swapper/0 prev_pid=0 prev_prio=120 prev_state=R ==> next_comm=rngd next_pid=362 next_prio=120
            rngd-362   [000] d...  4779.580488: sched_switch: prev_comm=rngd prev_pid=362 prev_prio=120 prev_state=S ==> next_comm=swapper/0 next_pid=0 next_prio=120
          <idle>-0     [001] dnh.  4779.581585: sched_wakeup: comm=kworker/u8:1 pid=1360 prio=120 target_cpu=001
          <idle>-0     [001] d...  4779.581597: sched_switch: prev_comm=swapper/1 prev_pid=0 prev_prio=120 prev_state=R ==> next_comm=kworker/u8:1 next_pid=1360 next_prio=120
    kworker/u8:1-1360  [001] d...  4779.581612: sched_switch: prev_comm=kworker/u8:1 prev_pid=1360 prev_prio=120 prev_state=D ==> next_comm=swapper/1 next_pid=0 next_prio=120
          <idle>-0     [001] dnh.  4779.581629: sched_wakeup: comm=kworker/u8:1 pid=1360 prio=120 target_cpu=001
          <idle>-0     [001] d...  4779.581640: sched_switch: prev_comm=swapper/1 prev_pid=0 prev_prio=120 prev_state=R ==> next_comm=kworker/u8:1 next_pid=1360 next_prio=120
    kworker/u8:1-1360  [001] d...  4779.581672: sched_switch: prev_comm=kworker/u8:1 prev_pid=1360 prev_prio=120 prev_state=D ==> next_comm=swapper/1 next_pid=0 next_prio=120
          <idle>-0     [001] dnh.  4779.581690: sched_wakeup: comm=kworker/u8:1 pid=1360 prio=120 target_cpu=001
          <idle>-0     [001] d...  4779.581701: sched_switch: prev_comm=swapper/1 prev_pid=0 prev_prio=120 prev_state=R ==> next_comm=kworker/u8:1 next_pid=1360 next_prio=120
    kworker/u8:1-1360  [001] d...  4779.581728: sched_switch: prev_comm=kworker/u8:1 prev_pid=1360 prev_prio=120 prev_state=D ==> next_comm=swapper/1 next_pid=0 next_prio=120
          <idle>-0     [001] dnh.  4779.581745: sched_wakeup: comm=kworker/u8:1 pid=1360 prio=120 target_cpu=001
          <idle>-0     [001] d...  4779.581756: sched_switch: prev_comm=swapper/1 prev_pid=0 prev_prio=120 prev_state=R ==> next_comm=kworker/u8:1 next_pid=1360 next_prio=120
          <idle>-0     [000] dnh.  4779.581792: sched_wakeup: comm=sshd pid=1426 prio=120 target_cpu=000
          <idle>-0     [000] d...  4779.581805: sched_switch: prev_comm=swapper/0 prev_pid=0 prev_prio=120 prev_state=R ==> next_comm=sshd next_pid=1426 next_prio=120
    kworker/u8:1-1360  [001] d...  4779.581813: sched_switch: prev_comm=kworker/u8:1 prev_pid=1360 prev_prio=120 prev_state=D ==> next_comm=swapper/1 next_pid=0 next_prio=120
          <idle>-0     [001] dnh.  4779.581831: sched_wakeup: comm=kworker/u8:1 pid=1360 prio=120 target_cpu=001
          <idle>-0     [001] d...  4779.581842: sched_switch: prev_comm=swapper/1 prev_pid=0 prev_prio=120 prev_state=R ==> next_comm=kworker/u8:1 next_pid=1360 next_prio=120
    kworker/u8:1-1360  [001] d...  4779.581856: sched_switch: prev_comm=kworker/u8:1 prev_pid=1360 prev_prio=120 prev_state=I ==> next_comm=swapper/1 next_pid=0 next_prio=120
          <idle>-0     [001] dnh.  4779.581936: sched_wakeup: comm=kworker/u8:1 pid=1360 prio=120 target_cpu=001
          <idle>-0     [001] d...  4779.581947: sched_switch: prev_comm=swapper/1 prev_pid=0 prev_prio=120 prev_state=R ==> next_comm=kworker/u8:1 next_pid=1360 next_prio=120
            sshd-1426  [000] d...  4779.581962: sched_switch: prev_comm=sshd prev_pid=1426 prev_prio=120 prev_state=S ==> next_comm=swapper/0 next_pid=0 next_prio=120
    kworker/u8:1-1360  [001] d...  4779.581963: sched_wakeup: comm=bash pid=1429 prio=120 target_cpu=001
    kworker/u8:1-1360  [001] d...  4779.581976: sched_switch: prev_comm=kworker/u8:1 prev_pid=1360 prev_prio=120 prev_state=I ==> next_comm=bash next_pid=1429 next_prio=120
            bash-1429  [001] d...  4779.582056: sched_wakeup: comm=kworker/u8:1 pid=1360 prio=120 target_cpu=001
            bash-1429  [001] d...  4779.582083: sched_switch: prev_comm=bash prev_pid=1429 prev_prio=120 prev_state=S ==> next_comm=kworker/u8:1 next_pid=1360 next_prio=120
          <idle>-0     [000] dnh.  4779.582101: sched_wakeup: comm=sshd pid=1426 prio=120 target_cpu=000
    kworker/u8:1-1360  [001] d...  4779.582109: sched_switch: prev_comm=kworker/u8:1 prev_pid=1360 prev_prio=120 prev_state=I ==> next_comm=swapper/1 next_pid=0 next_prio=120
          <idle>-0     [000] d...  4779.582113: sched_switch: prev_comm=swapper/0 prev_pid=0 prev_prio=120 prev_state=R ==> next_comm=sshd next_pid=1426 next_prio=120
          <idle>-0     [001] dnh.  4779.582240: sched_wakeup: comm=kworker/u8:1 pid=1360 prio=120 target_cpu=001
          <idle>-0     [001] d...  4779.582252: sched_switch: prev_comm=swapper/1 prev_pid=0 prev_prio=120 prev_state=R ==> next_comm=kworker/u8:1 next_pid=1360 next_prio=120
            sshd-1426  [000] d...  4779.582268: sched_switch: prev_comm=sshd prev_pid=1426 prev_prio=120 prev_state=S ==> next_comm=swapper/0 next_pid=0 next_prio=120
    kworker/u8:1-1360  [001] d...  4779.582290: sched_switch: prev_comm=kworker/u8:1 prev_pid=1360 prev_prio=120 prev_state=D ==> next_comm=swapper/1 next_pid=0 next_prio=120
          <idle>-0     [001] dnh.  4779.582321: sched_wakeup: comm=kworker/u8:1 pid=1360 prio=120 target_cpu=001
