          <idle>-0     [001] d...  4779.582332: sched_switch: prev_comm=swapper/1 prev_pid=0 prev_prio=120 prev_state=R ==> next_comm=kworker/u8:1 next_pid=1360 next_prio=120
    kworker/u8:1-1360  [001] d...  4779.582348: sched_switch: prev_comm=kworker/u8:1 prev_pid=1360 prev_prio=120 prev_state=I ==> next_comm=swapper/1 next_pid=0 next_prio=120
          <idle>-0     [002] dnh.  4779.596748: sched_wakeup: comm=brcmf_wdog/mmc1 pid=239 prio=120 target_cpu=002
          <idle>-0     [002] d...  4779.596762: sched_switch: prev_comm=swapper/2 prev_pid=0 prev_prio=120 prev_state=R ==> next_comm=brcmf_wdog/mmc1 next_pid=239 next_prio=120
 brcmf_wdog/mmc1-239   [002] d...  4779.596771: sched_switch: prev_comm=brcmf_wdog/mmc1 prev_pid=239 prev_prio=120 prev_state=S ==> next_comm=swapper/2 next_pid=0 next_prio=120
          <idle>-0     [002] dnh.  4779.616749: sched_wakeup: comm=brcmf_wdog/mmc1 pid=239 prio=120 target_cpu=002
          <idle>-0     [002] d...  4779.616760: sched_switch: prev_comm=swapper/2 prev_pid=0 prev_prio=120 prev_state=R ==> next_comm=brcmf_wdog/mmc1 next_pid=239 next_prio=120
 brcmf_wdog/mmc1-239   [002] d...  4779.616792: sched_switch: prev_comm=brcmf_wdog/mmc1 prev_pid=239 prev_prio=120 prev_state=D ==> next_comm=swapper/2 next_pid=0 next_prio=120
          <idle>-0     [002] dnh.  4779.616809: sched_wakeup: comm=brcmf_wdog/mmc1 pid=239 prio=120 target_cpu=002
          <idle>-0     [002] d...  4779.616819: sched_switch: prev_comm=swapper/2 prev_pid=0 prev_prio=120 prev_state=R ==> next_comm=brcmf_wdog/mmc1 next_pid=239 next_prio=120
 brcmf_wdog/mmc1-239   [002] d...  4779.616835: sched_switch: prev_comm=brcmf_wdog/mmc1 prev_pid=239 prev_prio=120 prev_state=D ==> next_comm=swapper/2 next_pid=0 next_prio=120
          <idle>-0     [002] dnh.  4779.616850: sched_wakeup: comm=brcmf_wdog/mmc1 pid=239 prio=120 target_cpu=002
          <idle>-0     [002] d...  4779.616861: sched_switch: prev_comm=swapper/2 prev_pid=0 prev_prio=120 prev_state=R ==> next_comm=brcmf_wdog/mmc1 next_pid=239 next_prio=120
 brcmf_wdog/mmc1-239   [002] d...  4779.616875: sched_switch: prev_comm=brcmf_wdog/mmc1 prev_pid=239 prev_prio=120 prev_state=D ==> next_comm=swapper/2 next_pid=0 next_prio=120
          <idle>-0     [002] dnh.  4779.616891: sched_wakeup: comm=brcmf_wdog/mmc1 pid=239 prio=120 target_cpu=002
          <idle>-0     [002] d...  4779.616901: sched_switch: prev_comm=swapper/2 prev_pid=0 prev_prio=120 prev_state=R ==> next_comm=brcmf_wdog/mmc1 next_pid=239 next_prio=120
 brcmf_wdog/mmc1-239   [002] d...  4779.616912: sched_switch: prev_comm=brcmf_wdog/mmc1 prev_pid=239 prev_prio=120 prev_state=S ==> next_comm=swapper/2 next_pid=0 next_prio=120
          <idle>-0     [002] dnh.  4779.671939: sched_wakeup: comm=irq/86-mmc1 pid=80 prio=49 target_cpu=002
          <idle>-0     [002] d...  4779.671952: sched_switch: prev_comm=swapper/2 prev_pid=0 prev_prio=120 prev_state=R ==> next_comm=irq/86-mmc1 next_pid=80 next_prio=49
     irq/86-mmc1-80    [002] d...  4779.671985: sched_switch: prev_comm=irq/86-mmc1 prev_pid=80 prev_prio=49 prev_state=D ==> next_comm=swapper/2 next_pid=0 next_prio=120
          <idle>-0     [002] dnh.  4779.671993: sched_wakeup: comm=irq/86-mmc1 pid=80 prio=49 target_cpu=002
          <idle>-0     [002] d...  4779.671999: sched_switch: prev_comm=swapper/2 prev_pid=0 prev_prio=120 prev_state=R ==> next_comm=irq/86-mmc1 next_pid=80 next_prio=49
     irq/86-mmc1-80    [002] d...  4779.672022: sched_switch: prev_comm=irq/86-mmc1 prev_pid=80 prev_prio=49 prev_state=D ==> next_comm=swapper/2 next_pid=0 next_prio=120
          <idle>-0     [002] dnh.  4779.672039: sched_wakeup: comm=irq/86-mmc1 pid=80 prio=49 target_cpu=002
          <idle>-0     [002] d...  4779.672049: sched_switch: prev_comm=swapper/2 prev_pid=0 prev_prio=120 prev_state=R ==> next_comm=irq/86-mmc1 next_pid=80 next_prio=49
     irq/86-mmc1-80    [002] d...  4779.672072: sched_switch: prev_comm=irq/86-mmc1 prev_pid=80 prev_prio=49 prev_state=D ==> next_comm=swapper/2 next_pid=0 next_prio=120
          <idle>-0     [002] dnh.  4779.672088: sched_wakeup: comm=irq/86-mmc1 pid=80 prio=49 target_cpu=002
          <idle>-0     [002] d...  4779.672098: sched_switch: prev_comm=swapper/2 prev_pid=0 prev_prio=120 prev_state=R ==> next_comm=irq/86-mmc1 next_pid=80 next_prio=49
          <idle>-0     [001] dnh.  4779.672113: sched_wakeup: comm=kworker/u8:1 pid=1360 prio=120 target_cpu=001
     irq/86-mmc1-80    [002] d...  4779.672118: sched_switch: prev_comm=irq/86-mmc1 prev_pid=80 prev_prio=49 prev_state=S ==> next_comm=swapper/2 next_pid=0 next_prio=120
          <idle>-0     [001] d...  4779.672126: sched_switch: prev_comm=swapper/1 prev_pid=0 prev_prio=120 prev_state=R ==> next_comm=kworker/u8:1 next_pid=1360 next_prio=120
    kworker/u8:1-1360  [001] d...  4779.672148: sched_switch: prev_comm=kworker/u8:1 prev_pid=1360 prev_prio=120 prev_state=D ==> next_comm=swapper/1 next_pid=0 next_prio=120
          <idle>-0     [001] dnh.  4779.672165: sched_wakeup: comm=kworker/u8:1 pid=1360 prio=120 target_cpu=001
          <idle>-0     [001] d...  4779.672176: sched_switch: prev_comm=swapper/1 prev_pid=0 prev_prio=120 prev_state=R ==> next_comm=kworker/u8:1 next_pid=1360 next_prio=120
    kworker/u8:1-1360  [001] d...  4779.672188: sched_switch: prev_comm=kworker/u8:1 prev_pid=1360 prev_prio=120 prev_state=D ==> next_comm=swapper/1 next_pid=0 next_prio=120
          <idle>-0     [001] dnh.  4779.675191: sched_wakeup: comm=kworker/u8:1 pid=1360 prio=120 target_cpu=001
          <idle>-0     [001] d...  4779.675203: sched_switch: prev_comm=swapper/1 prev_pid=0 prev_prio=120 prev_state=R ==> next_comm=kworker/u8:1 next_pid=1360 next_prio=120
    kworker/u8:1-1360  [001] d...  4779.675218: sched_switch: prev_comm=kworker/u8:1 prev_pid=1360 prev_prio=120 prev_state=D ==> next_comm=swapper/1 next_pid=0 next_prio=120
          <idle>-0     [001] dnh.  4779.675235: sched_wakeup: comm=kworker/u8:1 pid=1360 prio=120 target_cpu=001
          <idle>-0     [001] d...  4779.675246: sched_switch: prev_comm=swapper/1 prev_pid=0 prev_prio=120 prev_state=R ==> next_comm=kworker/u8:1 next_pid=1360 next_prio=120
    kworker/u8:1-1360  [001] d...  4779.675278: sched_switch: prev_comm=kworker/u8:1 prev_pid=1360 prev_prio=120 prev_state=D ==> next_comm=swapper/1 next_pid=0 next_prio=120
          <idle>-0     [001] dnh.  4779.675296: sched_wakeup: comm=kworker/u8:1 pid=1360 prio=120 target_cpu=001
          <idle>-0     [001] d...  4779.675307: sched_switch: prev_comm=swapper/1 prev_pid=0 prev_prio=120 prev_state=R ==> next_comm=kworker/u8:1 next_pid=1360 next_prio=120
    kworker/u8:1-1360  [001] d...  4779.675335: sched_switch: prev_comm=kworker/u8:1 prev_pid=1360 prev_prio=120 prev_state=D ==> next_comm=swapper/1 next_pid=0 next_prio=120
          <idle>-0     [001] dnh.  4779.675353: sched_wakeup: comm=kworker/u8:1 pid=1360 prio=120 target_cpu=001
          <idle>-0     [001] d...  4779.675363: sched_switch: prev_comm=swapper/1 prev_pid=0 prev_prio=120 prev_state=R ==> next_comm=kworker/u8:1 next_pid=1360 next_prio=120
    kworker/u8:1-1360  [001] d...  4779.675426: sched_switch: prev_comm=kworker/u8:1 prev_pid=1360 prev_prio=120 prev_state=D ==> next_comm=swapper/1 next_pid=0 next_prio=120
          <idle>-0     [001] dnh.  4779.675446: sched_wakeup: comm=kworker/u8:1 pid=1360 prio=120 target_cpu=001
          <idle>-0     [001] d...  4779.675457: sched_switch: prev_comm=swapper/1 prev_pid=0 prev_prio=120 prev_state=R ==> next_comm=kworker/u8:1 next_pid=1360 next_prio=120
    kworker/u8:1-1360  [001] d...  4779.675470: sched_switch: prev_comm=kworker/u8:1 prev_pid=1360 prev_prio=120 prev_state=I ==> next_comm=swapper/1 next_pid=0 next_prio=120
          <idle>-0     [002] dnh.  4779.686756: sched_wakeup: comm=brcmf_wdog/mmc1 pid=239 prio=120 target_cpu=002
          <idle>-0     [002] dnh.  4779.686767: sched_wakeup: comm=kworker/2:2 pid=1413 prio=120 target_cpu=002
          <idle>-0     [002] d...  4779.686780: sched_switch: prev_comm=swapper/2 prev_pid=0 prev_prio=120 prev_state=R ==> next_comm=kworker/2:2 next_pid=1413 next_prio=120
     kworker/2:2-1413  [002] d...  4779.686797: sched_switch: prev_comm=kworker/2:2 prev_pid=1413 prev_prio=120 prev_state=I ==> next_comm=brcmf_wdog/mmc1 next_pid=239 next_prio=120
 brcmf_wdog/mmc1-239   [002] d...  4779.686818: sched_switch: prev_comm=brcmf_wdog/mmc1 prev_pid=239 prev_prio=120 prev_state=S ==> next_comm=swapper/2 next_pid=0 next_prio=120
          <idle>-0     [002] dnH.  4779.706755: sched_wakeup: comm=brcmf_wdog/mmc1 pid=239 prio=120 target_cpu=002
          <idle>-0     [002] d...  4779.706781: sched_switch: prev_comm=swapper/2 prev_pid=0 prev_prio=120 prev_state=R ==> next_comm=brcmf_wdog/mmc1 next_pid=239 next_prio=120
 brcmf_wdog/mmc1-239   [002] d...  4779.706801: sched_switch: prev_comm=brcmf_wdog/mmc1 prev_pid=239 prev_prio=120 prev_state=D ==> next_comm=swapper/2 next_pid=0 next_prio=120
          <idle>-0     [002] dnh.  4779.706818: sched_wakeup: comm=brcmf_wdog/mmc1 pid=239 prio=120 target_cpu=002
          <idle>-0     [002] d...  4779.706829: sched_switch: prev_comm=swapper/2 prev_pid=0 prev_prio=120 prev_state=R ==> next_comm=brcmf_wdog/mmc1 next_pid=239 next_prio=120
 brcmf_wdog/mmc1-239   [002] d...  4779.706845: sched_switch: prev_comm=brcmf_wdog/mmc1 prev_pid=239 prev_prio=120 prev_state=D ==> next_comm=swapper/2 next_pid=0 next_prio=120
          <idle>-0     [002] dnh.  4779.706861: sched_wakeup: comm=brcmf_wdog/mmc1 pid=239 prio=120 target_cpu=002
          <idle>-0     [002] d...  4779.706871: sched_switch: prev_comm=swapper/2 prev_pid=0 prev_prio=120 prev_state=R ==> next_comm=brcmf_wdog/mmc1 next_pid=239 next_prio=120
 brcmf_wdog/mmc1-239   [002] d...  4779.706886: sched_switch: prev_comm=brcmf_wdog/mmc1 prev_pid=239 prev_prio=120 prev_state=D ==> next_comm=swapper/2 next_pid=0 next_prio=120
          <idle>-0     [002] dnh.  4779.706901: sched_wakeup: comm=brcmf_wdog/mmc1 pid=239 prio=120 target_cpu=002
          <idle>-0     [002] d...  4779.706912: sched_switch: prev_comm=swapper/2 prev_pid=0 prev_prio=120 prev_state=R ==> next_comm=brcmf_wdog/mmc1 next_pid=239 next_prio=120
 brcmf_wdog/mmc1-239   [002] d...  4779.706923: sched_switch: prev_comm=brcmf_wdog/mmc1 prev_pid=239 prev_prio=120 prev_state=S ==> next_comm=swapper/2 next_pid=0 next_prio=120
          <idle>-0     [000] dnh.  4779.707275: sched_wakeup: comm=lxpanel pid=648 prio=120 target_cpu=000
          <idle>-0     [000] d...  4779.707293: sched_switch: prev_comm=swapper/0 prev_pid=0 prev_prio=120 prev_state=R ==> next_comm=lxpanel next_pid=648 next_prio=120
         lxpanel-648   [000] d...  4779.707392: sched_switch: prev_comm=lxpanel prev_pid=648 prev_prio=120 prev_state=S ==> next_comm=swapper/0 next_pid=0 next_prio=120
          <idle>-0     [000] dnh.  4779.744458: sched_wakeup: comm=rngd pid=362 prio=120 target_cpu=000
          <idle>-0     [000] d...  4779.744475: sched_switch: prev_comm=swapper/0 prev_pid=0 prev_prio=120 prev_state=R ==> next_comm=rngd next_pid=362 next_prio=120
            rngd-362   [000] d...  4779.744502: sched_switch: prev_comm=rngd prev_pid=362 prev_prio=120 prev_state=S ==> next_comm=swapper/0 next_pid=0 next_prio=120
          <idle>-0     [000] dnH.  4779.856787: sched_wakeup: comm=kworker/0:1 pid=31 prio=120 target_cpu=000
          <idle>-0     [000] d...  4779.856807: sched_switch: prev_comm=swapper/0 prev_pid=0 prev_prio=120 prev_state=R ==> next_comm=kworker/0:1 next_pid=31 next_prio=120
     kworker/0:1-31    [000] d...  4779.856837: sched_switch: prev_comm=kworker/0:1 prev_pid=31 prev_prio=120 prev_state=I ==> next_comm=swapper/0 next_pid=0 next_prio=120
          <idle>-0     [002] dns.  4779.876773: sched_wakeup: comm=kworker/2:2 pid=1413 prio=120 target_cpu=002
          <idle>-0     [002] d...  4779.876798: sched_switch: prev_comm=swapper/2 prev_pid=0 prev_prio=120 prev_state=R ==> next_comm=kworker/2:2 next_pid=1413 next_prio=120
     kworker/2:2-1413  [002] d...  4779.876830: sched_wakeup: comm=ksoftirqd/2 pid=21 prio=120 target_cpu=002
     kworker/2:2-1413  [002] d...  4779.876845: sched_wakeup: comm=kworker/2:0 pid=1391 prio=120 target_cpu=002
     kworker/2:2-1413  [002] d...  4779.876849: sched_switch: prev_comm=kworker/2:2 prev_pid=1413 prev_prio=120 prev_state=D ==> next_comm=kworker/2:0 next_pid=1391 next_prio=120
     kworker/2:0-1391  [002] d...  4779.876863: sched_switch: prev_comm=kworker/2:0 prev_pid=1391 prev_prio=120 prev_state=I ==> next_comm=ksoftirqd/2 next_pid=21 next_prio=120
     ksoftirqd/2-21    [002] d.s.  4779.876879: sched_wakeup: comm=kworker/2:0 pid=1391 prio=120 target_cpu=002
     ksoftirqd/2-21    [002] d.s.  4779.876886: sched_wakeup: comm=kworker/2:2 pid=1413 prio=120 target_cpu=002
     ksoftirqd/2-21    [002] d...  4779.876895: sched_switch: prev_comm=ksoftirqd/2 prev_pid=21 prev_prio=120 prev_state=S ==> next_comm=kworker/2:0 next_pid=1391 next_prio=120
     kworker/2:0-1391  [002] d...  4779.876903: sched_switch: prev_comm=kworker/2:0 prev_pid=1391 prev_prio=120 prev_state=I ==> next_comm=kworker/2:2 next_pid=1413 next_prio=120
     kworker/2:2-1413  [002] dnh.  4779.876918: sched_wakeup: comm=irq/86-mmc1 pid=80 prio=49 target_cpu=002
     kworker/2:2-1413  [002] d...  4779.876928: sched_switch: prev_comm=kworker/2:2 prev_pid=1413 prev_prio=120 prev_state=R+ ==> next_comm=irq/86-mmc1 next_pid=80 next_prio=49
     irq/86-mmc1-80    [002] d...  4779.876948: sched_switch: prev_comm=irq/86-mmc1 prev_pid=80 prev_prio=49 prev_state=D ==> next_comm=kworker/2:2 next_pid=1413 next_prio=120
     kworker/2:2-1413  [002] dnh.  4779.876957: sched_wakeup: comm=irq/86-mmc1 pid=80 prio=49 target_cpu=002
     kworker/2:2-1413  [002] d...  4779.876964: sched_switch: prev_comm=kworker/2:2 prev_pid=1413 prev_prio=120 prev_state=R+ ==> next_comm=irq/86-mmc1 next_pid=80 next_prio=49
     irq/86-mmc1-80    [002] d...  4779.876989: sched_switch: prev_comm=irq/86-mmc1 prev_pid=80 prev_prio=49 prev_state=D ==> next_comm=kworker/2:2 next_pid=1413 next_prio=120
     kworker/2:2-1413  [002] d...  4779.877009: sched_switch: prev_comm=kworker/2:2 prev_pid=1413 prev_prio=120 prev_state=I ==> next_comm=swapper/2 next_pid=0 next_prio=120
          <idle>-0     [002] dnh.  4779.877017: sched_wakeup: comm=irq/86-mmc1 pid=80 prio=49 target_cpu=002
          <idle>-0     [002] d...  4779.877022: sched_switch: prev_comm=swapper/2 prev_pid=0 prev_prio=120 prev_state=R ==> next_comm=irq/86-mmc1 next_pid=80 next_prio=49
     irq/86-mmc1-80    [002] d...  4779.877046: sched_switch: prev_comm=irq/86-mmc1 prev_pid=80 prev_prio=49 prev_state=D ==> next_comm=swapper/2 next_pid=0 next_prio=120
          <idle>-0     [002] dnh.  4779.877063: sched_wakeup: comm=irq/86-mmc1 pid=80 prio=49 target_cpu=002
          <idle>-0     [002] d...  4779.877074: sched_switch: prev_comm=swapper/2 prev_pid=0 prev_prio=120 prev_state=R ==> next_comm=irq/86-mmc1 next_pid=80 next_prio=49
          <idle>-0     [001] dnh.  4779.877089: sched_wakeup: comm=kworker/u8:1 pid=1360 prio=120 target_cpu=001
     irq/86-mmc1-80    [002] d...  4779.877094: sched_switch: prev_comm=irq/86-mmc1 prev_pid=80 prev_prio=49 prev_state=S ==> next_comm=swapper/2 next_pid=0 next_prio=120
          <idle>-0     [001] d...  4779.877103: sched_switch: prev_comm=swapper/1 prev_pid=0 prev_prio=120 prev_state=R ==> next_comm=kworker/u8:1 next_pid=1360 next_prio=120
    kworker/u8:1-1360  [001] d...  4779.877123: sched_switch: prev_comm=kworker/u8:1 prev_pid=1360 prev_prio=120 prev_state=D ==> next_comm=swapper/1 next_pid=0 next_prio=120
          <idle>-0     [001] dnh.  4779.877141: sched_wakeup: comm=kworker/u8:1 pid=1360 prio=120 target_cpu=001
          <idle>-0     [001] d...  4779.877152: sched_switch: prev_comm=swapper/1 prev_pid=0 prev_prio=120 prev_state=R ==> next_comm=kworker/u8:1 next_pid=1360 next_prio=120
    kworker/u8:1-1360  [001] d...  4779.877163: sched_switch: prev_comm=kworker/u8:1 prev_pid=1360 prev_prio=120 prev_state=D ==> next_comm=swapper/1 next_pid=0 next_prio=120
          <idle>-0     [001] dnh.  4779.880165: sched_wakeup: comm=kworker/u8:1 pid=1360 prio=120 target_cpu=001
          <idle>-0     [001] d...  4779.880178: sched_switch: prev_comm=swapper/1 prev_pid=0 prev_prio=120 prev_state=R ==> next_comm=kworker/u8:1 next_pid=1360 next_prio=120
    kworker/u8:1-1360  [001] d...  4779.880194: sched_switch: prev_comm=kworker/u8:1 prev_pid=1360 prev_prio=120 prev_state=D ==> next_comm=swapper/1 next_pid=0 next_prio=120
          <idle>-0     [001] dnh.  4779.880211: sched_wakeup: comm=kworker/u8:1 pid=1360 prio=120 target_cpu=001
          <idle>-0     [001] d...  4779.880222: sched_switch: prev_comm=swapper/1 prev_pid=0 prev_prio=120 prev_state=R ==> next_comm=kworker/u8:1 next_pid=1360 next_prio=120
    kworker/u8:1-1360  [001] d...  4779.880256: sched_switch: prev_comm=kworker/u8:1 prev_pid=1360 prev_prio=120 prev_state=D ==> next_comm=swapper/1 next_pid=0 next_prio=120
          <idle>-0     [001] dnh.  4779.880273: sched_wakeup: comm=kworker/u8:1 pid=1360 prio=120 target_cpu=001
          <idle>-0     [001] d...  4779.880284: sched_switch: prev_comm=swapper/1 prev_pid=0 prev_prio=120 prev_state=R ==> next_comm=kworker/u8:1 next_pid=1360 next_prio=120
    kworker/u8:1-1360  [001] d...  4779.880312: sched_switch: prev_comm=kworker/u8:1 prev_pid=1360 prev_prio=120 prev_state=D ==> next_comm=swapper/1 next_pid=0 next_prio=120
          <idle>-0     [001] dnh.  4779.880337: sched_wakeup: comm=kworker/u8:1 pid=1360 prio=120 target_cpu=001
          <idle>-0     [001] d...  4779.880347: sched_switch: prev_comm=swapper/1 prev_pid=0 prev_prio=120 prev_state=R ==> next_comm=kworker/u8:1 next_pid=1360 next_prio=120
    kworker/u8:1-1360  [001] d.s.  4779.880390: sched_wakeup: comm=sshd pid=1426 prio=120 target_cpu=001
    kworker/u8:1-1360  [001] d...  4779.880426: sched_switch: prev_comm=kworker/u8:1 prev_pid=1360 prev_prio=120 prev_state=D ==> next_comm=sshd next_pid=1426 next_prio=120
            sshd-1426  [001] d.h.  4779.880442: sched_wakeup: comm=kworker/u8:1 pid=1360 prio=120 target_cpu=001
          <idle>-0     [000] dnh.  4779.880570: sched_wakeup: comm=kworker/u8:3 pid=1409 prio=120 target_cpu=000
          <idle>-0     [000] d...  4779.880584: sched_switch: prev_comm=swapper/0 prev_pid=0 prev_prio=120 prev_state=R ==> next_comm=kworker/u8:3 next_pid=1409 next_prio=120
            sshd-1426  [001] d...  4779.880597: sched_switch: prev_comm=sshd prev_pid=1426 prev_prio=120 prev_state=S ==> next_comm=kworker/u8:1 next_pid=1360 next_prio=120
    kworker/u8:1-1360  [001] d.h.  4779.880610: sched_wakeup: comm=bash pid=1429 prio=120 target_cpu=001
    kworker/u8:3-1409  [000] d...  4779.880621: sched_switch: prev_comm=kworker/u8:3 prev_pid=1409 prev_prio=120 prev_state=I ==> next_comm=swapper/0 next_pid=0 next_prio=120
    kworker/u8:1-1360  [001] d...  4779.880627: sched_switch: prev_comm=kworker/u8:1 prev_pid=1360 prev_prio=120 prev_state=I ==> next_comm=bash next_pid=1429 next_prio=120
            bash-1429  [001] d...  4779.880719: sched_wakeup: comm=kworker/u8:1 pid=1360 prio=120 target_cpu=001
            bash-1429  [001] d...  4779.880744: sched_switch: prev_comm=bash prev_pid=1429 prev_prio=120 prev_state=S ==> next_comm=kworker/u8:1 next_pid=1360 next_prio=120
    kworker/u8:1-1360  [001] d...  4779.880758: sched_wakeup: comm=sshd pid=1426 prio=120 target_cpu=001
    kworker/u8:1-1360  [001] d...  4779.880768: sched_switch: prev_comm=kworker/u8:1 prev_pid=1360 prev_prio=120 prev_state=I ==> next_comm=sshd next_pid=1426 next_prio=120
            sshd-1426  [001] d...  4779.880905: sched_wakeup: comm=kworker/u8:1 pid=1360 prio=120 target_cpu=001
            sshd-1426  [001] d...  4779.880945: sched_switch: prev_comm=sshd prev_pid=1426 prev_prio=120 prev_state=S ==> next_comm=kworker/u8:1 next_pid=1360 next_prio=120
    kworker/u8:1-1360  [001] d...  4779.880994: sched_switch: prev_comm=kworker/u8:1 prev_pid=1360 prev_prio=120 prev_state=D ==> next_comm=swapper/1 next_pid=0 next_prio=120
          <idle>-0     [001] dnh.  4779.881018: sched_wakeup: comm=kworker/u8:1 pid=1360 prio=120 target_cpu=001
          <idle>-0     [001] d...  4779.881030: sched_switch: prev_comm=swapper/1 prev_pid=0 prev_prio=120 prev_state=R ==> next_comm=kworker/u8:1 next_pid=1360 next_prio=120
    kworker/u8:1-1360  [001] d...  4779.881047: sched_switch: prev_comm=kworker/u8:1 prev_pid=1360 prev_prio=120 prev_state=I ==> next_comm=swapper/1 next_pid=0 next_prio=120
          <idle>-0     [002] dnh.  4779.896782: sched_wakeup: comm=brcmf_wdog/mmc1 pid=239 prio=120 target_cpu=002
          <idle>-0     [002] d...  4779.896795: sched_switch: prev_comm=swapper/2 prev_pid=0 prev_prio=120 prev_state=R ==> next_comm=brcmf_wdog/mmc1 next_pid=239 next_prio=120
 brcmf_wdog/mmc1-239   [002] d...  4779.896806: sched_switch: prev_comm=brcmf_wdog/mmc1 prev_pid=239 prev_prio=120 prev_state=S ==> next_comm=swapper/2 next_pid=0 next_prio=120
          <idle>-0     [002] dnh.  4779.916776: sched_wakeup: comm=brcmf_wdog/mmc1 pid=239 prio=120 target_cpu=002
          <idle>-0     [002] d...  4779.916788: sched_switch: prev_comm=swapper/2 prev_pid=0 prev_prio=120 prev_state=R ==> next_comm=brcmf_wdog/mmc1 next_pid=239 next_prio=120
 brcmf_wdog/mmc1-239   [002] d...  4779.916822: sched_switch: prev_comm=brcmf_wdog/mmc1 prev_pid=239 prev_prio=120 prev_state=D ==> next_comm=swapper/2 next_pid=0 next_prio=120
          <idle>-0     [002] dnh.  4779.916839: sched_wakeup: comm=brcmf_wdog/mmc1 pid=239 prio=120 target_cpu=002
          <idle>-0     [002] d...  4779.916850: sched_switch: prev_comm=swapper/2 prev_pid=0 prev_prio=120 prev_state=R ==> next_comm=brcmf_wdog/mmc1 next_pid=239 next_prio=120
 brcmf_wdog/mmc1-239   [002] d...  4779.916866: sched_switch: prev_comm=brcmf_wdog/mmc1 prev_pid=239 prev_prio=120 prev_state=D ==> next_comm=swapper/2 next_pid=0 next_prio=120
          <idle>-0     [002] dnh.  4779.916881: sched_wakeup: comm=brcmf_wdog/mmc1 pid=239 prio=120 target_cpu=002
          <idle>-0     [002] d...  4779.916892: sched_switch: prev_comm=swapper/2 prev_pid=0 prev_prio=120 prev_state=R ==> next_comm=brcmf_wdog/mmc1 next_pid=239 next_prio=120
 brcmf_wdog/mmc1-239   [002] d...  4779.916906: sched_switch: prev_comm=brcmf_wdog/mmc1 prev_pid=239 prev_prio=120 prev_state=D ==> next_comm=swapper/2 next_pid=0 next_prio=120
          <idle>-0     [002] dnh.  4779.916922: sched_wakeup: comm=brcmf_wdog/mmc1 pid=239 prio=120 target_cpu=002
          <idle>-0     [002] d...  4779.916932: sched_switch: prev_comm=swapper/2 prev_pid=0 prev_prio=120 prev_state=R ==> next_comm=brcmf_wdog/mmc1 next_pid=239 next_prio=120
 brcmf_wdog/mmc1-239   [002] d...  4779.916945: sched_switch: prev_comm=brcmf_wdog/mmc1 prev_pid=239 prev_prio=120 prev_state=S ==> next_comm=swapper/2 next_pid=0 next_prio=120
          <idle>-0     [000] dnh.  4779.936331: sched_wakeup: comm=rngd pid=362 prio=120 target_cpu=000
          <idle>-0     [000] d...  4779.936347: sched_switch: prev_comm=swapper/0 prev_pid=0 prev_prio=120 prev_state=R ==> next_comm=rngd next_pid=362 next_prio=120
            rngd-362   [000] d...  4779.936362: sched_switch: prev_comm=rngd prev_pid=362 prev_prio=120 prev_state=S ==> next_comm=swapper/0 next_pid=0 next_prio=120
          <idle>-0     [002] dnH.  4779.956792: sched_wakeup: comm=kworker/2:2 pid=1413 prio=120 target_cpu=002
          <idle>-0     [002] d...  4779.956813: sched_switch: prev_comm=swapper/2 prev_pid=0 prev_prio=120 prev_state=R ==> next_comm=kworker/2:2 next_pid=1413 next_prio=120
     kworker/2:2-1413  [002] d...  4779.956844: sched_switch: prev_comm=kworker/2:2 prev_pid=1413 prev_prio=120 prev_state=I ==> next_comm=swapper/2 next_pid=0 next_prio=120
          <idle>-0     [002] dnh.  4780.010657: sched_wakeup: comm=irq/86-mmc1 pid=80 prio=49 target_cpu=002
          <idle>-0     [002] d...  4780.010670: sched_switch: prev_comm=swapper/2 prev_pid=0 prev_prio=120 prev_state=R ==> next_comm=irq/86-mmc1 next_pid=80 next_prio=49
     irq/86-mmc1-80    [002] d...  4780.010699: sched_switch: prev_comm=irq/86-mmc1 prev_pid=80 prev_prio=49 prev_state=D ==> next_comm=swapper/2 next_pid=0 next_prio=120
          <idle>-0     [002] dnh.  4780.010708: sched_wakeup: comm=irq/86-mmc1 pid=80 prio=49 target_cpu=002
          <idle>-0     [002] d...  4780.010713: sched_switch: prev_comm=swapper/2 prev_pid=0 prev_prio=120 prev_state=R ==> next_comm=irq/86-mmc1 next_pid=80 next_prio=49
     irq/86-mmc1-80    [002] d...  4780.010737: sched_switch: prev_comm=irq/86-mmc1 prev_pid=80 prev_prio=49 prev_state=D ==> next_comm=swapper/2 next_pid=0 next_prio=120
          <idle>-0     [002] dnh.  4780.010754: sched_wakeup: comm=irq/86-mmc1 pid=80 prio=49 target_cpu=002
          <idle>-0     [002] d...  4780.010764: sched_switch: prev_comm=swapper/2 prev_pid=0 prev_prio=120 prev_state=R ==> next_comm=irq/86-mmc1 next_pid=80 next_prio=49
     irq/86-mmc1-80    [002] d...  4780.010788: sched_switch: prev_comm=irq/86-mmc1 prev_pid=80 prev_prio=49 prev_state=D ==> next_comm=swapper/2 next_pid=0 next_prio=120
          <idle>-0     [002] dnh.  4780.010806: sched_wakeup: comm=irq/86-mmc1 pid=80 prio=49 target_cpu=002
          <idle>-0     [002] d...  4780.010816: sched_switch: prev_comm=swapper/2 prev_pid=0 prev_prio=120 prev_state=R ==> next_comm=irq/86-mmc1 next_pid=80 next_prio=49
          <idle>-0     [001] dnh.  4780.010832: sched_wakeup: comm=kworker/u8:1 pid=1360 prio=120 target_cpu=001
     irq/86-mmc1-80    [002] d...  4780.010836: sched_switch: prev_comm=irq/86-mmc1 prev_pid=80 prev_prio=49 prev_state=S ==> next_comm=swapper/2 next_pid=0 next_prio=120
          <idle>-0     [001] d...  4780.010845: sched_switch: prev_comm=swapper/1 prev_pid=0 prev_prio=120 prev_state=R ==> next_comm=kworker/u8:1 next_pid=1360 next_prio=120
    kworker/u8:1-1360  [001] d...  4780.010866: sched_switch: prev_comm=kworker/u8:1 prev_pid=1360 prev_prio=120 prev_state=D ==> next_comm=swapper/1 next_pid=0 next_prio=120
          <idle>-0     [001] dnh.  4780.010884: sched_wakeup: comm=kworker/u8:1 pid=1360 prio=120 target_cpu=001
          <idle>-0     [001] d...  4780.010896: sched_switch: prev_comm=swapper/1 prev_pid=0 prev_prio=120 prev_state=R ==> next_comm=kworker/u8:1 next_pid=1360 next_prio=120
    kworker/u8:1-1360  [001] d...  4780.010907: sched_switch: prev_comm=kworker/u8:1 prev_pid=1360 prev_prio=120 prev_state=D ==> next_comm=swapper/1 next_pid=0 next_prio=120
          <idle>-0     [001] dnh.  4780.013909: sched_wakeup: comm=kworker/u8:1 pid=1360 prio=120 target_cpu=001
          <idle>-0     [001] d...  4780.013924: sched_switch: prev_comm=swapper/1 prev_pid=0 prev_prio=120 prev_state=R ==> next_comm=kworker/u8:1 next_pid=1360 next_prio=120
    kworker/u8:1-1360  [001] d...  4780.013941: sched_switch: prev_comm=kworker/u8:1 prev_pid=1360 prev_prio=120 prev_state=D ==> next_comm=swapper/1 next_pid=0 next_prio=120
          <idle>-0     [001] dnh.  4780.013958: sched_wakeup: comm=kworker/u8:1 pid=1360 prio=120 target_cpu=001
          <idle>-0     [001] d...  4780.013969: sched_switch: prev_comm=swapper/1 prev_pid=0 prev_prio=120 prev_state=R ==> next_comm=kworker/u8:1 next_pid=1360 next_prio=120
    kworker/u8:1-1360  [001] d...  4780.014002: sched_switch: prev_comm=kworker/u8:1 prev_pid=1360 prev_prio=120 prev_state=D ==> next_comm=swapper/1 next_pid=0 next_prio=120
          <idle>-0     [001] dnh.  4780.014019: sched_wakeup: comm=kworker/u8:1 pid=1360 prio=120 target_cpu=001
          <idle>-0     [001] d...  4780.014029: sched_switch: prev_comm=swapper/1 prev_pid=0 prev_prio=120 prev_state=R ==> next_comm=kworker/u8:1 next_pid=1360 next_prio=120
    kworker/u8:1-1360  [001] d...  4780.014057: sched_switch: prev_comm=kworker/u8:1 prev_pid=1360 prev_prio=120 prev_state=D ==> next_comm=swapper/1 next_pid=0 next_prio=120
          <idle>-0     [001] dnh.  4780.014075: sched_wakeup: comm=kworker/u8:1 pid=1360 prio=120 target_cpu=001
          <idle>-0     [001] d...  4780.014086: sched_switch: prev_comm=swapper/1 prev_pid=0 prev_prio=120 prev_state=R ==> next_comm=kworker/u8:1 next_pid=1360 next_prio=120
    kworker/u8:1-1360  [001] d...  4780.014152: sched_switch: prev_comm=kworker/u8:1 prev_pid=1360 prev_prio=120 prev_state=D ==> next_comm=swapper/1 next_pid=0 next_prio=120
          <idle>-0     [001] dnh.  4780.014171: sched_wakeup: comm=kworker/u8:1 pid=1360 prio=120 target_cpu=001
          <idle>-0     [001] d...  4780.014182: sched_switch: prev_comm=swapper/1 prev_pid=0 prev_prio=120 prev_state=R ==> next_comm=kworker/u8:1 next_pid=1360 next_prio=120
    kworker/u8:1-1360  [001] d...  4780.014197: sched_switch: prev_comm=kworker/u8:1 prev_pid=1360 prev_prio=120 prev_state=I ==> next_comm=swapper/1 next_pid=0 next_prio=120
          <idle>-0     [002] dnh.  4780.026789: sched_wakeup: comm=brcmf_wdog/mmc1 pid=239 prio=120 target_cpu=002
          <idle>-0     [002] d...  4780.026802: sched_switch: prev_comm=swapper/2 prev_pid=0 prev_prio=120 prev_state=R ==> next_comm=brcmf_wdog/mmc1 next_pid=239 next_prio=120
 brcmf_wdog/mmc1-239   [002] d...  4780.026811: sched_switch: prev_comm=brcmf_wdog/mmc1 prev_pid=239 prev_prio=120 prev_state=S ==> next_comm=swapper/2 next_pid=0 next_prio=120
          <idle>-0     [002] dnh.  4780.046788: sched_wakeup: comm=brcmf_wdog/mmc1 pid=239 prio=120 target_cpu=002
          <idle>-0     [002] d...  4780.046800: sched_switch: prev_comm=swapper/2 prev_pid=0 prev_prio=120 prev_state=R ==> next_comm=brcmf_wdog/mmc1 next_pid=239 next_prio=120
 brcmf_wdog/mmc1-239   [002] d...  4780.046826: sched_switch: prev_comm=brcmf_wdog/mmc1 prev_pid=239 prev_prio=120 prev_state=D ==> next_comm=swapper/2 next_pid=0 next_prio=120
          <idle>-0     [002] dnh.  4780.046843: sched_wakeup: comm=brcmf_wdog/mmc1 pid=239 prio=120 target_cpu=002
          <idle>-0     [002] d...  4780.046853: sched_switch: prev_comm=swapper/2 prev_pid=0 prev_prio=120 prev_state=R ==> next_comm=brcmf_wdog/mmc1 next_pid=239 next_prio=120
 brcmf_wdog/mmc1-239   [002] d...  4780.046869: sched_switch: prev_comm=brcmf_wdog/mmc1 prev_pid=239 prev_prio=120 prev_state=D ==> next_comm=swapper/2 next_pid=0 next_prio=120
          <idle>-0     [002] dnh.  4780.046884: sched_wakeup: comm=brcmf_wdog/mmc1 pid=239 prio=120 target_cpu=002
          <idle>-0     [002] d...  4780.046895: sched_switch: prev_comm=swapper/2 prev_pid=0 prev_prio=120 prev_state=R ==> next_comm=brcmf_wdog/mmc1 next_pid=239 next_prio=120
 brcmf_wdog/mmc1-239   [002] d...  4780.046909: sched_switch: prev_comm=brcmf_wdog/mmc1 prev_pid=239 prev_prio=120 prev_state=D ==> next_comm=swapper/2 next_pid=0 next_prio=120
          <idle>-0     [002] dnh.  4780.046925: sched_wakeup: comm=brcmf_wdog/mmc1 pid=239 prio=120 target_cpu=002
          <idle>-0     [002] d...  4780.046935: sched_switch: prev_comm=swapper/2 prev_pid=0 prev_prio=120 prev_state=R ==> next_comm=brcmf_wdog/mmc1 next_pid=239 next_prio=120
 brcmf_wdog/mmc1-239   [002] d...  4780.046947: sched_switch: prev_comm=brcmf_wdog/mmc1 prev_pid=239 prev_prio=120 prev_state=S ==> next_comm=swapper/2 next_pid=0 next_prio=120
          <idle>-0     [000] dnh.  4780.128458: sched_wakeup: comm=rngd pid=362 prio=120 target_cpu=000
          <idle>-0     [000] dnh.  4780.128471: sched_wakeup: comm=kworker/0:1 pid=31 prio=120 target_cpu=000
          <idle>-0     [000] d...  4780.128485: sched_switch: prev_comm=swapper/0 prev_pid=0 prev_prio=120 prev_state=R ==> next_comm=kworker/0:1 next_pid=31 next_prio=120
     kworker/0:1-31    [000] d...  4780.128504: sched_switch: prev_comm=kworker/0:1 prev_pid=31 prev_prio=120 prev_state=I ==> next_comm=rngd next_pid=362 next_prio=120
            rngd-362   [000] d...  4780.128534: sched_switch: prev_comm=rngd prev_pid=362 prev_prio=120 prev_state=S ==> next_comm=swapper/0 next_pid=0 next_prio=120
          <idle>-0     [002] dnh.  4780.252470: sched_wakeup: comm=irq/86-mmc1 pid=80 prio=49 target_cpu=002
          <idle>-0     [002] dnh.  4780.252482: sched_wakeup: comm=kworker/2:2 pid=1413 prio=120 target_cpu=002
          <idle>-0     [002] d...  4780.252495: sched_switch: prev_comm=swapper/2 prev_pid=0 prev_prio=120 prev_state=R ==> next_comm=irq/86-mmc1 next_pid=80 next_prio=49
     irq/86-mmc1-80    [002] d...  4780.252517: sched_switch: prev_comm=irq/86-mmc1 prev_pid=80 prev_prio=49 prev_state=D ==> next_comm=kworker/2:2 next_pid=1413 next_prio=120
     kworker/2:2-1413  [002] dnh.  4780.252526: sched_wakeup: comm=irq/86-mmc1 pid=80 prio=49 target_cpu=002
     kworker/2:2-1413  [002] d...  4780.252533: sched_switch: prev_comm=kworker/2:2 prev_pid=1413 prev_prio=120 prev_state=R+ ==> next_comm=irq/86-mmc1 next_pid=80 next_prio=49
     irq/86-mmc1-80    [002] d...  4780.252558: sched_switch: prev_comm=irq/86-mmc1 prev_pid=80 prev_prio=49 prev_state=D ==> next_comm=kworker/2:2 next_pid=1413 next_prio=120
     kworker/2:2-1413  [002] dnh.  4780.252570: sched_wakeup: comm=irq/86-mmc1 pid=80 prio=49 target_cpu=002
     kworker/2:2-1413  [002] d...  4780.252577: sched_switch: prev_comm=kworker/2:2 prev_pid=1413 prev_prio=120 prev_state=R+ ==> next_comm=irq/86-mmc1 next_pid=80 next_prio=49
     irq/86-mmc1-80    [002] d...  4780.252601: sched_switch: prev_comm=irq/86-mmc1 prev_pid=80 prev_prio=49 prev_state=D ==> next_comm=kworker/2:2 next_pid=1413 next_prio=120
     kworker/2:2-1413  [002] d...  4780.252621: sched_switch: prev_comm=kworker/2:2 prev_pid=1413 prev_prio=120 prev_state=I ==> next_comm=swapper/2 next_pid=0 next_prio=120
          <idle>-0     [002] dnh.  4780.252628: sched_wakeup: comm=irq/86-mmc1 pid=80 prio=49 target_cpu=002
          <idle>-0     [002] d...  4780.252633: sched_switch: prev_comm=swapper/2 prev_pid=0 prev_prio=120 prev_state=R ==> next_comm=irq/86-mmc1 next_pid=80 next_prio=49
          <idle>-0     [001] dnh.  4780.252649: sched_wakeup: comm=kworker/u8:1 pid=1360 prio=120 target_cpu=001
     irq/86-mmc1-80    [002] d...  4780.252657: sched_switch: prev_comm=irq/86-mmc1 prev_pid=80 prev_prio=49 prev_state=S ==> next_comm=swapper/2 next_pid=0 next_prio=120
          <idle>-0     [001] d...  4780.252663: sched_switch: prev_comm=swapper/1 prev_pid=0 prev_prio=120 prev_state=R ==> next_comm=kworker/u8:1 next_pid=1360 next_prio=120
    kworker/u8:1-1360  [001] d...  4780.252685: sched_switch: prev_comm=kworker/u8:1 prev_pid=1360 prev_prio=120 prev_state=D ==> next_comm=swapper/1 next_pid=0 next_prio=120
          <idle>-0     [001] dnh.  4780.252703: sched_wakeup: comm=kworker/u8:1 pid=1360 prio=120 target_cpu=001
          <idle>-0     [001] d...  4780.252714: sched_switch: prev_comm=swapper/1 prev_pid=0 prev_prio=120 prev_state=R ==> next_comm=kworker/u8:1 next_pid=1360 next_prio=120
    kworker/u8:1-1360  [001] d...  4780.252725: sched_switch: prev_comm=kworker/u8:1 prev_pid=1360 prev_prio=120 prev_state=D ==> next_comm=swapper/1 next_pid=0 next_prio=120
          <idle>-0     [001] dnh.  4780.255728: sched_wakeup: comm=kworker/u8:1 pid=1360 prio=120 target_cpu=001
          <idle>-0     [001] d...  4780.255740: sched_switch: prev_comm=swapper/1 prev_pid=0 prev_prio=120 prev_state=R ==> next_comm=kworker/u8:1 next_pid=1360 next_prio=120
    kworker/u8:1-1360  [001] d...  4780.255755: sched_switch: prev_comm=kworker/u8:1 prev_pid=1360 prev_prio=120 prev_state=D ==> next_comm=swapper/1 next_pid=0 next_prio=120
          <idle>-0     [001] dnh.  4780.255772: sched_wakeup: comm=kworker/u8:1 pid=1360 prio=120 target_cpu=001
          <idle>-0     [001] d...  4780.255782: sched_switch: prev_comm=swapper/1 prev_pid=0 prev_prio=120 prev_state=R ==> next_comm=kworker/u8:1 next_pid=1360 next_prio=120
    kworker/u8:1-1360  [001] d...  4780.255816: sched_switch: prev_comm=kworker/u8:1 prev_pid=1360 prev_prio=120 prev_state=D ==> next_comm=swapper/1 next_pid=0 next_prio=120
          <idle>-0     [001] dnh.  4780.255833: sched_wakeup: comm=kworker/u8:1 pid=1360 prio=120 target_cpu=001
          <idle>-0     [001] d...  4780.255844: sched_switch: prev_comm=swapper/1 prev_pid=0 prev_prio=120 prev_state=R ==> next_comm=kworker/u8:1 next_pid=1360 next_prio=120
    kworker/u8:1-1360  [001] d...  4780.255871: sched_switch: prev_comm=kworker/u8:1 prev_pid=1360 prev_prio=120 prev_state=D ==> next_comm=swapper/1 next_pid=0 next_prio=120
          <idle>-0     [001] dnh.  4780.255888: sched_wakeup: comm=kworker/u8:1 pid=1360 prio=120 target_cpu=001
          <idle>-0     [001] d...  4780.255899: sched_switch: prev_comm=swapper/1 prev_pid=0 prev_prio=120 prev_state=R ==> next_comm=kworker/u8:1 next_pid=1360 next_prio=120
    kworker/u8:1-1360  [001] d.s.  4780.255932: sched_wakeup: comm=sshd pid=1426 prio=120 target_cpu=001
    kworker/u8:1-1360  [001] d...  4780.255968: sched_switch: prev_comm=kworker/u8:1 prev_pid=1360 prev_prio=120 prev_state=D ==> next_comm=sshd next_pid=1426 next_prio=120
            sshd-1426  [001] d.h.  4780.255982: sched_wakeup: comm=kworker/u8:1 pid=1360 prio=120 target_cpu=001
          <idle>-0     [000] dnh.  4780.256090: sched_wakeup: comm=kworker/u8:3 pid=1409 prio=120 target_cpu=000
          <idle>-0     [000] d...  4780.256102: sched_switch: prev_comm=swapper/0 prev_pid=0 prev_prio=120 prev_state=R ==> next_comm=kworker/u8:3 next_pid=1409 next_prio=120
            sshd-1426  [001] d...  4780.256115: sched_switch: prev_comm=sshd prev_pid=1426 prev_prio=120 prev_state=S ==> next_comm=kworker/u8:1 next_pid=1360 next_prio=120
    kworker/u8:1-1360  [001] d.h.  4780.256128: sched_wakeup: comm=bash pid=1429 prio=120 target_cpu=001
    kworker/u8:3-1409  [000] d...  4780.256138: sched_switch: prev_comm=kworker/u8:3 prev_pid=1409 prev_prio=120 prev_state=I ==> next_comm=swapper/0 next_pid=0 next_prio=120
    kworker/u8:1-1360  [001] d...  4780.256145: sched_switch: prev_comm=kworker/u8:1 prev_pid=1360 prev_prio=120 prev_state=I ==> next_comm=bash next_pid=1429 next_prio=120
            bash-1429  [001] d...  4780.256227: sched_wakeup: comm=kworker/u8:1 pid=1360 prio=120 target_cpu=001
            bash-1429  [001] d...  4780.256251: sched_switch: prev_comm=bash prev_pid=1429 prev_prio=120 prev_state=S ==> next_comm=kworker/u8:1 next_pid=1360 next_prio=120
    kworker/u8:1-1360  [001] d...  4780.256264: sched_wakeup: comm=sshd pid=1426 prio=120 target_cpu=001
    kworker/u8:1-1360  [001] d...  4780.256275: sched_switch: prev_comm=kworker/u8:1 prev_pid=1360 prev_prio=120 prev_state=I ==> next_comm=sshd next_pid=1426 next_prio=120
            sshd-1426  [001] d...  4780.256403: sched_wakeup: comm=kworker/u8:1 pid=1360 prio=120 target_cpu=001
            sshd-1426  [001] d...  4780.256443: sched_switch: prev_comm=sshd prev_pid=1426 prev_prio=120 prev_state=S ==> next_comm=kworker/u8:1 next_pid=1360 next_prio=120
    kworker/u8:1-1360  [001] d...  4780.256491: sched_switch: prev_comm=kworker/u8:1 prev_pid=1360 prev_prio=120 prev_state=D ==> next_comm=swapper/1 next_pid=0 next_prio=120
          <idle>-0     [001] dnh.  4780.256513: sched_wakeup: comm=kworker/u8:1 pid=1360 prio=120 target_cpu=001
          <idle>-0     [001] d...  4780.256525: sched_switch: prev_comm=swapper/1 prev_pid=0 prev_prio=120 prev_state=R ==> next_comm=kworker/u8:1 next_pid=1360 next_prio=120
    kworker/u8:1-1360  [001] d...  4780.256541: sched_switch: prev_comm=kworker/u8:1 prev_pid=1360 prev_prio=120 prev_state=I ==> next_comm=swapper/1 next_pid=0 next_prio=120
          <idle>-0     [002] dnh.  4780.266816: sched_wakeup: comm=brcmf_wdog/mmc1 pid=239 prio=120 target_cpu=002
          <idle>-0     [001] dns.  4780.266825: sched_wakeup: comm=kworker/1:1 pid=1396 prio=120 target_cpu=001
          <idle>-0     [002] d...  4780.266829: sched_switch: prev_comm=swapper/2 prev_pid=0 prev_prio=120 prev_state=R ==> next_comm=brcmf_wdog/mmc1 next_pid=239 next_prio=120
          <idle>-0     [001] dns.  4780.266835: sched_wakeup: comm=kworker/1:2 pid=1411 prio=120 target_cpu=001
 brcmf_wdog/mmc1-239   [002] d...  4780.266849: sched_switch: prev_comm=brcmf_wdog/mmc1 prev_pid=239 prev_prio=120 prev_state=S ==> next_comm=swapper/2 next_pid=0 next_prio=120
          <idle>-0     [001] d...  4780.266860: sched_switch: prev_comm=swapper/1 prev_pid=0 prev_prio=120 prev_state=R ==> next_comm=kworker/1:1 next_pid=1396 next_prio=120
   kworker/dying-1396  [001] ....  4780.266875: do_exit+0x14/0xbe8 <-kthread+0x11c/0x174
   kworker/dying-1396  [001] ....  4780.266905: <stack trace>
 => do_exit+0x18/0xbe8
 => kthread+0x11c/0x174
 => ret_from_fork+0x14/0x28
 => 0
   kworker/dying-1396  [001] ....  4780.266923: sched_process_exit: comm=kworker/dying pid=1396 prio=120
   kworker/dying-1396  [001] d...  4780.267000: sched_switch: prev_comm=kworker/dying prev_pid=1396 prev_prio=120 prev_state=X ==> next_comm=kworker/1:2 next_pid=1411 next_prio=120
     kworker/1:2-1411  [001] d...  4780.267026: sched_switch: prev_comm=kworker/1:2 prev_pid=1411 prev_prio=120 prev_state=I ==> next_comm=swapper/1 next_pid=0 next_prio=120
          <idle>-0     [000] dnh.  4780.276835: sched_wakeup: comm=rcu_sched pid=10 prio=120 target_cpu=000
          <idle>-0     [000] d...  4780.276849: sched_switch: prev_comm=swapper/0 prev_pid=0 prev_prio=120 prev_state=R ==> next_comm=rcu_sched next_pid=10 next_prio=120
       rcu_sched-10    [000] d...  4780.276869: sched_switch: prev_comm=rcu_sched prev_pid=10 prev_prio=120 prev_state=I ==> next_comm=swapper/0 next_pid=0 next_prio=120
          <idle>-0     [002] dnh.  4780.286816: sched_wakeup: comm=brcmf_wdog/mmc1 pid=239 prio=120 target_cpu=002
          <idle>-0     [002] d...  4780.286828: sched_switch: prev_comm=swapper/2 prev_pid=0 prev_prio=120 prev_state=R ==> next_comm=brcmf_wdog/mmc1 next_pid=239 next_prio=120
 brcmf_wdog/mmc1-239   [002] d...  4780.286849: sched_switch: prev_comm=brcmf_wdog/mmc1 prev_pid=239 prev_prio=120 prev_state=D ==> next_comm=swapper/2 next_pid=0 next_prio=120
          <idle>-0     [002] dnh.  4780.286865: sched_wakeup: comm=brcmf_wdog/mmc1 pid=239 prio=120 target_cpu=002
          <idle>-0     [002] d...  4780.286875: sched_switch: prev_comm=swapper/2 prev_pid=0 prev_prio=120 prev_state=R ==> next_comm=brcmf_wdog/mmc1 next_pid=239 next_prio=120
 brcmf_wdog/mmc1-239   [002] d...  4780.286890: sched_switch: prev_comm=brcmf_wdog/mmc1 prev_pid=239 prev_prio=120 prev_state=D ==> next_comm=swapper/2 next_pid=0 next_prio=120
          <idle>-0     [002] dnh.  4780.286905: sched_wakeup: comm=brcmf_wdog/mmc1 pid=239 prio=120 target_cpu=002
          <idle>-0     [002] d...  4780.286915: sched_switch: prev_comm=swapper/2 prev_pid=0 prev_prio=120 prev_state=R ==> next_comm=brcmf_wdog/mmc1 next_pid=239 next_prio=120
 brcmf_wdog/mmc1-239   [002] d...  4780.286929: sched_switch: prev_comm=brcmf_wdog/mmc1 prev_pid=239 prev_prio=120 prev_state=D ==> next_comm=swapper/2 next_pid=0 next_prio=120
          <idle>-0     [002] dnh.  4780.286944: sched_wakeup: comm=brcmf_wdog/mmc1 pid=239 prio=120 target_cpu=002
          <idle>-0     [002] d...  4780.286954: sched_switch: prev_comm=swapper/2 prev_pid=0 prev_prio=120 prev_state=R ==> next_comm=brcmf_wdog/mmc1 next_pid=239 next_prio=120
 brcmf_wdog/mmc1-239   [002] d...  4780.286965: sched_switch: prev_comm=brcmf_wdog/mmc1 prev_pid=239 prev_prio=120 prev_state=S ==> next_comm=swapper/2 next_pid=0 next_prio=120
          <idle>-0     [000] dns.  4780.296811: sched_wakeup: comm=rcu_sched pid=10 prio=120 target_cpu=000
          <idle>-0     [000] dns.  4780.296822: sched_wakeup: comm=kworker/0:1 pid=31 prio=120 target_cpu=000
          <idle>-0     [000] d...  4780.296848: sched_switch: prev_comm=swapper/0 prev_pid=0 prev_prio=120 prev_state=R ==> next_comm=kworker/0:1 next_pid=31 next_prio=120
     kworker/0:1-31    [000] d...  4780.296877: sched_switch: prev_comm=kworker/0:1 prev_pid=31 prev_prio=120 prev_state=I ==> next_comm=rcu_sched next_pid=10 next_prio=120
       rcu_sched-10    [000] d...  4780.296908: sched_switch: prev_comm=rcu_sched prev_pid=10 prev_prio=120 prev_state=I ==> next_comm=swapper/0 next_pid=0 next_prio=120
          <idle>-0     [000] dnh.  4780.308045: sched_wakeup: comm=lxpanel pid=648 prio=120 target_cpu=000
          <idle>-0     [000] d...  4780.308064: sched_switch: prev_comm=swapper/0 prev_pid=0 prev_prio=120 prev_state=R ==> next_comm=lxpanel next_pid=648 next_prio=120
         lxpanel-648   [000] d...  4780.308162: sched_switch: prev_comm=lxpanel prev_pid=648 prev_prio=120 prev_state=S ==> next_comm=swapper/0 next_pid=0 next_prio=120
          <idle>-0     [000] dns.  4780.316814: sched_wakeup: comm=rcu_sched pid=10 prio=120 target_cpu=000
          <idle>-0     [000] d...  4780.316838: sched_switch: prev_comm=swapper/0 prev_pid=0 prev_prio=120 prev_state=R ==> next_comm=rcu_sched next_pid=10 next_prio=120
       rcu_sched-10    [000] d...  4780.316857: sched_switch: prev_comm=rcu_sched prev_pid=10 prev_prio=120 prev_state=I ==> next_comm=swapper/0 next_pid=0 next_prio=120
          <idle>-0     [002] dnh.  4780.317805: sched_wakeup: comm=irq/86-mmc1 pid=80 prio=49 target_cpu=002
          <idle>-0     [002] d...  4780.317817: sched_switch: prev_comm=swapper/2 prev_pid=0 prev_prio=120 prev_state=R ==> next_comm=irq/86-mmc1 next_pid=80 next_prio=49
     irq/86-mmc1-80    [002] d...  4780.317839: sched_switch: prev_comm=irq/86-mmc1 prev_pid=80 prev_prio=49 prev_state=D ==> next_comm=swapper/2 next_pid=0 next_prio=120
          <idle>-0     [002] dnh.  4780.317854: sched_wakeup: comm=irq/86-mmc1 pid=80 prio=49 target_cpu=002
          <idle>-0     [002] d...  4780.317864: sched_switch: prev_comm=swapper/2 prev_pid=0 prev_prio=120 prev_state=R ==> next_comm=irq/86-mmc1 next_pid=80 next_prio=49
     irq/86-mmc1-80    [002] d...  4780.317889: sched_switch: prev_comm=irq/86-mmc1 prev_pid=80 prev_prio=49 prev_state=D ==> next_comm=swapper/2 next_pid=0 next_prio=120
          <idle>-0     [000] dnh.  4780.317904: sched_wakeup: comm=rngd pid=362 prio=120 target_cpu=000
          <idle>-0     [002] dnh.  4780.317918: sched_wakeup: comm=irq/86-mmc1 pid=80 prio=49 target_cpu=002
          <idle>-0     [000] d...  4780.317924: sched_switch: prev_comm=swapper/0 prev_pid=0 prev_prio=120 prev_state=R ==> next_comm=rngd next_pid=362 next_prio=120
          <idle>-0     [002] d...  4780.317927: sched_switch: prev_comm=swapper/2 prev_pid=0 prev_prio=120 prev_state=R ==> next_comm=irq/86-mmc1 next_pid=80 next_prio=49
            rngd-362   [000] d...  4780.317939: sched_switch: prev_comm=rngd prev_pid=362 prev_prio=120 prev_state=S ==> next_comm=swapper/0 next_pid=0 next_prio=120
     irq/86-mmc1-80    [002] d...  4780.317951: sched_switch: prev_comm=irq/86-mmc1 prev_pid=80 prev_prio=49 prev_state=D ==> next_comm=swapper/2 next_pid=0 next_prio=120
          <idle>-0     [002] dnh.  4780.317973: sched_wakeup: comm=irq/86-mmc1 pid=80 prio=49 target_cpu=002
          <idle>-0     [002] d...  4780.317982: sched_switch: prev_comm=swapper/2 prev_pid=0 prev_prio=120 prev_state=R ==> next_comm=irq/86-mmc1 next_pid=80 next_prio=49
          <idle>-0     [001] dnh.  4780.317998: sched_wakeup: comm=kworker/u8:1 pid=1360 prio=120 target_cpu=001
     irq/86-mmc1-80    [002] d...  4780.318001: sched_switch: prev_comm=irq/86-mmc1 prev_pid=80 prev_prio=49 prev_state=S ==> next_comm=swapper/2 next_pid=0 next_prio=120
          <idle>-0     [001] d...  4780.318006: sched_switch: prev_comm=swapper/1 prev_pid=0 prev_prio=120 prev_state=R ==> next_comm=kworker/u8:1 next_pid=1360 next_prio=120
    kworker/u8:1-1360  [001] d...  4780.318028: sched_switch: prev_comm=kworker/u8:1 prev_pid=1360 prev_prio=120 prev_state=D ==> next_comm=swapper/1 next_pid=0 next_prio=120
          <idle>-0     [001] dnh.  4780.318039: sched_wakeup: comm=kworker/u8:1 pid=1360 prio=120 target_cpu=001
          <idle>-0     [001] d...  4780.318046: sched_switch: prev_comm=swapper/1 prev_pid=0 prev_prio=120 prev_state=R ==> next_comm=kworker/u8:1 next_pid=1360 next_prio=120
    kworker/u8:1-1360  [001] d...  4780.318058: sched_switch: prev_comm=kworker/u8:1 prev_pid=1360 prev_prio=120 prev_state=D ==> next_comm=swapper/1 next_pid=0 next_prio=120
          <idle>-0     [001] dnh.  4780.321061: sched_wakeup: comm=kworker/u8:1 pid=1360 prio=120 target_cpu=001
          <idle>-0     [001] d...  4780.321069: sched_switch: prev_comm=swapper/1 prev_pid=0 prev_prio=120 prev_state=R ==> next_comm=kworker/u8:1 next_pid=1360 next_prio=120
    kworker/u8:1-1360  [001] d...  4780.321084: sched_switch: prev_comm=kworker/u8:1 prev_pid=1360 prev_prio=120 prev_state=D ==> next_comm=swapper/1 next_pid=0 next_prio=120
          <idle>-0     [001] dnh.  4780.321095: sched_wakeup: comm=kworker/u8:1 pid=1360 prio=120 target_cpu=001
          <idle>-0     [001] d...  4780.321102: sched_switch: prev_comm=swapper/1 prev_pid=0 prev_prio=120 prev_state=R ==> next_comm=kworker/u8:1 next_pid=1360 next_prio=120
    kworker/u8:1-1360  [001] d...  4780.321136: sched_switch: prev_comm=kworker/u8:1 prev_pid=1360 prev_prio=120 prev_state=D ==> next_comm=swapper/1 next_pid=0 next_prio=120
          <idle>-0     [001] dnh.  4780.321153: sched_wakeup: comm=kworker/u8:1 pid=1360 prio=120 target_cpu=001
          <idle>-0     [001] d...  4780.321160: sched_switch: prev_comm=swapper/1 prev_pid=0 prev_prio=120 prev_state=R ==> next_comm=kworker/u8:1 next_pid=1360 next_prio=120
    kworker/u8:1-1360  [001] d...  4780.321188: sched_switch: prev_comm=kworker/u8:1 prev_pid=1360 prev_prio=120 prev_state=D ==> next_comm=swapper/1 next_pid=0 next_prio=120
          <idle>-0     [001] dnh.  4780.321201: sched_wakeup: comm=kworker/u8:1 pid=1360 prio=120 target_cpu=001
          <idle>-0     [001] d...  4780.321208: sched_switch: prev_comm=swapper/1 prev_pid=0 prev_prio=120 prev_state=R ==> next_comm=kworker/u8:1 next_pid=1360 next_prio=120
    kworker/u8:1-1360  [001] d...  4780.321284: sched_switch: prev_comm=kworker/u8:1 prev_pid=1360 prev_prio=120 prev_state=D ==> next_comm=swapper/1 next_pid=0 next_prio=120
