          <idle>-0     [002] d...  4780.665602: sched_switch: prev_comm=swapper/2 prev_pid=0 prev_prio=120 prev_state=R ==> next_comm=kworker/u8:2 next_pid=1386 next_prio=120
    kworker/u8:2-1386  [002] d...  4780.665618: sched_switch: prev_comm=kworker/u8:2 prev_pid=1386 prev_prio=120 prev_state=I ==> next_comm=swapper/2 next_pid=0 next_prio=120
          <idle>-0     [002] dns.  4780.676852: sched_wakeup: comm=brcmf_wdog/mmc1 pid=239 prio=120 target_cpu=002
          <idle>-0     [002] dnH.  4780.676861: sched_wakeup: comm=kworker/2:2 pid=1413 prio=120 target_cpu=002
          <idle>-0     [002] d...  4780.676887: sched_switch: prev_comm=swapper/2 prev_pid=0 prev_prio=120 prev_state=R ==> next_comm=kworker/2:2 next_pid=1413 next_prio=120
     kworker/2:2-1413  [002] d...  4780.676905: sched_switch: prev_comm=kworker/2:2 prev_pid=1413 prev_prio=120 prev_state=I ==> next_comm=brcmf_wdog/mmc1 next_pid=239 next_prio=120
 brcmf_wdog/mmc1-239   [002] d...  4780.676929: sched_switch: prev_comm=brcmf_wdog/mmc1 prev_pid=239 prev_prio=120 prev_state=S ==> next_comm=swapper/2 next_pid=0 next_prio=120
          <idle>-0     [002] dns.  4780.696853: sched_wakeup: comm=brcmf_wdog/mmc1 pid=239 prio=120 target_cpu=002
          <idle>-0     [002] d...  4780.696876: sched_switch: prev_comm=swapper/2 prev_pid=0 prev_prio=120 prev_state=R ==> next_comm=brcmf_wdog/mmc1 next_pid=239 next_prio=120
 brcmf_wdog/mmc1-239   [002] d...  4780.696896: sched_switch: prev_comm=brcmf_wdog/mmc1 prev_pid=239 prev_prio=120 prev_state=D ==> next_comm=swapper/2 next_pid=0 next_prio=120
          <idle>-0     [002] dnh.  4780.696909: sched_wakeup: comm=brcmf_wdog/mmc1 pid=239 prio=120 target_cpu=002
          <idle>-0     [002] d...  4780.696916: sched_switch: prev_comm=swapper/2 prev_pid=0 prev_prio=120 prev_state=R ==> next_comm=brcmf_wdog/mmc1 next_pid=239 next_prio=120
 brcmf_wdog/mmc1-239   [002] d...  4780.696930: sched_switch: prev_comm=brcmf_wdog/mmc1 prev_pid=239 prev_prio=120 prev_state=D ==> next_comm=swapper/2 next_pid=0 next_prio=120
          <idle>-0     [002] dnh.  4780.696943: sched_wakeup: comm=brcmf_wdog/mmc1 pid=239 prio=120 target_cpu=002
          <idle>-0     [002] d...  4780.696949: sched_switch: prev_comm=swapper/2 prev_pid=0 prev_prio=120 prev_state=R ==> next_comm=brcmf_wdog/mmc1 next_pid=239 next_prio=120
 brcmf_wdog/mmc1-239   [002] d...  4780.696963: sched_switch: prev_comm=brcmf_wdog/mmc1 prev_pid=239 prev_prio=120 prev_state=D ==> next_comm=swapper/2 next_pid=0 next_prio=120
          <idle>-0     [002] dnh.  4780.696975: sched_wakeup: comm=brcmf_wdog/mmc1 pid=239 prio=120 target_cpu=002
          <idle>-0     [002] d...  4780.696982: sched_switch: prev_comm=swapper/2 prev_pid=0 prev_prio=120 prev_state=R ==> next_comm=brcmf_wdog/mmc1 next_pid=239 next_prio=120
 brcmf_wdog/mmc1-239   [002] d...  4780.696992: sched_switch: prev_comm=brcmf_wdog/mmc1 prev_pid=239 prev_prio=120 prev_state=S ==> next_comm=swapper/2 next_pid=0 next_prio=120
          <idle>-0     [000] dnh.  4780.712457: sched_wakeup: comm=rngd pid=362 prio=120 target_cpu=000
          <idle>-0     [000] d...  4780.712474: sched_switch: prev_comm=swapper/0 prev_pid=0 prev_prio=120 prev_state=R ==> next_comm=rngd next_pid=362 next_prio=120
            rngd-362   [000] d...  4780.712489: sched_switch: prev_comm=rngd prev_pid=362 prev_prio=120 prev_state=S ==> next_comm=swapper/0 next_pid=0 next_prio=120
          <idle>-0     [002] dnh.  4780.717540: sched_wakeup: comm=irq/86-mmc1 pid=80 prio=49 target_cpu=002
          <idle>-0     [002] d...  4780.717553: sched_switch: prev_comm=swapper/2 prev_pid=0 prev_prio=120 prev_state=R ==> next_comm=irq/86-mmc1 next_pid=80 next_prio=49
     irq/86-mmc1-80    [002] d...  4780.717586: sched_switch: prev_comm=irq/86-mmc1 prev_pid=80 prev_prio=49 prev_state=D ==> next_comm=swapper/2 next_pid=0 next_prio=120
          <idle>-0     [002] dnh.  4780.717595: sched_wakeup: comm=irq/86-mmc1 pid=80 prio=49 target_cpu=002
          <idle>-0     [002] d...  4780.717600: sched_switch: prev_comm=swapper/2 prev_pid=0 prev_prio=120 prev_state=R ==> next_comm=irq/86-mmc1 next_pid=80 next_prio=49
     irq/86-mmc1-80    [002] d...  4780.717624: sched_switch: prev_comm=irq/86-mmc1 prev_pid=80 prev_prio=49 prev_state=D ==> next_comm=swapper/2 next_pid=0 next_prio=120
          <idle>-0     [002] dnh.  4780.717641: sched_wakeup: comm=irq/86-mmc1 pid=80 prio=49 target_cpu=002
          <idle>-0     [002] d...  4780.717652: sched_switch: prev_comm=swapper/2 prev_pid=0 prev_prio=120 prev_state=R ==> next_comm=irq/86-mmc1 next_pid=80 next_prio=49
     irq/86-mmc1-80    [002] d...  4780.717676: sched_switch: prev_comm=irq/86-mmc1 prev_pid=80 prev_prio=49 prev_state=D ==> next_comm=swapper/2 next_pid=0 next_prio=120
          <idle>-0     [002] dnh.  4780.717692: sched_wakeup: comm=irq/86-mmc1 pid=80 prio=49 target_cpu=002
          <idle>-0     [002] d...  4780.717702: sched_switch: prev_comm=swapper/2 prev_pid=0 prev_prio=120 prev_state=R ==> next_comm=irq/86-mmc1 next_pid=80 next_prio=49
     irq/86-mmc1-80    [002] d...  4780.717713: sched_wakeup: comm=kworker/u8:2 pid=1386 prio=120 target_cpu=002
     irq/86-mmc1-80    [002] d...  4780.717728: sched_switch: prev_comm=irq/86-mmc1 prev_pid=80 prev_prio=49 prev_state=S ==> next_comm=kworker/u8:2 next_pid=1386 next_prio=120
    kworker/u8:2-1386  [002] d...  4780.717755: sched_switch: prev_comm=kworker/u8:2 prev_pid=1386 prev_prio=120 prev_state=D ==> next_comm=swapper/2 next_pid=0 next_prio=120
          <idle>-0     [002] dnh.  4780.717773: sched_wakeup: comm=kworker/u8:2 pid=1386 prio=120 target_cpu=002
          <idle>-0     [002] d...  4780.717784: sched_switch: prev_comm=swapper/2 prev_pid=0 prev_prio=120 prev_state=R ==> next_comm=kworker/u8:2 next_pid=1386 next_prio=120
    kworker/u8:2-1386  [002] d...  4780.717796: sched_switch: prev_comm=kworker/u8:2 prev_pid=1386 prev_prio=120 prev_state=D ==> next_comm=swapper/2 next_pid=0 next_prio=120
          <idle>-0     [002] dnh.  4780.720798: sched_wakeup: comm=kworker/u8:2 pid=1386 prio=120 target_cpu=002
          <idle>-0     [002] d...  4780.720811: sched_switch: prev_comm=swapper/2 prev_pid=0 prev_prio=120 prev_state=R ==> next_comm=kworker/u8:2 next_pid=1386 next_prio=120
    kworker/u8:2-1386  [002] d...  4780.720825: sched_switch: prev_comm=kworker/u8:2 prev_pid=1386 prev_prio=120 prev_state=D ==> next_comm=swapper/2 next_pid=0 next_prio=120
          <idle>-0     [002] dnh.  4780.720842: sched_wakeup: comm=kworker/u8:2 pid=1386 prio=120 target_cpu=002
          <idle>-0     [002] d...  4780.720852: sched_switch: prev_comm=swapper/2 prev_pid=0 prev_prio=120 prev_state=R ==> next_comm=kworker/u8:2 next_pid=1386 next_prio=120
    kworker/u8:2-1386  [002] d...  4780.720886: sched_switch: prev_comm=kworker/u8:2 prev_pid=1386 prev_prio=120 prev_state=D ==> next_comm=swapper/2 next_pid=0 next_prio=120
          <idle>-0     [002] dnh.  4780.720903: sched_wakeup: comm=kworker/u8:2 pid=1386 prio=120 target_cpu=002
          <idle>-0     [002] d...  4780.720914: sched_switch: prev_comm=swapper/2 prev_pid=0 prev_prio=120 prev_state=R ==> next_comm=kworker/u8:2 next_pid=1386 next_prio=120
    kworker/u8:2-1386  [002] d...  4780.720941: sched_switch: prev_comm=kworker/u8:2 prev_pid=1386 prev_prio=120 prev_state=D ==> next_comm=swapper/2 next_pid=0 next_prio=120
          <idle>-0     [002] dnh.  4780.720957: sched_wakeup: comm=kworker/u8:2 pid=1386 prio=120 target_cpu=002
          <idle>-0     [002] d...  4780.720968: sched_switch: prev_comm=swapper/2 prev_pid=0 prev_prio=120 prev_state=R ==> next_comm=kworker/u8:2 next_pid=1386 next_prio=120
    kworker/u8:2-1386  [002] d...  4780.721029: sched_switch: prev_comm=kworker/u8:2 prev_pid=1386 prev_prio=120 prev_state=D ==> next_comm=swapper/2 next_pid=0 next_prio=120
          <idle>-0     [002] dnh.  4780.721047: sched_wakeup: comm=kworker/u8:2 pid=1386 prio=120 target_cpu=002
          <idle>-0     [002] d...  4780.721058: sched_switch: prev_comm=swapper/2 prev_pid=0 prev_prio=120 prev_state=R ==> next_comm=kworker/u8:2 next_pid=1386 next_prio=120
    kworker/u8:2-1386  [002] d...  4780.721072: sched_switch: prev_comm=kworker/u8:2 prev_pid=1386 prev_prio=120 prev_state=I ==> next_comm=swapper/2 next_pid=0 next_prio=120
          <idle>-0     [002] dns.  4780.736858: sched_wakeup: comm=brcmf_wdog/mmc1 pid=239 prio=120 target_cpu=002
          <idle>-0     [002] d...  4780.736882: sched_switch: prev_comm=swapper/2 prev_pid=0 prev_prio=120 prev_state=R ==> next_comm=brcmf_wdog/mmc1 next_pid=239 next_prio=120
 brcmf_wdog/mmc1-239   [002] d...  4780.736891: sched_switch: prev_comm=brcmf_wdog/mmc1 prev_pid=239 prev_prio=120 prev_state=S ==> next_comm=swapper/2 next_pid=0 next_prio=120
          <idle>-0     [002] dns.  4780.756856: sched_wakeup: comm=brcmf_wdog/mmc1 pid=239 prio=120 target_cpu=002
          <idle>-0     [002] d...  4780.756878: sched_switch: prev_comm=swapper/2 prev_pid=0 prev_prio=120 prev_state=R ==> next_comm=brcmf_wdog/mmc1 next_pid=239 next_prio=120
 brcmf_wdog/mmc1-239   [002] d...  4780.756911: sched_switch: prev_comm=brcmf_wdog/mmc1 prev_pid=239 prev_prio=120 prev_state=D ==> next_comm=swapper/2 next_pid=0 next_prio=120
          <idle>-0     [002] dnh.  4780.756928: sched_wakeup: comm=brcmf_wdog/mmc1 pid=239 prio=120 target_cpu=002
          <idle>-0     [002] d...  4780.756939: sched_switch: prev_comm=swapper/2 prev_pid=0 prev_prio=120 prev_state=R ==> next_comm=brcmf_wdog/mmc1 next_pid=239 next_prio=120
 brcmf_wdog/mmc1-239   [002] d...  4780.756954: sched_switch: prev_comm=brcmf_wdog/mmc1 prev_pid=239 prev_prio=120 prev_state=D ==> next_comm=swapper/2 next_pid=0 next_prio=120
          <idle>-0     [002] dnh.  4780.756970: sched_wakeup: comm=brcmf_wdog/mmc1 pid=239 prio=120 target_cpu=002
          <idle>-0     [002] d...  4780.756981: sched_switch: prev_comm=swapper/2 prev_pid=0 prev_prio=120 prev_state=R ==> next_comm=brcmf_wdog/mmc1 next_pid=239 next_prio=120
 brcmf_wdog/mmc1-239   [002] d...  4780.756996: sched_switch: prev_comm=brcmf_wdog/mmc1 prev_pid=239 prev_prio=120 prev_state=D ==> next_comm=swapper/2 next_pid=0 next_prio=120
          <idle>-0     [002] dnh.  4780.757011: sched_wakeup: comm=brcmf_wdog/mmc1 pid=239 prio=120 target_cpu=002
          <idle>-0     [002] d...  4780.757022: sched_switch: prev_comm=swapper/2 prev_pid=0 prev_prio=120 prev_state=R ==> next_comm=brcmf_wdog/mmc1 next_pid=239 next_prio=120
 brcmf_wdog/mmc1-239   [002] d...  4780.757033: sched_switch: prev_comm=brcmf_wdog/mmc1 prev_pid=239 prev_prio=120 prev_state=S ==> next_comm=swapper/2 next_pid=0 next_prio=120
          <idle>-0     [000] dnh.  4780.908798: sched_wakeup: comm=lxpanel pid=648 prio=120 target_cpu=000
          <idle>-0     [000] dnh.  4780.908813: sched_wakeup: comm=kworker/0:1 pid=31 prio=120 target_cpu=000
          <idle>-0     [000] d...  4780.908829: sched_switch: prev_comm=swapper/0 prev_pid=0 prev_prio=120 prev_state=R ==> next_comm=kworker/0:1 next_pid=31 next_prio=120
     kworker/0:1-31    [000] d...  4780.908849: sched_switch: prev_comm=kworker/0:1 prev_pid=31 prev_prio=120 prev_state=I ==> next_comm=lxpanel next_pid=648 next_prio=120
         lxpanel-648   [000] d...  4780.908970: sched_switch: prev_comm=lxpanel prev_pid=648 prev_prio=120 prev_state=S ==> next_comm=swapper/0 next_pid=0 next_prio=120
          <idle>-0     [000] dnh.  4780.912333: sched_wakeup: comm=rngd pid=362 prio=120 target_cpu=000
          <idle>-0     [000] d...  4780.912347: sched_switch: prev_comm=swapper/0 prev_pid=0 prev_prio=120 prev_state=R ==> next_comm=rngd next_pid=362 next_prio=120
            rngd-362   [000] d...  4780.912366: sched_switch: prev_comm=rngd prev_pid=362 prev_prio=120 prev_state=S ==> next_comm=swapper/0 next_pid=0 next_prio=120
          <idle>-0     [002] dns.  4780.916877: sched_wakeup: comm=kworker/2:2 pid=1413 prio=120 target_cpu=002
          <idle>-0     [002] d...  4780.916900: sched_switch: prev_comm=swapper/2 prev_pid=0 prev_prio=120 prev_state=R ==> next_comm=kworker/2:2 next_pid=1413 next_prio=120
     kworker/2:2-1413  [002] d...  4780.916933: sched_wakeup: comm=ksoftirqd/2 pid=21 prio=120 target_cpu=002
     kworker/2:2-1413  [002] d...  4780.916947: sched_wakeup: comm=kworker/2:0 pid=1391 prio=120 target_cpu=002
     kworker/2:2-1413  [002] d...  4780.916952: sched_switch: prev_comm=kworker/2:2 prev_pid=1413 prev_prio=120 prev_state=D ==> next_comm=kworker/2:0 next_pid=1391 next_prio=120
     kworker/2:0-1391  [002] d...  4780.916967: sched_switch: prev_comm=kworker/2:0 prev_pid=1391 prev_prio=120 prev_state=I ==> next_comm=ksoftirqd/2 next_pid=21 next_prio=120
     ksoftirqd/2-21    [002] d.s.  4780.916983: sched_wakeup: comm=kworker/2:0 pid=1391 prio=120 target_cpu=002
     ksoftirqd/2-21    [002] d.s.  4780.916990: sched_wakeup: comm=kworker/2:2 pid=1413 prio=120 target_cpu=002
     ksoftirqd/2-21    [002] d...  4780.916999: sched_switch: prev_comm=ksoftirqd/2 prev_pid=21 prev_prio=120 prev_state=S ==> next_comm=kworker/2:0 next_pid=1391 next_prio=120
     kworker/2:0-1391  [002] d...  4780.917006: sched_switch: prev_comm=kworker/2:0 prev_pid=1391 prev_prio=120 prev_state=I ==> next_comm=kworker/2:2 next_pid=1413 next_prio=120
     kworker/2:2-1413  [002] d...  4780.917040: sched_switch: prev_comm=kworker/2:2 prev_pid=1413 prev_prio=120 prev_state=I ==> next_comm=swapper/2 next_pid=0 next_prio=120
          <idle>-0     [002] dnh.  4780.917916: sched_wakeup: comm=irq/86-mmc1 pid=80 prio=49 target_cpu=002
          <idle>-0     [002] d...  4780.917928: sched_switch: prev_comm=swapper/2 prev_pid=0 prev_prio=120 prev_state=R ==> next_comm=irq/86-mmc1 next_pid=80 next_prio=49
     irq/86-mmc1-80    [002] d...  4780.917948: sched_switch: prev_comm=irq/86-mmc1 prev_pid=80 prev_prio=49 prev_state=D ==> next_comm=swapper/2 next_pid=0 next_prio=120
          <idle>-0     [002] dnh.  4780.917965: sched_wakeup: comm=irq/86-mmc1 pid=80 prio=49 target_cpu=002
          <idle>-0     [002] d...  4780.917975: sched_switch: prev_comm=swapper/2 prev_pid=0 prev_prio=120 prev_state=R ==> next_comm=irq/86-mmc1 next_pid=80 next_prio=49
     irq/86-mmc1-80    [002] d...  4780.918000: sched_switch: prev_comm=irq/86-mmc1 prev_pid=80 prev_prio=49 prev_state=D ==> next_comm=swapper/2 next_pid=0 next_prio=120
          <idle>-0     [002] dnh.  4780.918016: sched_wakeup: comm=irq/86-mmc1 pid=80 prio=49 target_cpu=002
          <idle>-0     [002] d...  4780.918026: sched_switch: prev_comm=swapper/2 prev_pid=0 prev_prio=120 prev_state=R ==> next_comm=irq/86-mmc1 next_pid=80 next_prio=49
     irq/86-mmc1-80    [002] d...  4780.918049: sched_switch: prev_comm=irq/86-mmc1 prev_pid=80 prev_prio=49 prev_state=D ==> next_comm=swapper/2 next_pid=0 next_prio=120
          <idle>-0     [002] dnh.  4780.918067: sched_wakeup: comm=irq/86-mmc1 pid=80 prio=49 target_cpu=002
          <idle>-0     [002] d...  4780.918077: sched_switch: prev_comm=swapper/2 prev_pid=0 prev_prio=120 prev_state=R ==> next_comm=irq/86-mmc1 next_pid=80 next_prio=49
     irq/86-mmc1-80    [002] d...  4780.918089: sched_wakeup: comm=kworker/u8:2 pid=1386 prio=120 target_cpu=002
     irq/86-mmc1-80    [002] d...  4780.918103: sched_switch: prev_comm=irq/86-mmc1 prev_pid=80 prev_prio=49 prev_state=S ==> next_comm=kworker/u8:2 next_pid=1386 next_prio=120
    kworker/u8:2-1386  [002] d...  4780.918130: sched_switch: prev_comm=kworker/u8:2 prev_pid=1386 prev_prio=120 prev_state=D ==> next_comm=swapper/2 next_pid=0 next_prio=120
          <idle>-0     [002] dnh.  4780.918148: sched_wakeup: comm=kworker/u8:2 pid=1386 prio=120 target_cpu=002
          <idle>-0     [002] d...  4780.918159: sched_switch: prev_comm=swapper/2 prev_pid=0 prev_prio=120 prev_state=R ==> next_comm=kworker/u8:2 next_pid=1386 next_prio=120
    kworker/u8:2-1386  [002] d...  4780.918170: sched_switch: prev_comm=kworker/u8:2 prev_pid=1386 prev_prio=120 prev_state=D ==> next_comm=swapper/2 next_pid=0 next_prio=120
          <idle>-0     [002] dnh.  4780.921173: sched_wakeup: comm=kworker/u8:2 pid=1386 prio=120 target_cpu=002
          <idle>-0     [002] d...  4780.921185: sched_switch: prev_comm=swapper/2 prev_pid=0 prev_prio=120 prev_state=R ==> next_comm=kworker/u8:2 next_pid=1386 next_prio=120
    kworker/u8:2-1386  [002] d...  4780.921200: sched_switch: prev_comm=kworker/u8:2 prev_pid=1386 prev_prio=120 prev_state=D ==> next_comm=swapper/2 next_pid=0 next_prio=120
          <idle>-0     [002] dnh.  4780.921216: sched_wakeup: comm=kworker/u8:2 pid=1386 prio=120 target_cpu=002
          <idle>-0     [002] d...  4780.921227: sched_switch: prev_comm=swapper/2 prev_pid=0 prev_prio=120 prev_state=R ==> next_comm=kworker/u8:2 next_pid=1386 next_prio=120
    kworker/u8:2-1386  [002] d...  4780.921258: sched_switch: prev_comm=kworker/u8:2 prev_pid=1386 prev_prio=120 prev_state=D ==> next_comm=swapper/2 next_pid=0 next_prio=120
          <idle>-0     [002] dnh.  4780.921275: sched_wakeup: comm=kworker/u8:2 pid=1386 prio=120 target_cpu=002
          <idle>-0     [002] d...  4780.921285: sched_switch: prev_comm=swapper/2 prev_pid=0 prev_prio=120 prev_state=R ==> next_comm=kworker/u8:2 next_pid=1386 next_prio=120
    kworker/u8:2-1386  [002] d...  4780.921312: sched_switch: prev_comm=kworker/u8:2 prev_pid=1386 prev_prio=120 prev_state=D ==> next_comm=swapper/2 next_pid=0 next_prio=120
          <idle>-0     [002] dnh.  4780.921329: sched_wakeup: comm=kworker/u8:2 pid=1386 prio=120 target_cpu=002
          <idle>-0     [002] d...  4780.921340: sched_switch: prev_comm=swapper/2 prev_pid=0 prev_prio=120 prev_state=R ==> next_comm=kworker/u8:2 next_pid=1386 next_prio=120
          <idle>-0     [001] dnh.  4780.921378: sched_wakeup: comm=sshd pid=1426 prio=120 target_cpu=001
          <idle>-0     [001] d...  4780.921392: sched_switch: prev_comm=swapper/1 prev_pid=0 prev_prio=120 prev_state=R ==> next_comm=sshd next_pid=1426 next_prio=120
    kworker/u8:2-1386  [002] d...  4780.921399: sched_switch: prev_comm=kworker/u8:2 prev_pid=1386 prev_prio=120 prev_state=D ==> next_comm=swapper/2 next_pid=0 next_prio=120
          <idle>-0     [002] dnh.  4780.921416: sched_wakeup: comm=kworker/u8:2 pid=1386 prio=120 target_cpu=002
          <idle>-0     [002] d...  4780.921427: sched_switch: prev_comm=swapper/2 prev_pid=0 prev_prio=120 prev_state=R ==> next_comm=kworker/u8:2 next_pid=1386 next_prio=120
    kworker/u8:2-1386  [002] d...  4780.921442: sched_switch: prev_comm=kworker/u8:2 prev_pid=1386 prev_prio=120 prev_state=I ==> next_comm=swapper/2 next_pid=0 next_prio=120
          <idle>-0     [002] dnh.  4780.921507: sched_wakeup: comm=kworker/u8:2 pid=1386 prio=120 target_cpu=002
          <idle>-0     [002] d...  4780.921518: sched_switch: prev_comm=swapper/2 prev_pid=0 prev_prio=120 prev_state=R ==> next_comm=kworker/u8:2 next_pid=1386 next_prio=120
            sshd-1426  [001] d...  4780.921534: sched_switch: prev_comm=sshd prev_pid=1426 prev_prio=120 prev_state=S ==> next_comm=swapper/1 next_pid=0 next_prio=120
    kworker/u8:2-1386  [002] d...  4780.921535: sched_switch: prev_comm=kworker/u8:2 prev_pid=1386 prev_prio=120 prev_state=I ==> next_comm=swapper/2 next_pid=0 next_prio=120
          <idle>-0     [000] dnh.  4780.921537: sched_wakeup: comm=bash pid=1429 prio=120 target_cpu=000
          <idle>-0     [000] d...  4780.921551: sched_switch: prev_comm=swapper/0 prev_pid=0 prev_prio=120 prev_state=R ==> next_comm=bash next_pid=1429 next_prio=120
          <idle>-0     [002] dnh.  4780.922741: sched_wakeup: comm=kworker/u8:2 pid=1386 prio=120 target_cpu=002
          <idle>-0     [002] d...  4780.922754: sched_switch: prev_comm=swapper/2 prev_pid=0 prev_prio=120 prev_state=R ==> next_comm=kworker/u8:2 next_pid=1386 next_prio=120
            bash-1429  [000] d...  4780.922761: sched_switch: prev_comm=bash prev_pid=1429 prev_prio=120 prev_state=S ==> next_comm=swapper/0 next_pid=0 next_prio=120
    kworker/u8:2-1386  [002] d...  4780.922771: sched_switch: prev_comm=kworker/u8:2 prev_pid=1386 prev_prio=120 prev_state=I ==> next_comm=swapper/2 next_pid=0 next_prio=120
          <idle>-0     [001] dnh.  4780.922774: sched_wakeup: comm=sshd pid=1426 prio=120 target_cpu=001
          <idle>-0     [001] d...  4780.922787: sched_switch: prev_comm=swapper/1 prev_pid=0 prev_prio=120 prev_state=R ==> next_comm=sshd next_pid=1426 next_prio=120
          <idle>-0     [002] dnh.  4780.922950: sched_wakeup: comm=kworker/u8:2 pid=1386 prio=120 target_cpu=002
          <idle>-0     [002] d...  4780.922961: sched_switch: prev_comm=swapper/2 prev_pid=0 prev_prio=120 prev_state=R ==> next_comm=kworker/u8:2 next_pid=1386 next_prio=120
            sshd-1426  [001] d...  4780.922982: sched_switch: prev_comm=sshd prev_pid=1426 prev_prio=120 prev_state=S ==> next_comm=swapper/1 next_pid=0 next_prio=120
    kworker/u8:2-1386  [002] d...  4780.923007: sched_switch: prev_comm=kworker/u8:2 prev_pid=1386 prev_prio=120 prev_state=D ==> next_comm=swapper/2 next_pid=0 next_prio=120
          <idle>-0     [002] dnh.  4780.923045: sched_wakeup: comm=kworker/u8:2 pid=1386 prio=120 target_cpu=002
          <idle>-0     [002] d...  4780.923055: sched_switch: prev_comm=swapper/2 prev_pid=0 prev_prio=120 prev_state=R ==> next_comm=kworker/u8:2 next_pid=1386 next_prio=120
    kworker/u8:2-1386  [002] d...  4780.923073: sched_switch: prev_comm=kworker/u8:2 prev_pid=1386 prev_prio=120 prev_state=I ==> next_comm=swapper/2 next_pid=0 next_prio=120
          <idle>-0     [000] dns.  4780.926921: sched_wakeup: comm=rcu_sched pid=10 prio=120 target_cpu=000
          <idle>-0     [000] d...  4780.926933: sched_switch: prev_comm=swapper/0 prev_pid=0 prev_prio=120 prev_state=R ==> next_comm=rcu_sched next_pid=10 next_prio=120
       rcu_sched-10    [000] d...  4780.926952: sched_switch: prev_comm=rcu_sched prev_pid=10 prev_prio=120 prev_state=I ==> next_comm=swapper/0 next_pid=0 next_prio=120
          <idle>-0     [002] dns.  4780.936880: sched_wakeup: comm=brcmf_wdog/mmc1 pid=239 prio=120 target_cpu=002
          <idle>-0     [002] d...  4780.936908: sched_switch: prev_comm=swapper/2 prev_pid=0 prev_prio=120 prev_state=R ==> next_comm=brcmf_wdog/mmc1 next_pid=239 next_prio=120
 brcmf_wdog/mmc1-239   [002] d...  4780.936919: sched_switch: prev_comm=brcmf_wdog/mmc1 prev_pid=239 prev_prio=120 prev_state=S ==> next_comm=swapper/2 next_pid=0 next_prio=120
          <idle>-0     [000] dns.  4780.946879: sched_wakeup: comm=rcu_sched pid=10 prio=120 target_cpu=000
          <idle>-0     [000] d...  4780.946900: sched_switch: prev_comm=swapper/0 prev_pid=0 prev_prio=120 prev_state=R ==> next_comm=rcu_sched next_pid=10 next_prio=120
       rcu_sched-10    [000] d...  4780.946923: sched_switch: prev_comm=rcu_sched prev_pid=10 prev_prio=120 prev_state=I ==> next_comm=swapper/0 next_pid=0 next_prio=120
          <idle>-0     [002] dns.  4780.956875: sched_wakeup: comm=brcmf_wdog/mmc1 pid=239 prio=120 target_cpu=002
          <idle>-0     [002] d...  4780.956903: sched_switch: prev_comm=swapper/2 prev_pid=0 prev_prio=120 prev_state=R ==> next_comm=brcmf_wdog/mmc1 next_pid=239 next_prio=120
 brcmf_wdog/mmc1-239   [002] d...  4780.956939: sched_switch: prev_comm=brcmf_wdog/mmc1 prev_pid=239 prev_prio=120 prev_state=D ==> next_comm=swapper/2 next_pid=0 next_prio=120
          <idle>-0     [002] dnh.  4780.956953: sched_wakeup: comm=brcmf_wdog/mmc1 pid=239 prio=120 target_cpu=002
          <idle>-0     [002] d...  4780.956960: sched_switch: prev_comm=swapper/2 prev_pid=0 prev_prio=120 prev_state=R ==> next_comm=brcmf_wdog/mmc1 next_pid=239 next_prio=120
 brcmf_wdog/mmc1-239   [002] d...  4780.956975: sched_switch: prev_comm=brcmf_wdog/mmc1 prev_pid=239 prev_prio=120 prev_state=D ==> next_comm=swapper/2 next_pid=0 next_prio=120
          <idle>-0     [002] dnh.  4780.956988: sched_wakeup: comm=brcmf_wdog/mmc1 pid=239 prio=120 target_cpu=002
          <idle>-0     [002] d...  4780.956994: sched_switch: prev_comm=swapper/2 prev_pid=0 prev_prio=120 prev_state=R ==> next_comm=brcmf_wdog/mmc1 next_pid=239 next_prio=120
 brcmf_wdog/mmc1-239   [002] d...  4780.957008: sched_switch: prev_comm=brcmf_wdog/mmc1 prev_pid=239 prev_prio=120 prev_state=D ==> next_comm=swapper/2 next_pid=0 next_prio=120
          <idle>-0     [002] dnh.  4780.957020: sched_wakeup: comm=brcmf_wdog/mmc1 pid=239 prio=120 target_cpu=002
          <idle>-0     [002] d...  4780.957027: sched_switch: prev_comm=swapper/2 prev_pid=0 prev_prio=120 prev_state=R ==> next_comm=brcmf_wdog/mmc1 next_pid=239 next_prio=120
 brcmf_wdog/mmc1-239   [002] d...  4780.957037: sched_switch: prev_comm=brcmf_wdog/mmc1 prev_pid=239 prev_prio=120 prev_state=S ==> next_comm=swapper/2 next_pid=0 next_prio=120
          <idle>-0     [000] dns.  4780.966881: sched_wakeup: comm=rcu_sched pid=10 prio=120 target_cpu=000
          <idle>-0     [000] d...  4780.966902: sched_switch: prev_comm=swapper/0 prev_pid=0 prev_prio=120 prev_state=R ==> next_comm=rcu_sched next_pid=10 next_prio=120
       rcu_sched-10    [000] d...  4780.966918: sched_switch: prev_comm=rcu_sched prev_pid=10 prev_prio=120 prev_state=I ==> next_comm=swapper/0 next_pid=0 next_prio=120
          <idle>-0     [002] dnh.  4780.968566: sched_wakeup: comm=irq/86-mmc1 pid=80 prio=49 target_cpu=002
          <idle>-0     [002] d...  4780.968580: sched_switch: prev_comm=swapper/2 prev_pid=0 prev_prio=120 prev_state=R ==> next_comm=irq/86-mmc1 next_pid=80 next_prio=49
     irq/86-mmc1-80    [002] d...  4780.968604: sched_switch: prev_comm=irq/86-mmc1 prev_pid=80 prev_prio=49 prev_state=D ==> next_comm=swapper/2 next_pid=0 next_prio=120
          <idle>-0     [002] dnh.  4780.968612: sched_wakeup: comm=irq/86-mmc1 pid=80 prio=49 target_cpu=002
          <idle>-0     [002] d...  4780.968617: sched_switch: prev_comm=swapper/2 prev_pid=0 prev_prio=120 prev_state=R ==> next_comm=irq/86-mmc1 next_pid=80 next_prio=49
     irq/86-mmc1-80    [002] d...  4780.968643: sched_switch: prev_comm=irq/86-mmc1 prev_pid=80 prev_prio=49 prev_state=D ==> next_comm=swapper/2 next_pid=0 next_prio=120
          <idle>-0     [002] dnh.  4780.968660: sched_wakeup: comm=irq/86-mmc1 pid=80 prio=49 target_cpu=002
          <idle>-0     [002] d...  4780.968670: sched_switch: prev_comm=swapper/2 prev_pid=0 prev_prio=120 prev_state=R ==> next_comm=irq/86-mmc1 next_pid=80 next_prio=49
     irq/86-mmc1-80    [002] d...  4780.968694: sched_switch: prev_comm=irq/86-mmc1 prev_pid=80 prev_prio=49 prev_state=D ==> next_comm=swapper/2 next_pid=0 next_prio=120
          <idle>-0     [002] dnh.  4780.968712: sched_wakeup: comm=irq/86-mmc1 pid=80 prio=49 target_cpu=002
          <idle>-0     [002] d...  4780.968721: sched_switch: prev_comm=swapper/2 prev_pid=0 prev_prio=120 prev_state=R ==> next_comm=irq/86-mmc1 next_pid=80 next_prio=49
     irq/86-mmc1-80    [002] d...  4780.968732: sched_wakeup: comm=kworker/u8:2 pid=1386 prio=120 target_cpu=002
     irq/86-mmc1-80    [002] d...  4780.968747: sched_switch: prev_comm=irq/86-mmc1 prev_pid=80 prev_prio=49 prev_state=S ==> next_comm=kworker/u8:2 next_pid=1386 next_prio=120
    kworker/u8:2-1386  [002] d...  4780.968780: sched_switch: prev_comm=kworker/u8:2 prev_pid=1386 prev_prio=120 prev_state=D ==> next_comm=swapper/2 next_pid=0 next_prio=120
          <idle>-0     [002] dnh.  4780.968797: sched_wakeup: comm=kworker/u8:2 pid=1386 prio=120 target_cpu=002
          <idle>-0     [002] d...  4780.968807: sched_switch: prev_comm=swapper/2 prev_pid=0 prev_prio=120 prev_state=R ==> next_comm=kworker/u8:2 next_pid=1386 next_prio=120
    kworker/u8:2-1386  [002] d...  4780.968819: sched_switch: prev_comm=kworker/u8:2 prev_pid=1386 prev_prio=120 prev_state=D ==> next_comm=swapper/2 next_pid=0 next_prio=120
          <idle>-0     [002] dnh.  4780.971822: sched_wakeup: comm=kworker/u8:2 pid=1386 prio=120 target_cpu=002
          <idle>-0     [002] d...  4780.971834: sched_switch: prev_comm=swapper/2 prev_pid=0 prev_prio=120 prev_state=R ==> next_comm=kworker/u8:2 next_pid=1386 next_prio=120
    kworker/u8:2-1386  [002] d...  4780.971849: sched_switch: prev_comm=kworker/u8:2 prev_pid=1386 prev_prio=120 prev_state=D ==> next_comm=swapper/2 next_pid=0 next_prio=120
          <idle>-0     [002] dnh.  4780.971864: sched_wakeup: comm=kworker/u8:2 pid=1386 prio=120 target_cpu=002
          <idle>-0     [002] d...  4780.971874: sched_switch: prev_comm=swapper/2 prev_pid=0 prev_prio=120 prev_state=R ==> next_comm=kworker/u8:2 next_pid=1386 next_prio=120
    kworker/u8:2-1386  [002] d...  4780.971909: sched_switch: prev_comm=kworker/u8:2 prev_pid=1386 prev_prio=120 prev_state=D ==> next_comm=swapper/2 next_pid=0 next_prio=120
          <idle>-0     [002] dnh.  4780.971925: sched_wakeup: comm=kworker/u8:2 pid=1386 prio=120 target_cpu=002
          <idle>-0     [002] d...  4780.971936: sched_switch: prev_comm=swapper/2 prev_pid=0 prev_prio=120 prev_state=R ==> next_comm=kworker/u8:2 next_pid=1386 next_prio=120
    kworker/u8:2-1386  [002] d...  4780.971965: sched_switch: prev_comm=kworker/u8:2 prev_pid=1386 prev_prio=120 prev_state=D ==> next_comm=swapper/2 next_pid=0 next_prio=120
          <idle>-0     [002] dnh.  4780.971982: sched_wakeup: comm=kworker/u8:2 pid=1386 prio=120 target_cpu=002
          <idle>-0     [002] d...  4780.971992: sched_switch: prev_comm=swapper/2 prev_pid=0 prev_prio=120 prev_state=R ==> next_comm=kworker/u8:2 next_pid=1386 next_prio=120
    kworker/u8:2-1386  [002] d...  4780.972082: sched_switch: prev_comm=kworker/u8:2 prev_pid=1386 prev_prio=120 prev_state=D ==> next_comm=swapper/2 next_pid=0 next_prio=120
          <idle>-0     [002] dnh.  4780.972100: sched_wakeup: comm=kworker/u8:2 pid=1386 prio=120 target_cpu=002
          <idle>-0     [002] d...  4780.972111: sched_switch: prev_comm=swapper/2 prev_pid=0 prev_prio=120 prev_state=R ==> next_comm=kworker/u8:2 next_pid=1386 next_prio=120
    kworker/u8:2-1386  [002] d...  4780.972126: sched_switch: prev_comm=kworker/u8:2 prev_pid=1386 prev_prio=120 prev_state=I ==> next_comm=swapper/2 next_pid=0 next_prio=120
          <idle>-0     [002] dns.  4780.986881: sched_wakeup: comm=brcmf_wdog/mmc1 pid=239 prio=120 target_cpu=002
          <idle>-0     [002] d...  4780.986907: sched_switch: prev_comm=swapper/2 prev_pid=0 prev_prio=120 prev_state=R ==> next_comm=brcmf_wdog/mmc1 next_pid=239 next_prio=120
 brcmf_wdog/mmc1-239   [002] d...  4780.986916: sched_switch: prev_comm=brcmf_wdog/mmc1 prev_pid=239 prev_prio=120 prev_state=S ==> next_comm=swapper/2 next_pid=0 next_prio=120
          <idle>-0     [002] dns.  4781.006881: sched_wakeup: comm=brcmf_wdog/mmc1 pid=239 prio=120 target_cpu=002
          <idle>-0     [002] d...  4781.006903: sched_switch: prev_comm=swapper/2 prev_pid=0 prev_prio=120 prev_state=R ==> next_comm=brcmf_wdog/mmc1 next_pid=239 next_prio=120
 brcmf_wdog/mmc1-239   [002] d...  4781.006937: sched_switch: prev_comm=brcmf_wdog/mmc1 prev_pid=239 prev_prio=120 prev_state=D ==> next_comm=swapper/2 next_pid=0 next_prio=120
          <idle>-0     [002] dnh.  4781.006954: sched_wakeup: comm=brcmf_wdog/mmc1 pid=239 prio=120 target_cpu=002
          <idle>-0     [002] d...  4781.006965: sched_switch: prev_comm=swapper/2 prev_pid=0 prev_prio=120 prev_state=R ==> next_comm=brcmf_wdog/mmc1 next_pid=239 next_prio=120
 brcmf_wdog/mmc1-239   [002] d...  4781.006980: sched_switch: prev_comm=brcmf_wdog/mmc1 prev_pid=239 prev_prio=120 prev_state=D ==> next_comm=swapper/2 next_pid=0 next_prio=120
          <idle>-0     [002] dnh.  4781.006996: sched_wakeup: comm=brcmf_wdog/mmc1 pid=239 prio=120 target_cpu=002
          <idle>-0     [002] d...  4781.007005: sched_switch: prev_comm=swapper/2 prev_pid=0 prev_prio=120 prev_state=R ==> next_comm=brcmf_wdog/mmc1 next_pid=239 next_prio=120
 brcmf_wdog/mmc1-239   [002] d...  4781.007020: sched_switch: prev_comm=brcmf_wdog/mmc1 prev_pid=239 prev_prio=120 prev_state=D ==> next_comm=swapper/2 next_pid=0 next_prio=120
          <idle>-0     [002] dnh.  4781.007035: sched_wakeup: comm=brcmf_wdog/mmc1 pid=239 prio=120 target_cpu=002
          <idle>-0     [002] d...  4781.007045: sched_switch: prev_comm=swapper/2 prev_pid=0 prev_prio=120 prev_state=R ==> next_comm=brcmf_wdog/mmc1 next_pid=239 next_prio=120
 brcmf_wdog/mmc1-239   [002] d...  4781.007056: sched_switch: prev_comm=brcmf_wdog/mmc1 prev_pid=239 prev_prio=120 prev_state=S ==> next_comm=swapper/2 next_pid=0 next_prio=120
          <idle>-0     [000] dnh.  4781.056334: sched_wakeup: comm=rngd pid=362 prio=120 target_cpu=000
          <idle>-0     [000] dnh.  4781.056350: sched_wakeup: comm=kworker/0:1 pid=31 prio=120 target_cpu=000
          <idle>-0     [000] d...  4781.056365: sched_switch: prev_comm=swapper/0 prev_pid=0 prev_prio=120 prev_state=R ==> next_comm=kworker/0:1 next_pid=31 next_prio=120
     kworker/0:1-31    [000] d...  4781.056391: sched_switch: prev_comm=kworker/0:1 prev_pid=31 prev_prio=120 prev_state=I ==> next_comm=rngd next_pid=362 next_prio=120
            rngd-362   [000] d...  4781.056428: sched_switch: prev_comm=rngd prev_pid=362 prev_prio=120 prev_state=S ==> next_comm=swapper/0 next_pid=0 next_prio=120
          <idle>-0     [002] dnh.  4781.151883: sched_wakeup: comm=gmain pid=622 prio=120 target_cpu=002
          <idle>-0     [002] d...  4781.151900: sched_switch: prev_comm=swapper/2 prev_pid=0 prev_prio=120 prev_state=R ==> next_comm=gmain next_pid=622 next_prio=120
           gmain-622   [002] d...  4781.152007: sched_switch: prev_comm=gmain prev_pid=622 prev_prio=120 prev_state=S ==> next_comm=swapper/2 next_pid=0 next_prio=120
          <idle>-0     [002] dnH.  4781.156918: sched_wakeup: comm=kworker/2:2 pid=1413 prio=120 target_cpu=002
          <idle>-0     [002] d...  4781.156933: sched_switch: prev_comm=swapper/2 prev_pid=0 prev_prio=120 prev_state=R ==> next_comm=kworker/2:2 next_pid=1413 next_prio=120
     kworker/2:2-1413  [002] d...  4781.156951: sched_switch: prev_comm=kworker/2:2 prev_pid=1413 prev_prio=120 prev_state=I ==> next_comm=swapper/2 next_pid=0 next_prio=120
          <idle>-0     [000] dnh.  4781.304334: sched_wakeup: comm=rngd pid=362 prio=120 target_cpu=000
          <idle>-0     [000] dnh.  4781.304348: sched_wakeup: comm=kworker/0:1 pid=31 prio=120 target_cpu=000
          <idle>-0     [000] d...  4781.304362: sched_switch: prev_comm=swapper/0 prev_pid=0 prev_prio=120 prev_state=R ==> next_comm=kworker/0:1 next_pid=31 next_prio=120
     kworker/0:1-31    [000] d...  4781.304379: sched_switch: prev_comm=kworker/0:1 prev_pid=31 prev_prio=120 prev_state=I ==> next_comm=rngd next_pid=362 next_prio=120
            rngd-362   [000] d...  4781.304406: sched_switch: prev_comm=rngd prev_pid=362 prev_prio=120 prev_state=S ==> next_comm=swapper/0 next_pid=0 next_prio=120
          <idle>-0     [001] dns.  4781.396924: sched_wakeup: comm=kworker/1:2 pid=1411 prio=120 target_cpu=001
          <idle>-0     [001] d...  4781.396950: sched_switch: prev_comm=swapper/1 prev_pid=0 prev_prio=120 prev_state=R ==> next_comm=kworker/1:2 next_pid=1411 next_prio=120
     kworker/1:2-1411  [001] d.h.  4781.396985: sched_wakeup: comm=kworker/1:2 pid=1411 prio=120 target_cpu=001
     kworker/1:2-1411  [001] d...  4781.397012: sched_switch: prev_comm=kworker/1:2 prev_pid=1411 prev_prio=120 prev_state=D ==> next_comm=swapper/1 next_pid=0 next_prio=120
          <idle>-0     [001] dnh.  4781.397031: sched_wakeup: comm=kworker/1:2 pid=1411 prio=120 target_cpu=001
          <idle>-0     [001] d...  4781.397042: sched_switch: prev_comm=swapper/1 prev_pid=0 prev_prio=120 prev_state=R ==> next_comm=kworker/1:2 next_pid=1411 next_prio=120
     kworker/1:2-1411  [001] d...  4781.397063: sched_switch: prev_comm=kworker/1:2 prev_pid=1411 prev_prio=120 prev_state=I ==> next_comm=swapper/1 next_pid=0 next_prio=120
          <idle>-0     [002] dnH.  4781.456941: sched_wakeup: comm=kworker/2:2 pid=1413 prio=120 target_cpu=002
          <idle>-0     [002] d...  4781.456959: sched_switch: prev_comm=swapper/2 prev_pid=0 prev_prio=120 prev_state=R ==> next_comm=kworker/2:2 next_pid=1413 next_prio=120
     kworker/2:2-1413  [002] d...  4781.456983: sched_switch: prev_comm=kworker/2:2 prev_pid=1413 prev_prio=120 prev_state=I ==> next_comm=swapper/2 next_pid=0 next_prio=120
          <idle>-0     [000] dnh.  4781.509586: sched_wakeup: comm=lxpanel pid=648 prio=120 target_cpu=000
          <idle>-0     [000] d...  4781.509604: sched_switch: prev_comm=swapper/0 prev_pid=0 prev_prio=120 prev_state=R ==> next_comm=lxpanel next_pid=648 next_prio=120
         lxpanel-648   [000] d...  4781.509721: sched_switch: prev_comm=lxpanel prev_pid=648 prev_prio=120 prev_state=S ==> next_comm=swapper/0 next_pid=0 next_prio=120
          <idle>-0     [000] dnh.  4781.544457: sched_wakeup: comm=rngd pid=362 prio=120 target_cpu=000
          <idle>-0     [000] d...  4781.544473: sched_switch: prev_comm=swapper/0 prev_pid=0 prev_prio=120 prev_state=R ==> next_comm=rngd next_pid=362 next_prio=120
            rngd-362   [000] d...  4781.544487: sched_switch: prev_comm=rngd prev_pid=362 prev_prio=120 prev_state=S ==> next_comm=swapper/0 next_pid=0 next_prio=120
          <idle>-0     [002] dnH.  4781.706963: sched_wakeup: comm=kworker/2:2 pid=1413 prio=120 target_cpu=002
          <idle>-0     [002] d...  4781.706981: sched_switch: prev_comm=swapper/2 prev_pid=0 prev_prio=120 prev_state=R ==> next_comm=kworker/2:2 next_pid=1413 next_prio=120
     kworker/2:2-1413  [002] d...  4781.707006: sched_switch: prev_comm=kworker/2:2 prev_pid=1413 prev_prio=120 prev_state=I ==> next_comm=swapper/2 next_pid=0 next_prio=120
          <idle>-0     [000] dnh.  4781.792457: sched_wakeup: comm=rngd pid=362 prio=120 target_cpu=000
          <idle>-0     [000] d...  4781.792472: sched_switch: prev_comm=swapper/0 prev_pid=0 prev_prio=120 prev_state=R ==> next_comm=rngd next_pid=362 next_prio=120
            rngd-362   [000] d...  4781.792493: sched_switch: prev_comm=rngd prev_pid=362 prev_prio=120 prev_state=S ==> next_comm=swapper/0 next_pid=0 next_prio=120
          <idle>-0     [002] dns.  4781.956978: sched_wakeup: comm=kworker/2:2 pid=1413 prio=120 target_cpu=002
          <idle>-0     [002] d...  4781.957006: sched_switch: prev_comm=swapper/2 prev_pid=0 prev_prio=120 prev_state=R ==> next_comm=kworker/2:2 next_pid=1413 next_prio=120
     kworker/2:2-1413  [002] d...  4781.957040: sched_wakeup: comm=ksoftirqd/2 pid=21 prio=120 target_cpu=002
     kworker/2:2-1413  [002] d...  4781.957054: sched_wakeup: comm=kworker/2:0 pid=1391 prio=120 target_cpu=002
     kworker/2:2-1413  [002] d...  4781.957059: sched_switch: prev_comm=kworker/2:2 prev_pid=1413 prev_prio=120 prev_state=D ==> next_comm=kworker/2:0 next_pid=1391 next_prio=120
     kworker/2:0-1391  [002] d...  4781.957081: sched_switch: prev_comm=kworker/2:0 prev_pid=1391 prev_prio=120 prev_state=I ==> next_comm=ksoftirqd/2 next_pid=21 next_prio=120
     ksoftirqd/2-21    [002] d.s.  4781.957098: sched_wakeup: comm=kworker/2:0 pid=1391 prio=120 target_cpu=002
     ksoftirqd/2-21    [002] d.s.  4781.957105: sched_wakeup: comm=kworker/2:2 pid=1413 prio=120 target_cpu=002
     ksoftirqd/2-21    [002] d...  4781.957114: sched_switch: prev_comm=ksoftirqd/2 prev_pid=21 prev_prio=120 prev_state=S ==> next_comm=kworker/2:0 next_pid=1391 next_prio=120
     kworker/2:0-1391  [002] d...  4781.957122: sched_switch: prev_comm=kworker/2:0 prev_pid=1391 prev_prio=120 prev_state=I ==> next_comm=kworker/2:2 next_pid=1413 next_prio=120
     kworker/2:2-1413  [002] d...  4781.957151: sched_switch: prev_comm=kworker/2:2 prev_pid=1413 prev_prio=120 prev_state=I ==> next_comm=swapper/2 next_pid=0 next_prio=120
          <idle>-0     [000] dnh.  4782.040456: sched_wakeup: comm=rngd pid=362 prio=120 target_cpu=000
          <idle>-0     [000] d...  4782.040472: sched_switch: prev_comm=swapper/0 prev_pid=0 prev_prio=120 prev_state=R ==> next_comm=rngd next_pid=362 next_prio=120
            rngd-362   [000] d...  4782.040493: sched_switch: prev_comm=rngd prev_pid=362 prev_prio=120 prev_state=S ==> next_comm=swapper/0 next_pid=0 next_prio=120
          <idle>-0     [000] dnh.  4782.110361: sched_wakeup: comm=lxpanel pid=648 prio=120 target_cpu=000
          <idle>-0     [000] dnh.  4782.110374: sched_wakeup: comm=kworker/0:1 pid=31 prio=120 target_cpu=000
          <idle>-0     [000] d...  4782.110388: sched_switch: prev_comm=swapper/0 prev_pid=0 prev_prio=120 prev_state=R ==> next_comm=kworker/0:1 next_pid=31 next_prio=120
     kworker/0:1-31    [000] d...  4782.110406: sched_switch: prev_comm=kworker/0:1 prev_pid=31 prev_prio=120 prev_state=I ==> next_comm=lxpanel next_pid=648 next_prio=120
         lxpanel-648   [000] d...  4782.110472: sched_switch: prev_comm=lxpanel prev_pid=648 prev_prio=120 prev_state=S ==> next_comm=swapper/0 next_pid=0 next_prio=120
          <idle>-0     [002] dnh.  4782.117000: sched_wakeup: comm=kworker/u8:2 pid=1386 prio=120 target_cpu=002
          <idle>-0     [000] dns.  4782.117005: sched_wakeup: comm=kworker/0:1 pid=31 prio=120 target_cpu=000
          <idle>-0     [002] d...  4782.117014: sched_switch: prev_comm=swapper/2 prev_pid=0 prev_prio=120 prev_state=R ==> next_comm=kworker/u8:2 next_pid=1386 next_prio=120
          <idle>-0     [000] d...  4782.117026: sched_switch: prev_comm=swapper/0 prev_pid=0 prev_prio=120 prev_state=R ==> next_comm=kworker/0:1 next_pid=31 next_prio=120
          <idle>-0     [001] dnh.  4782.117052: sched_wakeup: comm=kworker/1:2 pid=1411 prio=120 target_cpu=001
    kworker/u8:2-1386  [002] d...  4782.117055: sched_switch: prev_comm=kworker/u8:2 prev_pid=1386 prev_prio=120 prev_state=I ==> next_comm=swapper/2 next_pid=0 next_prio=120
     kworker/0:1-31    [000] d...  4782.117056: sched_switch: prev_comm=kworker/0:1 prev_pid=31 prev_prio=120 prev_state=I ==> next_comm=swapper/0 next_pid=0 next_prio=120
          <idle>-0     [001] d...  4782.117066: sched_switch: prev_comm=swapper/1 prev_pid=0 prev_prio=120 prev_state=R ==> next_comm=kworker/1:2 next_pid=1411 next_prio=120
     kworker/1:2-1411  [001] d...  4782.117082: sched_switch: prev_comm=kworker/1:2 prev_pid=1411 prev_prio=120 prev_state=I ==> next_comm=swapper/1 next_pid=0 next_prio=120
          <idle>-0     [000] dnh.  4782.288457: sched_wakeup: comm=rngd pid=362 prio=120 target_cpu=000
          <idle>-0     [000] dnh.  4782.288470: sched_wakeup: comm=kworker/0:1 pid=31 prio=120 target_cpu=000
          <idle>-0     [000] d...  4782.288484: sched_switch: prev_comm=swapper/0 prev_pid=0 prev_prio=120 prev_state=R ==> next_comm=kworker/0:1 next_pid=31 next_prio=120
     kworker/0:1-31    [000] d...  4782.288501: sched_switch: prev_comm=kworker/0:1 prev_pid=31 prev_prio=120 prev_state=I ==> next_comm=rngd next_pid=362 next_prio=120
            rngd-362   [000] d...  4782.288526: sched_switch: prev_comm=rngd prev_pid=362 prev_prio=120 prev_state=S ==> next_comm=swapper/0 next_pid=0 next_prio=120
          <idle>-0     [002] dnh.  4782.383235: sched_wakeup: comm=thd pid=350 prio=120 target_cpu=002
          <idle>-0     [002] d...  4782.383252: sched_switch: prev_comm=swapper/2 prev_pid=0 prev_prio=120 prev_state=R ==> next_comm=thd next_pid=350 next_prio=120
             thd-350   [002] d...  4782.383298: sched_switch: prev_comm=thd prev_pid=350 prev_prio=120 prev_state=S ==> next_comm=swapper/2 next_pid=0 next_prio=120
          <idle>-0     [002] dns.  4782.437027: sched_wakeup: comm=kworker/2:2 pid=1413 prio=120 target_cpu=002
          <idle>-0     [002] d...  4782.437054: sched_switch: prev_comm=swapper/2 prev_pid=0 prev_prio=120 prev_state=R ==> next_comm=kworker/2:2 next_pid=1413 next_prio=120
     kworker/2:2-1413  [002] d...  4782.437100: sched_wakeup: comm=kworker/2:0 pid=1391 prio=120 target_cpu=002
     kworker/2:2-1413  [002] d...  4782.437105: sched_switch: prev_comm=kworker/2:2 prev_pid=1413 prev_prio=120 prev_state=D ==> next_comm=kworker/2:0 next_pid=1391 next_prio=120
     kworker/2:0-1391  [002] d...  4782.437125: sched_switch: prev_comm=kworker/2:0 prev_pid=1391 prev_prio=120 prev_state=I ==> next_comm=swapper/2 next_pid=0 next_prio=120
          <idle>-0     [002] dnh.  4782.437158: sched_wakeup: comm=kworker/2:2 pid=1413 prio=120 target_cpu=002
          <idle>-0     [002] d...  4782.437169: sched_switch: prev_comm=swapper/2 prev_pid=0 prev_prio=120 prev_state=R ==> next_comm=kworker/2:2 next_pid=1413 next_prio=120
     kworker/2:2-1413  [002] d...  4782.437201: sched_switch: prev_comm=kworker/2:2 prev_pid=1413 prev_prio=120 prev_state=D ==> next_comm=swapper/2 next_pid=0 next_prio=120
          <idle>-0     [002] dnh.  4782.437250: sched_wakeup: comm=kworker/2:2 pid=1413 prio=120 target_cpu=002
          <idle>-0     [002] d...  4782.437261: sched_switch: prev_comm=swapper/2 prev_pid=0 prev_prio=120 prev_state=R ==> next_comm=kworker/2:2 next_pid=1413 next_prio=120
     kworker/2:2-1413  [002] d...  4782.437286: sched_switch: prev_comm=kworker/2:2 prev_pid=1413 prev_prio=120 prev_state=D ==> next_comm=swapper/2 next_pid=0 next_prio=120
          <idle>-0     [002] dnh.  4782.437339: sched_wakeup: comm=kworker/2:2 pid=1413 prio=120 target_cpu=002
          <idle>-0     [002] d...  4782.437350: sched_switch: prev_comm=swapper/2 prev_pid=0 prev_prio=120 prev_state=R ==> next_comm=kworker/2:2 next_pid=1413 next_prio=120
     kworker/2:2-1413  [002] d...  4782.437374: sched_switch: prev_comm=kworker/2:2 prev_pid=1413 prev_prio=120 prev_state=D ==> next_comm=swapper/2 next_pid=0 next_prio=120
          <idle>-0     [002] dnh.  4782.437421: sched_wakeup: comm=kworker/2:2 pid=1413 prio=120 target_cpu=002
          <idle>-0     [002] d...  4782.437432: sched_switch: prev_comm=swapper/2 prev_pid=0 prev_prio=120 prev_state=R ==> next_comm=kworker/2:2 next_pid=1413 next_prio=120
     kworker/2:2-1413  [002] d...  4782.437446: sched_switch: prev_comm=kworker/2:2 prev_pid=1413 prev_prio=120 prev_state=I ==> next_comm=swapper/2 next_pid=0 next_prio=120
          <idle>-0     [000] dnh.  4782.488457: sched_wakeup: comm=rngd pid=362 prio=120 target_cpu=000
          <idle>-0     [000] d...  4782.488474: sched_switch: prev_comm=swapper/0 prev_pid=0 prev_prio=120 prev_state=R ==> next_comm=rngd next_pid=362 next_prio=120
            rngd-362   [000] d...  4782.488496: sched_switch: prev_comm=rngd prev_pid=362 prev_prio=120 prev_state=S ==> next_comm=swapper/0 next_pid=0 next_prio=120
          <idle>-0     [002] dnH.  4782.707062: sched_wakeup: comm=kworker/2:2 pid=1413 prio=120 target_cpu=002
          <idle>-0     [002] d...  4782.707080: sched_switch: prev_comm=swapper/2 prev_pid=0 prev_prio=120 prev_state=R ==> next_comm=kworker/2:2 next_pid=1413 next_prio=120
     kworker/2:2-1413  [002] d...  4782.707105: sched_switch: prev_comm=kworker/2:2 prev_pid=1413 prev_prio=120 prev_state=I ==> next_comm=swapper/2 next_pid=0 next_prio=120
          <idle>-0     [000] dnh.  4782.711096: sched_wakeup: comm=lxpanel pid=648 prio=120 target_cpu=000
          <idle>-0     [000] d...  4782.711112: sched_switch: prev_comm=swapper/0 prev_pid=0 prev_prio=120 prev_state=R ==> next_comm=lxpanel next_pid=648 next_prio=120
         lxpanel-648   [000] d...  4782.711168: sched_switch: prev_comm=lxpanel prev_pid=648 prev_prio=120 prev_state=S ==> next_comm=swapper/0 next_pid=0 next_prio=120
          <idle>-0     [000] dnh.  4782.736456: sched_wakeup: comm=rngd pid=362 prio=120 target_cpu=000
          <idle>-0     [000] d...  4782.736472: sched_switch: prev_comm=swapper/0 prev_pid=0 prev_prio=120 prev_state=R ==> next_comm=rngd next_pid=362 next_prio=120
            rngd-362   [000] d...  4782.736485: sched_switch: prev_comm=rngd prev_pid=362 prev_prio=120 prev_state=S ==> next_comm=swapper/0 next_pid=0 next_prio=120
          <idle>-0     [002] dnh.  4782.767177: sched_wakeup: comm=wpa_supplicant pid=487 prio=120 target_cpu=002
          <idle>-0     [002] d...  4782.767192: sched_switch: prev_comm=swapper/2 prev_pid=0 prev_prio=120 prev_state=R ==> next_comm=wpa_supplicant next_pid=487 next_prio=120
  wpa_supplicant-487   [002] d...  4782.767306: sched_switch: prev_comm=wpa_supplicant prev_pid=487 prev_prio=120 prev_state=S ==> next_comm=swapper/2 next_pid=0 next_prio=120
          <idle>-0     [002] dnH.  4782.957089: sched_wakeup: comm=kworker/2:2 pid=1413 prio=120 target_cpu=002
          <idle>-0     [002] d...  4782.957107: sched_switch: prev_comm=swapper/2 prev_pid=0 prev_prio=120 prev_state=R ==> next_comm=kworker/2:2 next_pid=1413 next_prio=120
     kworker/2:2-1413  [002] d...  4782.957128: sched_switch: prev_comm=kworker/2:2 prev_pid=1413 prev_prio=120 prev_state=I ==> next_comm=swapper/2 next_pid=0 next_prio=120
          <idle>-0     [000] dnh.  4782.984456: sched_wakeup: comm=rngd pid=362 prio=120 target_cpu=000
          <idle>-0     [000] d...  4782.984472: sched_switch: prev_comm=swapper/0 prev_pid=0 prev_prio=120 prev_state=R ==> next_comm=rngd next_pid=362 next_prio=120
            rngd-362   [000] d...  4782.984484: sched_switch: prev_comm=rngd prev_pid=362 prev_prio=120 prev_state=S ==> next_comm=swapper/0 next_pid=0 next_prio=120
          <idle>-0     [002] dns.  4782.997079: sched_wakeup: comm=kworker/2:2 pid=1413 prio=120 target_cpu=002
          <idle>-0     [002] d...  4782.997102: sched_switch: prev_comm=swapper/2 prev_pid=0 prev_prio=120 prev_state=R ==> next_comm=kworker/2:2 next_pid=1413 next_prio=120
     kworker/2:2-1413  [002] d...  4782.997127: sched_wakeup: comm=ksoftirqd/2 pid=21 prio=120 target_cpu=002
     kworker/2:2-1413  [002] d...  4782.997139: sched_wakeup: comm=kworker/2:0 pid=1391 prio=120 target_cpu=002
     kworker/2:2-1413  [002] d...  4782.997144: sched_switch: prev_comm=kworker/2:2 prev_pid=1413 prev_prio=120 prev_state=D ==> next_comm=ksoftirqd/2 next_pid=21 next_prio=120
     ksoftirqd/2-21    [002] d.s.  4782.997157: sched_wakeup: comm=kworker/2:2 pid=1413 prio=120 target_cpu=002
